Initialized native services in: /home/runner/.gradle/native
Initialized jansi services in: /home/runner/.gradle/native
The client will now receive all logging from the daemon (pid: 2457). The daemon log file: /home/runner/.gradle/daemon/8.11.1/daemon-2457.out.log
Starting 2nd build in daemon [uptime: 12.197 secs, performance: 99%, GC rate: 0.00/s, heap usage: 0% of 2 GiB]
Using 4 worker leases.
Now considering [/home/runner/work/beltflow/beltflow] as hierarchies to watch
Watching the file system is configured to be enabled if available
File system watching is active
Starting Build
Settings evaluated using settings file '/home/runner/work/beltflow/beltflow/settings.gradle.kts'.
Projects loaded. Root project using build file '/home/runner/work/beltflow/beltflow/build.gradle.kts'.
Included projects: [root project 'BeltFlow', project ':app']

> Configure project :
Evaluating root project 'BeltFlow' using build file '/home/runner/work/beltflow/beltflow/build.gradle.kts'.
Transforming gradle-8.8.0.jar (com.android.tools.build:gradle:8.8.0) with InstrumentationAnalysisTransform
Transforming gradle-settings-api-8.8.0.jar (com.android.tools.build:gradle-settings-api:8.8.0) with InstrumentationAnalysisTransform
Transforming lint-model-31.8.0.jar (com.android.tools.lint:lint-model:31.8.0) with InstrumentationAnalysisTransform
Transforming builder-8.8.0.jar (com.android.tools.build:builder:8.8.0) with InstrumentationAnalysisTransform
Transforming manifest-merger-31.8.0.jar (com.android.tools.build:manifest-merger:31.8.0) with InstrumentationAnalysisTransform
Transforming sdk-common-31.8.0.jar (com.android.tools:sdk-common:31.8.0) with InstrumentationAnalysisTransform
Transforming sdklib-31.8.0.jar (com.android.tools:sdklib:31.8.0) with InstrumentationAnalysisTransform
Transforming repository-31.8.0.jar (com.android.tools:repository:31.8.0) with InstrumentationAnalysisTransform
Transforming aaptcompiler-8.8.0.jar (com.android.tools.build:aaptcompiler:8.8.0) with InstrumentationAnalysisTransform
Transforming tracker-31.8.0.jar (com.android.tools.analytics-library:tracker:31.8.0) with InstrumentationAnalysisTransform
Transforming shared-31.8.0.jar (com.android.tools.analytics-library:shared:31.8.0) with InstrumentationAnalysisTransform
Transforming databinding-compiler-common-8.8.0.jar (androidx.databinding:databinding-compiler-common:8.8.0) with InstrumentationAnalysisTransform
Transforming android-test-plugin-host-emulator-control-proto-31.8.0.jar (com.android.tools.utp:android-test-plugin-host-emulator-control-proto:31.8.0) with InstrumentationAnalysisTransform
Transforming android-test-plugin-host-retention-proto-31.8.0.jar (com.android.tools.utp:android-test-plugin-host-retention-proto:31.8.0) with InstrumentationAnalysisTransform
Transforming builder-model-8.8.0.jar (com.android.tools.build:builder-model:8.8.0) with InstrumentationAnalysisTransform
Transforming gradle-api-8.8.0.jar (com.android.tools.build:gradle-api:8.8.0) with InstrumentationAnalysisTransform
Transforming builder-test-api-8.8.0.jar (com.android.tools.build:builder-test-api:8.8.0) with InstrumentationAnalysisTransform
Transforming ddmlib-31.8.0.jar (com.android.tools.ddms:ddmlib:31.8.0) with InstrumentationAnalysisTransform
Transforming layoutlib-api-31.8.0.jar (com.android.tools.layoutlib:layoutlib-api:31.8.0) with InstrumentationAnalysisTransform
Transforming dvlib-31.8.0.jar (com.android.tools:dvlib:31.8.0) with InstrumentationAnalysisTransform
Transforming common-31.8.0.jar (com.android.tools:common:31.8.0) with InstrumentationAnalysisTransform
Transforming kotlin-stdlib-jdk8-2.0.21.jar (org.jetbrains.kotlin:kotlin-stdlib-jdk8:2.0.21) with InstrumentationAnalysisTransform
Transforming jetifier-processor-1.0.0-beta10.jar (com.android.tools.build.jetifier:jetifier-processor:1.0.0-beta10) with InstrumentationAnalysisTransform
Transforming jetifier-core-1.0.0-beta10.jar (com.android.tools.build.jetifier:jetifier-core:1.0.0-beta10) with InstrumentationAnalysisTransform
Transforming symbol-processing-gradle-plugin-2.1.10-1.0.30.jar (com.google.devtools.ksp:symbol-processing-gradle-plugin:2.1.10-1.0.30) with InstrumentationAnalysisTransform
Transforming symbol-processing-api-2.1.10-1.0.30.jar (com.google.devtools.ksp:symbol-processing-api:2.1.10-1.0.30) with InstrumentationAnalysisTransform
Transforming symbol-processing-common-deps-2.1.10-1.0.30.jar (com.google.devtools.ksp:symbol-processing-common-deps:2.1.10-1.0.30) with InstrumentationAnalysisTransform
Transforming kotlin-reflect-2.0.20.jar (org.jetbrains.kotlin:kotlin-reflect:2.0.20) with InstrumentationAnalysisTransform
Transforming kotlin-stdlib-jdk7-2.0.21.jar (org.jetbrains.kotlin:kotlin-stdlib-jdk7:2.0.21) with InstrumentationAnalysisTransform
Transforming kotlin-stdlib-2.0.20.jar (org.jetbrains.kotlin:kotlin-stdlib:2.0.20) with InstrumentationAnalysisTransform
Transforming annotations-13.0.jar (org.jetbrains:annotations:13.0) with InstrumentationAnalysisTransform
Transforming kotlin-serialization-2.1.10-gradle85.jar (org.jetbrains.kotlin:kotlin-serialization:2.1.10) with InstrumentationAnalysisTransform
Transforming kotlin-gradle-plugin-model-2.1.10.jar (org.jetbrains.kotlin:kotlin-gradle-plugin-model:2.1.10) with InstrumentationAnalysisTransform
Transforming kotlin-gradle-plugin-api-2.1.10.jar (org.jetbrains.kotlin:kotlin-gradle-plugin-api:2.1.10) with InstrumentationAnalysisTransform
Transforming kotlin-gradle-plugin-api-2.1.10-gradle85.jar (org.jetbrains.kotlin:kotlin-gradle-plugin-api:2.1.10) with InstrumentationAnalysisTransform
Transforming compose-compiler-gradle-plugin-2.1.10-gradle85.jar (org.jetbrains.kotlin:compose-compiler-gradle-plugin:2.1.10) with InstrumentationAnalysisTransform
Transforming kotlin-gradle-plugin-2.1.10-gradle85.jar (org.jetbrains.kotlin:kotlin-gradle-plugin:2.1.10) with InstrumentationAnalysisTransform
Transforming bundletool-1.17.2.jar (com.android.tools.build:bundletool:1.17.2) with InstrumentationAnalysisTransform
Transforming aapt2-proto-8.8.0-12006047.jar (com.android.tools.build:aapt2-proto:8.8.0-12006047) with InstrumentationAnalysisTransform
Transforming crash-31.8.0.jar (com.android.tools.analytics-library:crash:31.8.0) with InstrumentationAnalysisTransform
Transforming lint-typedef-remover-31.8.0.jar (com.android.tools.lint:lint-typedef-remover:31.8.0) with InstrumentationAnalysisTransform
Transforming databinding-common-8.8.0.jar (androidx.databinding:databinding-common:8.8.0) with InstrumentationAnalysisTransform
Transforming baseLibrary-8.8.0.jar (com.android.databinding:baseLibrary:8.8.0) with InstrumentationAnalysisTransform
Transforming android-device-provider-ddmlib-proto-31.8.0.jar (com.android.tools.utp:android-device-provider-ddmlib-proto:31.8.0) with InstrumentationAnalysisTransform
Transforming android-device-provider-gradle-proto-31.8.0.jar (com.android.tools.utp:android-device-provider-gradle-proto:31.8.0) with InstrumentationAnalysisTransform
Transforming android-device-provider-profile-proto-31.8.0.jar (com.android.tools.utp:android-device-provider-profile-proto:31.8.0) with InstrumentationAnalysisTransform
Transforming android-test-plugin-host-additional-test-output-proto-31.8.0.jar (com.android.tools.utp:android-test-plugin-host-additional-test-output-proto:31.8.0) with InstrumentationAnalysisTransform
Transforming android-test-plugin-host-coverage-proto-31.8.0.jar (com.android.tools.utp:android-test-plugin-host-coverage-proto:31.8.0) with InstrumentationAnalysisTransform
Transforming android-test-plugin-host-logcat-proto-31.8.0.jar (com.android.tools.utp:android-test-plugin-host-logcat-proto:31.8.0) with InstrumentationAnalysisTransform
Transforming android-test-plugin-host-apk-installer-proto-31.8.0.jar (com.android.tools.utp:android-test-plugin-host-apk-installer-proto:31.8.0) with InstrumentationAnalysisTransform
Transforming android-test-plugin-result-listener-gradle-proto-31.8.0.jar (com.android.tools.utp:android-test-plugin-result-listener-gradle-proto:31.8.0) with InstrumentationAnalysisTransform
Transforming transform-api-2.0.0-deprecated-use-gradle-api.jar (com.android.tools.build:transform-api:2.0.0-deprecated-use-gradle-api) with InstrumentationAnalysisTransform
Transforming httpmime-4.5.6.jar (org.apache.httpcomponents:httpmime:4.5.6) with InstrumentationAnalysisTransform
Transforming commons-io-2.13.0.jar (commons-io:commons-io:2.13.0) with InstrumentationAnalysisTransform
Transforming asm-commons-9.7.jar (org.ow2.asm:asm-commons:9.7) with InstrumentationAnalysisTransform
Transforming asm-util-9.7.jar (org.ow2.asm:asm-util:9.7) with InstrumentationAnalysisTransform
Transforming asm-analysis-9.7.jar (org.ow2.asm:asm-analysis:9.7) with InstrumentationAnalysisTransform
Transforming asm-tree-9.7.jar (org.ow2.asm:asm-tree:9.7) with InstrumentationAnalysisTransform
Transforming asm-9.7.jar (org.ow2.asm:asm:9.7) with InstrumentationAnalysisTransform
Transforming apkzlib-8.8.0.jar (com.android.tools.build:apkzlib:8.8.0) with InstrumentationAnalysisTransform
Transforming bcpkix-jdk18on-1.77.jar (org.bouncycastle:bcpkix-jdk18on:1.77) with InstrumentationAnalysisTransform
Transforming jaxb-runtime-2.3.2.jar (org.glassfish.jaxb:jaxb-runtime:2.3.2) with InstrumentationAnalysisTransform
Transforming jopt-simple-4.9.jar (net.sf.jopt-simple:jopt-simple:4.9) with InstrumentationAnalysisTransform
Transforming javapoet-1.10.0.jar (com.squareup:javapoet:1.10.0) with InstrumentationAnalysisTransform
Transforming protobuf-java-util-3.22.3.jar (com.google.protobuf:protobuf-java-util:3.22.3) with InstrumentationAnalysisTransform
Transforming grpc-protobuf-1.57.0.jar (io.grpc:grpc-protobuf:1.57.0) with InstrumentationAnalysisTransform
Transforming tink-1.7.0.jar (com.google.crypto.tink:tink:1.7.0) with InstrumentationAnalysisTransform
Transforming protos-31.8.0.jar (com.android.tools.analytics-library:protos:31.8.0) with InstrumentationAnalysisTransform
Transforming proto-google-common-protos-2.17.0.jar (com.google.api.grpc:proto-google-common-protos:2.17.0) with InstrumentationAnalysisTransform
Transforming protobuf-java-3.22.3.jar (com.google.protobuf:protobuf-java:3.22.3) with InstrumentationAnalysisTransform
Transforming grpc-netty-1.57.0.jar (io.grpc:grpc-netty:1.57.0) with InstrumentationAnalysisTransform
Transforming grpc-core-1.57.0.jar (io.grpc:grpc-core:1.57.0) with InstrumentationAnalysisTransform
Transforming kotlin-build-statistics-2.1.10.jar (org.jetbrains.kotlin:kotlin-build-statistics:2.1.10) with InstrumentationAnalysisTransform
Transforming gson-2.10.1.jar (com.google.code.gson:gson:2.10.1) with InstrumentationAnalysisTransform
Transforming grpc-stub-1.57.0.jar (io.grpc:grpc-stub:1.57.0) with InstrumentationAnalysisTransform
Transforming core-proto-0.0.9-alpha02.jar (com.google.testing.platform:core-proto:0.0.9-alpha02) with InstrumentationAnalysisTransform
Transforming tensorflow-lite-metadata-0.1.0-rc2.jar (org.tensorflow:tensorflow-lite-metadata:0.1.0-rc2) with InstrumentationAnalysisTransform
Transforming flatbuffers-java-1.12.0.jar (com.google.flatbuffers:flatbuffers-java:1.12.0) with InstrumentationAnalysisTransform
Transforming kotlin-gradle-plugin-idea-proto-2.1.10.jar (org.jetbrains.kotlin:kotlin-gradle-plugin-idea-proto:2.1.10) with InstrumentationAnalysisTransform
Transforming kotlin-gradle-plugin-idea-2.1.10.jar (org.jetbrains.kotlin:kotlin-gradle-plugin-idea:2.1.10) with InstrumentationAnalysisTransform
Transforming kotlin-klib-commonizer-api-2.1.10.jar (org.jetbrains.kotlin:kotlin-klib-commonizer-api:2.1.10) with InstrumentationAnalysisTransform
Transforming kotlin-util-klib-metadata-2.1.10.jar (org.jetbrains.kotlin:kotlin-util-klib-metadata:2.1.10) with InstrumentationAnalysisTransform
Transforming kotlin-compiler-runner-2.1.10.jar (org.jetbrains.kotlin:kotlin-compiler-runner:2.1.10) with InstrumentationAnalysisTransform
Transforming jimfs-1.1.jar (com.google.jimfs:jimfs:1.1) with InstrumentationAnalysisTransform
Transforming grpc-context-1.57.0.jar (io.grpc:grpc-context:1.57.0) with InstrumentationAnalysisTransform
Transforming grpc-protobuf-lite-1.57.0.jar (io.grpc:grpc-protobuf-lite:1.57.0) with InstrumentationAnalysisTransform
Transforming grpc-api-1.57.0.jar (io.grpc:grpc-api:1.57.0) with InstrumentationAnalysisTransform
Transforming guava-32.0.1-jre.jar (com.google.guava:guava:32.0.1-jre) with InstrumentationAnalysisTransform
Transforming dagger-2.28.3.jar (com.google.dagger:dagger:2.28.3) with InstrumentationAnalysisTransform
Transforming javax.inject-1.jar (javax.inject:javax.inject:1) with InstrumentationAnalysisTransform
Transforming kxml2-2.3.0.jar (net.sf.kxml:kxml2:2.3.0) with InstrumentationAnalysisTransform
Transforming bcutil-jdk18on-1.77.jar (org.bouncycastle:bcutil-jdk18on:1.77) with InstrumentationAnalysisTransform
Transforming bcprov-jdk18on-1.77.jar (org.bouncycastle:bcprov-jdk18on:1.77) with InstrumentationAnalysisTransform
Transforming commons-compress-1.21.jar (org.apache.commons:commons-compress:1.21) with InstrumentationAnalysisTransform
Transforming httpclient-4.5.14.jar (org.apache.httpcomponents:httpclient:4.5.14) with InstrumentationAnalysisTransform
Transforming httpcore-4.4.16.jar (org.apache.httpcomponents:httpcore:4.4.16) with InstrumentationAnalysisTransform
Transforming javax.activation-1.2.0.jar (com.sun.activation:javax.activation:1.2.0) with InstrumentationAnalysisTransform
Transforming signflinger-8.8.0.jar (com.android:signflinger:8.8.0) with InstrumentationAnalysisTransform
Transforming zipflinger-8.8.0.jar (com.android:zipflinger:8.8.0) with InstrumentationAnalysisTransform
Transforming annotations-31.8.0.jar (com.android.tools:annotations:31.8.0) with InstrumentationAnalysisTransform
Transforming jna-platform-5.6.0.jar (net.java.dev.jna:jna-platform:5.6.0) with InstrumentationAnalysisTransform
Transforming juniversalchardet-1.0.3.jar (com.googlecode.juniversalchardet:juniversalchardet:1.0.3) with InstrumentationAnalysisTransform
Transforming javax.annotation-api-1.3.2.jar (javax.annotation:javax.annotation-api:1.3.2) with InstrumentationAnalysisTransform
Transforming stax-ex-1.8.1.jar (org.jvnet.staxex:stax-ex:1.8.1) with InstrumentationAnalysisTransform
Transforming jakarta.xml.bind-api-2.3.2.jar (jakarta.xml.bind:jakarta.xml.bind-api:2.3.2) with InstrumentationAnalysisTransform
Transforming txw2-2.3.2.jar (org.glassfish.jaxb:txw2:2.3.2) with InstrumentationAnalysisTransform
Transforming istack-commons-runtime-3.0.8.jar (com.sun.istack:istack-commons-runtime:3.0.8) with InstrumentationAnalysisTransform
Transforming FastInfoset-1.2.16.jar (com.sun.xml.fastinfoset:FastInfoset:1.2.16) with InstrumentationAnalysisTransform
Transforming jakarta.activation-api-1.2.1.jar (jakarta.activation:jakarta.activation-api:1.2.1) with InstrumentationAnalysisTransform
Transforming auto-value-annotations-1.6.2.jar (com.google.auto.value:auto-value-annotations:1.6.2) with InstrumentationAnalysisTransform
Transforming error_prone_annotations-2.18.0.jar (com.google.errorprone:error_prone_annotations:2.18.0) with InstrumentationAnalysisTransform
Transforming jose4j-0.9.5.jar (org.bitbucket.b_c:jose4j:0.9.5) with InstrumentationAnalysisTransform
Transforming slf4j-api-1.7.30.jar (org.slf4j:slf4j-api:1.7.30) with InstrumentationAnalysisTransform
Transforming jdom2-2.0.6.jar (org.jdom:jdom2:2.0.6) with InstrumentationAnalysisTransform
Transforming jsr305-3.0.2.jar (com.google.code.findbugs:jsr305:3.0.2) with InstrumentationAnalysisTransform
Transforming j2objc-annotations-2.8.jar (com.google.j2objc:j2objc-annotations:2.8) with InstrumentationAnalysisTransform
Transforming annotations-4.1.1.4.jar (com.google.android:annotations:4.1.1.4) with InstrumentationAnalysisTransform
Transforming animal-sniffer-annotations-1.23.jar (org.codehaus.mojo:animal-sniffer-annotations:1.23) with InstrumentationAnalysisTransform
Transforming perfmark-api-0.26.0.jar (io.perfmark:perfmark-api:0.26.0) with InstrumentationAnalysisTransform
Transforming netty-codec-http2-4.1.93.Final.jar (io.netty:netty-codec-http2:4.1.93.Final) with InstrumentationAnalysisTransform
Transforming netty-handler-proxy-4.1.93.Final.jar (io.netty:netty-handler-proxy:4.1.93.Final) with InstrumentationAnalysisTransform
Transforming netty-codec-http-4.1.93.Final.jar (io.netty:netty-codec-http:4.1.93.Final) with InstrumentationAnalysisTransform
Transforming netty-handler-4.1.93.Final.jar (io.netty:netty-handler:4.1.93.Final) with InstrumentationAnalysisTransform
Transforming netty-transport-native-unix-common-4.1.93.Final.jar (io.netty:netty-transport-native-unix-common:4.1.93.Final) with InstrumentationAnalysisTransform
Transforming checker-qual-3.33.0.jar (org.checkerframework:checker-qual:3.33.0) with InstrumentationAnalysisTransform
Transforming commons-codec-1.11.jar (commons-codec:commons-codec:1.11) with InstrumentationAnalysisTransform
Transforming apksig-8.8.0.jar (com.android.tools.build:apksig:8.8.0) with InstrumentationAnalysisTransform
Transforming javawriter-2.5.0.jar (com.squareup:javawriter:2.5.0) with InstrumentationAnalysisTransform
Transforming kotlin-gradle-plugin-annotations-2.1.10.jar (org.jetbrains.kotlin:kotlin-gradle-plugin-annotations:2.1.10) with InstrumentationAnalysisTransform
Transforming kotlin-native-utils-2.1.10.jar (org.jetbrains.kotlin:kotlin-native-utils:2.1.10) with InstrumentationAnalysisTransform
Transforming kotlin-tooling-core-2.1.10.jar (org.jetbrains.kotlin:kotlin-tooling-core:2.1.10) with InstrumentationAnalysisTransform
Transforming kotlin-build-tools-api-2.1.10.jar (org.jetbrains.kotlin:kotlin-build-tools-api:2.1.10) with InstrumentationAnalysisTransform
Transforming kotlin-util-klib-2.1.10.jar (org.jetbrains.kotlin:kotlin-util-klib:2.1.10) with InstrumentationAnalysisTransform
Transforming kotlin-util-io-2.1.10.jar (org.jetbrains.kotlin:kotlin-util-io:2.1.10) with InstrumentationAnalysisTransform
Transforming kotlin-daemon-client-2.1.10.jar (org.jetbrains.kotlin:kotlin-daemon-client:2.1.10) with InstrumentationAnalysisTransform
Transforming kotlinx-coroutines-core-jvm-1.6.4.jar (org.jetbrains.kotlinx:kotlinx-coroutines-core-jvm:1.6.4) with InstrumentationAnalysisTransform
Transforming failureaccess-1.0.1.jar (com.google.guava:failureaccess:1.0.1) with InstrumentationAnalysisTransform
Transforming listenablefuture-9999.0-empty-to-avoid-conflict-with-guava.jar (com.google.guava:listenablefuture:9999.0-empty-to-avoid-conflict-with-guava) with InstrumentationAnalysisTransform
Transforming commons-logging-1.2.jar (commons-logging:commons-logging:1.2) with InstrumentationAnalysisTransform
Transforming jna-5.6.0.jar (net.java.dev.jna:jna:5.6.0) with InstrumentationAnalysisTransform
Transforming netty-codec-socks-4.1.93.Final.jar (io.netty:netty-codec-socks:4.1.93.Final) with InstrumentationAnalysisTransform
Transforming netty-codec-4.1.93.Final.jar (io.netty:netty-codec:4.1.93.Final) with InstrumentationAnalysisTransform
Transforming netty-transport-4.1.93.Final.jar (io.netty:netty-transport:4.1.93.Final) with InstrumentationAnalysisTransform
Transforming netty-buffer-4.1.93.Final.jar (io.netty:netty-buffer:4.1.93.Final) with InstrumentationAnalysisTransform
Transforming netty-resolver-4.1.93.Final.jar (io.netty:netty-resolver:4.1.93.Final) with InstrumentationAnalysisTransform
Transforming netty-common-4.1.93.Final.jar (io.netty:netty-common:4.1.93.Final) with InstrumentationAnalysisTransform
Transforming gradle-8.8.0.jar (com.android.tools.build:gradle:8.8.0) with InstrumentationAnalysisTransform
Transforming gradle-8.8.0.jar (com.android.tools.build:gradle:8.8.0) with MergeInstrumentationAnalysisTransform
Transforming gradle-settings-api-8.8.0.jar (com.android.tools.build:gradle-settings-api:8.8.0) with InstrumentationAnalysisTransform
Transforming gradle-settings-api-8.8.0.jar (com.android.tools.build:gradle-settings-api:8.8.0) with MergeInstrumentationAnalysisTransform
Transforming lint-model-31.8.0.jar (com.android.tools.lint:lint-model:31.8.0) with InstrumentationAnalysisTransform
Transforming lint-model-31.8.0.jar (com.android.tools.lint:lint-model:31.8.0) with MergeInstrumentationAnalysisTransform
Transforming gradle-8.8.0.jar (com.android.tools.build:gradle:8.8.0) with ExternalDependencyInstrumentingArtifactTransform
Transforming lint-model-31.8.0.jar (com.android.tools.lint:lint-model:31.8.0) with ExternalDependencyInstrumentingArtifactTransform
Transforming builder-8.8.0.jar (com.android.tools.build:builder:8.8.0) with InstrumentationAnalysisTransform
Transforming builder-8.8.0.jar (com.android.tools.build:builder:8.8.0) with MergeInstrumentationAnalysisTransform
Transforming manifest-merger-31.8.0.jar (com.android.tools.build:manifest-merger:31.8.0) with InstrumentationAnalysisTransform
Transforming manifest-merger-31.8.0.jar (com.android.tools.build:manifest-merger:31.8.0) with MergeInstrumentationAnalysisTransform
Transforming sdk-common-31.8.0.jar (com.android.tools:sdk-common:31.8.0) with InstrumentationAnalysisTransform
Transforming sdk-common-31.8.0.jar (com.android.tools:sdk-common:31.8.0) with MergeInstrumentationAnalysisTransform
Transforming sdklib-31.8.0.jar (com.android.tools:sdklib:31.8.0) with InstrumentationAnalysisTransform
Transforming sdklib-31.8.0.jar (com.android.tools:sdklib:31.8.0) with MergeInstrumentationAnalysisTransform
Transforming repository-31.8.0.jar (com.android.tools:repository:31.8.0) with InstrumentationAnalysisTransform
Transforming repository-31.8.0.jar (com.android.tools:repository:31.8.0) with MergeInstrumentationAnalysisTransform
Transforming aaptcompiler-8.8.0.jar (com.android.tools.build:aaptcompiler:8.8.0) with InstrumentationAnalysisTransform
Transforming aaptcompiler-8.8.0.jar (com.android.tools.build:aaptcompiler:8.8.0) with MergeInstrumentationAnalysisTransform
Transforming tracker-31.8.0.jar (com.android.tools.analytics-library:tracker:31.8.0) with InstrumentationAnalysisTransform
Transforming gradle-settings-api-8.8.0.jar (com.android.tools.build:gradle-settings-api:8.8.0) with ExternalDependencyInstrumentingArtifactTransform
Transforming builder-8.8.0.jar (com.android.tools.build:builder:8.8.0) with ExternalDependencyInstrumentingArtifactTransform
Transforming manifest-merger-31.8.0.jar (com.android.tools.build:manifest-merger:31.8.0) with ExternalDependencyInstrumentingArtifactTransform
Transforming sdk-common-31.8.0.jar (com.android.tools:sdk-common:31.8.0) with ExternalDependencyInstrumentingArtifactTransform
Transforming sdklib-31.8.0.jar (com.android.tools:sdklib:31.8.0) with ExternalDependencyInstrumentingArtifactTransform
Transforming aaptcompiler-8.8.0.jar (com.android.tools.build:aaptcompiler:8.8.0) with ExternalDependencyInstrumentingArtifactTransform
Transforming tracker-31.8.0.jar (com.android.tools.analytics-library:tracker:31.8.0) with MergeInstrumentationAnalysisTransform
Transforming shared-31.8.0.jar (com.android.tools.analytics-library:shared:31.8.0) with InstrumentationAnalysisTransform
Transforming shared-31.8.0.jar (com.android.tools.analytics-library:shared:31.8.0) with MergeInstrumentationAnalysisTransform
Transforming databinding-compiler-common-8.8.0.jar (androidx.databinding:databinding-compiler-common:8.8.0) with InstrumentationAnalysisTransform
Transforming databinding-compiler-common-8.8.0.jar (androidx.databinding:databinding-compiler-common:8.8.0) with MergeInstrumentationAnalysisTransform
Transforming android-test-plugin-host-emulator-control-proto-31.8.0.jar (com.android.tools.utp:android-test-plugin-host-emulator-control-proto:31.8.0) with InstrumentationAnalysisTransform
Transforming android-test-plugin-host-emulator-control-proto-31.8.0.jar (com.android.tools.utp:android-test-plugin-host-emulator-control-proto:31.8.0) with MergeInstrumentationAnalysisTransform
Transforming android-test-plugin-host-retention-proto-31.8.0.jar (com.android.tools.utp:android-test-plugin-host-retention-proto:31.8.0) with InstrumentationAnalysisTransform
Transforming android-test-plugin-host-retention-proto-31.8.0.jar (com.android.tools.utp:android-test-plugin-host-retention-proto:31.8.0) with MergeInstrumentationAnalysisTransform
Transforming builder-model-8.8.0.jar (com.android.tools.build:builder-model:8.8.0) with InstrumentationAnalysisTransform
Transforming builder-model-8.8.0.jar (com.android.tools.build:builder-model:8.8.0) with MergeInstrumentationAnalysisTransform
Transforming gradle-api-8.8.0.jar (com.android.tools.build:gradle-api:8.8.0) with InstrumentationAnalysisTransform
Transforming gradle-api-8.8.0.jar (com.android.tools.build:gradle-api:8.8.0) with MergeInstrumentationAnalysisTransform
Transforming builder-test-api-8.8.0.jar (com.android.tools.build:builder-test-api:8.8.0) with InstrumentationAnalysisTransform
Transforming builder-test-api-8.8.0.jar (com.android.tools.build:builder-test-api:8.8.0) with MergeInstrumentationAnalysisTransform
Transforming ddmlib-31.8.0.jar (com.android.tools.ddms:ddmlib:31.8.0) with InstrumentationAnalysisTransform
Transforming ddmlib-31.8.0.jar (com.android.tools.ddms:ddmlib:31.8.0) with MergeInstrumentationAnalysisTransform
Transforming layoutlib-api-31.8.0.jar (com.android.tools.layoutlib:layoutlib-api:31.8.0) with InstrumentationAnalysisTransform
Transforming tracker-31.8.0.jar (com.android.tools.analytics-library:tracker:31.8.0) with ExternalDependencyInstrumentingArtifactTransform
Transforming layoutlib-api-31.8.0.jar (com.android.tools.layoutlib:layoutlib-api:31.8.0) with MergeInstrumentationAnalysisTransform
Transforming dvlib-31.8.0.jar (com.android.tools:dvlib:31.8.0) with InstrumentationAnalysisTransform
Transforming databinding-compiler-common-8.8.0.jar (androidx.databinding:databinding-compiler-common:8.8.0) with ExternalDependencyInstrumentingArtifactTransform
Transforming android-test-plugin-host-emulator-control-proto-31.8.0.jar (com.android.tools.utp:android-test-plugin-host-emulator-control-proto:31.8.0) with ExternalDependencyInstrumentingArtifactTransform
Transforming android-test-plugin-host-retention-proto-31.8.0.jar (com.android.tools.utp:android-test-plugin-host-retention-proto:31.8.0) with ExternalDependencyInstrumentingArtifactTransform
Transforming repository-31.8.0.jar (com.android.tools:repository:31.8.0) with ExternalDependencyInstrumentingArtifactTransform
Transforming dvlib-31.8.0.jar (com.android.tools:dvlib:31.8.0) with MergeInstrumentationAnalysisTransform
Transforming common-31.8.0.jar (com.android.tools:common:31.8.0) with InstrumentationAnalysisTransform
Transforming builder-model-8.8.0.jar (com.android.tools.build:builder-model:8.8.0) with ExternalDependencyInstrumentingArtifactTransform
Transforming common-31.8.0.jar (com.android.tools:common:31.8.0) with MergeInstrumentationAnalysisTransform
Transforming kotlin-stdlib-jdk8-2.0.21.jar (org.jetbrains.kotlin:kotlin-stdlib-jdk8:2.0.21) with InstrumentationAnalysisTransform
Transforming kotlin-stdlib-jdk8-2.0.21.jar (org.jetbrains.kotlin:kotlin-stdlib-jdk8:2.0.21) with MergeInstrumentationAnalysisTransform
Transforming gradle-api-8.8.0.jar (com.android.tools.build:gradle-api:8.8.0) with ExternalDependencyInstrumentingArtifactTransform
Transforming jetifier-processor-1.0.0-beta10.jar (com.android.tools.build.jetifier:jetifier-processor:1.0.0-beta10) with InstrumentationAnalysisTransform
Transforming jetifier-processor-1.0.0-beta10.jar (com.android.tools.build.jetifier:jetifier-processor:1.0.0-beta10) with MergeInstrumentationAnalysisTransform
Transforming jetifier-core-1.0.0-beta10.jar (com.android.tools.build.jetifier:jetifier-core:1.0.0-beta10) with InstrumentationAnalysisTransform
Transforming jetifier-core-1.0.0-beta10.jar (com.android.tools.build.jetifier:jetifier-core:1.0.0-beta10) with MergeInstrumentationAnalysisTransform
Transforming symbol-processing-gradle-plugin-2.1.10-1.0.30.jar (com.google.devtools.ksp:symbol-processing-gradle-plugin:2.1.10-1.0.30) with InstrumentationAnalysisTransform
Transforming symbol-processing-gradle-plugin-2.1.10-1.0.30.jar (com.google.devtools.ksp:symbol-processing-gradle-plugin:2.1.10-1.0.30) with MergeInstrumentationAnalysisTransform
Transforming symbol-processing-api-2.1.10-1.0.30.jar (com.google.devtools.ksp:symbol-processing-api:2.1.10-1.0.30) with InstrumentationAnalysisTransform
Transforming symbol-processing-api-2.1.10-1.0.30.jar (com.google.devtools.ksp:symbol-processing-api:2.1.10-1.0.30) with MergeInstrumentationAnalysisTransform
Transforming symbol-processing-common-deps-2.1.10-1.0.30.jar (com.google.devtools.ksp:symbol-processing-common-deps:2.1.10-1.0.30) with InstrumentationAnalysisTransform
Transforming symbol-processing-common-deps-2.1.10-1.0.30.jar (com.google.devtools.ksp:symbol-processing-common-deps:2.1.10-1.0.30) with MergeInstrumentationAnalysisTransform
Transforming kotlin-reflect-2.0.20.jar (org.jetbrains.kotlin:kotlin-reflect:2.0.20) with InstrumentationAnalysisTransform
Transforming kotlin-reflect-2.0.20.jar (org.jetbrains.kotlin:kotlin-reflect:2.0.20) with MergeInstrumentationAnalysisTransform
Transforming kotlin-stdlib-jdk7-2.0.21.jar (org.jetbrains.kotlin:kotlin-stdlib-jdk7:2.0.21) with InstrumentationAnalysisTransform
Transforming kotlin-stdlib-jdk7-2.0.21.jar (org.jetbrains.kotlin:kotlin-stdlib-jdk7:2.0.21) with MergeInstrumentationAnalysisTransform
Transforming kotlin-stdlib-2.0.20.jar (org.jetbrains.kotlin:kotlin-stdlib:2.0.20) with InstrumentationAnalysisTransform
Transforming kotlin-stdlib-2.0.20.jar (org.jetbrains.kotlin:kotlin-stdlib:2.0.20) with MergeInstrumentationAnalysisTransform
Transforming annotations-13.0.jar (org.jetbrains:annotations:13.0) with InstrumentationAnalysisTransform
Transforming annotations-13.0.jar (org.jetbrains:annotations:13.0) with MergeInstrumentationAnalysisTransform
Transforming builder-test-api-8.8.0.jar (com.android.tools.build:builder-test-api:8.8.0) with ExternalDependencyInstrumentingArtifactTransform
Transforming ddmlib-31.8.0.jar (com.android.tools.ddms:ddmlib:31.8.0) with ExternalDependencyInstrumentingArtifactTransform
Transforming kotlin-serialization-2.1.10-gradle85.jar (org.jetbrains.kotlin:kotlin-serialization:2.1.10) with InstrumentationAnalysisTransform
Transforming dvlib-31.8.0.jar (com.android.tools:dvlib:31.8.0) with ExternalDependencyInstrumentingArtifactTransform
Transforming common-31.8.0.jar (com.android.tools:common:31.8.0) with ExternalDependencyInstrumentingArtifactTransform
Transforming kotlin-stdlib-jdk8-2.0.21.jar (org.jetbrains.kotlin:kotlin-stdlib-jdk8:2.0.21) with ExternalDependencyInstrumentingArtifactTransform
Transforming shared-31.8.0.jar (com.android.tools.analytics-library:shared:31.8.0) with ExternalDependencyInstrumentingArtifactTransform
Transforming jetifier-processor-1.0.0-beta10.jar (com.android.tools.build.jetifier:jetifier-processor:1.0.0-beta10) with ExternalDependencyInstrumentingArtifactTransform
Transforming jetifier-core-1.0.0-beta10.jar (com.android.tools.build.jetifier:jetifier-core:1.0.0-beta10) with ExternalDependencyInstrumentingArtifactTransform
Transforming symbol-processing-gradle-plugin-2.1.10-1.0.30.jar (com.google.devtools.ksp:symbol-processing-gradle-plugin:2.1.10-1.0.30) with ExternalDependencyInstrumentingArtifactTransform
Transforming symbol-processing-api-2.1.10-1.0.30.jar (com.google.devtools.ksp:symbol-processing-api:2.1.10-1.0.30) with ExternalDependencyInstrumentingArtifactTransform
Transforming symbol-processing-common-deps-2.1.10-1.0.30.jar (com.google.devtools.ksp:symbol-processing-common-deps:2.1.10-1.0.30) with ExternalDependencyInstrumentingArtifactTransform
Transforming kotlin-reflect-2.0.20.jar (org.jetbrains.kotlin:kotlin-reflect:2.0.20) with ExternalDependencyInstrumentingArtifactTransform
Transforming kotlin-stdlib-jdk7-2.0.21.jar (org.jetbrains.kotlin:kotlin-stdlib-jdk7:2.0.21) with ExternalDependencyInstrumentingArtifactTransform
Transforming kotlin-stdlib-2.0.20.jar (org.jetbrains.kotlin:kotlin-stdlib:2.0.20) with ExternalDependencyInstrumentingArtifactTransform
Transforming annotations-13.0.jar (org.jetbrains:annotations:13.0) with ExternalDependencyInstrumentingArtifactTransform
Transforming kotlin-serialization-2.1.10-gradle85.jar (org.jetbrains.kotlin:kotlin-serialization:2.1.10) with MergeInstrumentationAnalysisTransform
Transforming kotlin-gradle-plugin-model-2.1.10.jar (org.jetbrains.kotlin:kotlin-gradle-plugin-model:2.1.10) with InstrumentationAnalysisTransform
Transforming kotlin-gradle-plugin-model-2.1.10.jar (org.jetbrains.kotlin:kotlin-gradle-plugin-model:2.1.10) with MergeInstrumentationAnalysisTransform
Transforming kotlin-gradle-plugin-api-2.1.10.jar (org.jetbrains.kotlin:kotlin-gradle-plugin-api:2.1.10) with InstrumentationAnalysisTransform
Transforming kotlin-gradle-plugin-api-2.1.10.jar (org.jetbrains.kotlin:kotlin-gradle-plugin-api:2.1.10) with MergeInstrumentationAnalysisTransform
Transforming kotlin-gradle-plugin-api-2.1.10-gradle85.jar (org.jetbrains.kotlin:kotlin-gradle-plugin-api:2.1.10) with InstrumentationAnalysisTransform
Transforming kotlin-serialization-2.1.10-gradle85.jar (org.jetbrains.kotlin:kotlin-serialization:2.1.10) with ExternalDependencyInstrumentingArtifactTransform
Transforming kotlin-gradle-plugin-model-2.1.10.jar (org.jetbrains.kotlin:kotlin-gradle-plugin-model:2.1.10) with ExternalDependencyInstrumentingArtifactTransform
Transforming kotlin-gradle-plugin-api-2.1.10.jar (org.jetbrains.kotlin:kotlin-gradle-plugin-api:2.1.10) with ExternalDependencyInstrumentingArtifactTransform
Transforming kotlin-gradle-plugin-api-2.1.10-gradle85.jar (org.jetbrains.kotlin:kotlin-gradle-plugin-api:2.1.10) with MergeInstrumentationAnalysisTransform
Transforming compose-compiler-gradle-plugin-2.1.10-gradle85.jar (org.jetbrains.kotlin:compose-compiler-gradle-plugin:2.1.10) with InstrumentationAnalysisTransform
Transforming layoutlib-api-31.8.0.jar (com.android.tools.layoutlib:layoutlib-api:31.8.0) with ExternalDependencyInstrumentingArtifactTransform
Transforming kotlin-gradle-plugin-api-2.1.10-gradle85.jar (org.jetbrains.kotlin:kotlin-gradle-plugin-api:2.1.10) with ExternalDependencyInstrumentingArtifactTransform
Transforming compose-compiler-gradle-plugin-2.1.10-gradle85.jar (org.jetbrains.kotlin:compose-compiler-gradle-plugin:2.1.10) with MergeInstrumentationAnalysisTransform
Transforming kotlin-gradle-plugin-2.1.10-gradle85.jar (org.jetbrains.kotlin:kotlin-gradle-plugin:2.1.10) with InstrumentationAnalysisTransform
Transforming kotlin-gradle-plugin-2.1.10-gradle85.jar (org.jetbrains.kotlin:kotlin-gradle-plugin:2.1.10) with MergeInstrumentationAnalysisTransform
Transforming bundletool-1.17.2.jar (com.android.tools.build:bundletool:1.17.2) with InstrumentationAnalysisTransform
Transforming bundletool-1.17.2.jar (com.android.tools.build:bundletool:1.17.2) with MergeInstrumentationAnalysisTransform
Transforming aapt2-proto-8.8.0-12006047.jar (com.android.tools.build:aapt2-proto:8.8.0-12006047) with InstrumentationAnalysisTransform
Transforming aapt2-proto-8.8.0-12006047.jar (com.android.tools.build:aapt2-proto:8.8.0-12006047) with MergeInstrumentationAnalysisTransform
Transforming crash-31.8.0.jar (com.android.tools.analytics-library:crash:31.8.0) with InstrumentationAnalysisTransform
Transforming crash-31.8.0.jar (com.android.tools.analytics-library:crash:31.8.0) with MergeInstrumentationAnalysisTransform
Transforming lint-typedef-remover-31.8.0.jar (com.android.tools.lint:lint-typedef-remover:31.8.0) with InstrumentationAnalysisTransform
Transforming lint-typedef-remover-31.8.0.jar (com.android.tools.lint:lint-typedef-remover:31.8.0) with MergeInstrumentationAnalysisTransform
Transforming databinding-common-8.8.0.jar (androidx.databinding:databinding-common:8.8.0) with InstrumentationAnalysisTransform
Transforming databinding-common-8.8.0.jar (androidx.databinding:databinding-common:8.8.0) with MergeInstrumentationAnalysisTransform
Transforming compose-compiler-gradle-plugin-2.1.10-gradle85.jar (org.jetbrains.kotlin:compose-compiler-gradle-plugin:2.1.10) with ExternalDependencyInstrumentingArtifactTransform
Transforming kotlin-gradle-plugin-2.1.10-gradle85.jar (org.jetbrains.kotlin:kotlin-gradle-plugin:2.1.10) with ExternalDependencyInstrumentingArtifactTransform
Transforming bundletool-1.17.2.jar (com.android.tools.build:bundletool:1.17.2) with ExternalDependencyInstrumentingArtifactTransform
Transforming aapt2-proto-8.8.0-12006047.jar (com.android.tools.build:aapt2-proto:8.8.0-12006047) with ExternalDependencyInstrumentingArtifactTransform
Transforming baseLibrary-8.8.0.jar (com.android.databinding:baseLibrary:8.8.0) with InstrumentationAnalysisTransform
Transforming baseLibrary-8.8.0.jar (com.android.databinding:baseLibrary:8.8.0) with MergeInstrumentationAnalysisTransform
Transforming android-device-provider-ddmlib-proto-31.8.0.jar (com.android.tools.utp:android-device-provider-ddmlib-proto:31.8.0) with InstrumentationAnalysisTransform
Transforming android-device-provider-ddmlib-proto-31.8.0.jar (com.android.tools.utp:android-device-provider-ddmlib-proto:31.8.0) with MergeInstrumentationAnalysisTransform
Transforming android-device-provider-gradle-proto-31.8.0.jar (com.android.tools.utp:android-device-provider-gradle-proto:31.8.0) with InstrumentationAnalysisTransform
Transforming android-device-provider-gradle-proto-31.8.0.jar (com.android.tools.utp:android-device-provider-gradle-proto:31.8.0) with MergeInstrumentationAnalysisTransform
Transforming android-device-provider-profile-proto-31.8.0.jar (com.android.tools.utp:android-device-provider-profile-proto:31.8.0) with InstrumentationAnalysisTransform
Transforming android-device-provider-profile-proto-31.8.0.jar (com.android.tools.utp:android-device-provider-profile-proto:31.8.0) with MergeInstrumentationAnalysisTransform
Transforming lint-typedef-remover-31.8.0.jar (com.android.tools.lint:lint-typedef-remover:31.8.0) with ExternalDependencyInstrumentingArtifactTransform
Transforming databinding-common-8.8.0.jar (androidx.databinding:databinding-common:8.8.0) with ExternalDependencyInstrumentingArtifactTransform
Transforming baseLibrary-8.8.0.jar (com.android.databinding:baseLibrary:8.8.0) with ExternalDependencyInstrumentingArtifactTransform
Transforming android-device-provider-ddmlib-proto-31.8.0.jar (com.android.tools.utp:android-device-provider-ddmlib-proto:31.8.0) with ExternalDependencyInstrumentingArtifactTransform
Transforming android-test-plugin-host-additional-test-output-proto-31.8.0.jar (com.android.tools.utp:android-test-plugin-host-additional-test-output-proto:31.8.0) with InstrumentationAnalysisTransform
Transforming android-test-plugin-host-additional-test-output-proto-31.8.0.jar (com.android.tools.utp:android-test-plugin-host-additional-test-output-proto:31.8.0) with MergeInstrumentationAnalysisTransform
Transforming android-test-plugin-host-coverage-proto-31.8.0.jar (com.android.tools.utp:android-test-plugin-host-coverage-proto:31.8.0) with InstrumentationAnalysisTransform
Transforming android-test-plugin-host-coverage-proto-31.8.0.jar (com.android.tools.utp:android-test-plugin-host-coverage-proto:31.8.0) with MergeInstrumentationAnalysisTransform
Transforming android-test-plugin-host-logcat-proto-31.8.0.jar (com.android.tools.utp:android-test-plugin-host-logcat-proto:31.8.0) with InstrumentationAnalysisTransform
Transforming android-device-provider-gradle-proto-31.8.0.jar (com.android.tools.utp:android-device-provider-gradle-proto:31.8.0) with ExternalDependencyInstrumentingArtifactTransform
Transforming android-test-plugin-host-logcat-proto-31.8.0.jar (com.android.tools.utp:android-test-plugin-host-logcat-proto:31.8.0) with MergeInstrumentationAnalysisTransform
Transforming android-device-provider-profile-proto-31.8.0.jar (com.android.tools.utp:android-device-provider-profile-proto:31.8.0) with ExternalDependencyInstrumentingArtifactTransform
Transforming android-test-plugin-host-apk-installer-proto-31.8.0.jar (com.android.tools.utp:android-test-plugin-host-apk-installer-proto:31.8.0) with InstrumentationAnalysisTransform
Transforming android-test-plugin-host-coverage-proto-31.8.0.jar (com.android.tools.utp:android-test-plugin-host-coverage-proto:31.8.0) with ExternalDependencyInstrumentingArtifactTransform
Transforming android-test-plugin-host-additional-test-output-proto-31.8.0.jar (com.android.tools.utp:android-test-plugin-host-additional-test-output-proto:31.8.0) with ExternalDependencyInstrumentingArtifactTransform
Transforming crash-31.8.0.jar (com.android.tools.analytics-library:crash:31.8.0) with ExternalDependencyInstrumentingArtifactTransform
Transforming android-test-plugin-host-apk-installer-proto-31.8.0.jar (com.android.tools.utp:android-test-plugin-host-apk-installer-proto:31.8.0) with MergeInstrumentationAnalysisTransform
Transforming android-test-plugin-result-listener-gradle-proto-31.8.0.jar (com.android.tools.utp:android-test-plugin-result-listener-gradle-proto:31.8.0) with InstrumentationAnalysisTransform
Transforming android-test-plugin-result-listener-gradle-proto-31.8.0.jar (com.android.tools.utp:android-test-plugin-result-listener-gradle-proto:31.8.0) with MergeInstrumentationAnalysisTransform
Transforming transform-api-2.0.0-deprecated-use-gradle-api.jar (com.android.tools.build:transform-api:2.0.0-deprecated-use-gradle-api) with InstrumentationAnalysisTransform
Transforming android-test-plugin-host-apk-installer-proto-31.8.0.jar (com.android.tools.utp:android-test-plugin-host-apk-installer-proto:31.8.0) with ExternalDependencyInstrumentingArtifactTransform
Transforming android-test-plugin-result-listener-gradle-proto-31.8.0.jar (com.android.tools.utp:android-test-plugin-result-listener-gradle-proto:31.8.0) with ExternalDependencyInstrumentingArtifactTransform
Transforming transform-api-2.0.0-deprecated-use-gradle-api.jar (com.android.tools.build:transform-api:2.0.0-deprecated-use-gradle-api) with MergeInstrumentationAnalysisTransform
Transforming httpmime-4.5.6.jar (org.apache.httpcomponents:httpmime:4.5.6) with InstrumentationAnalysisTransform
Transforming httpmime-4.5.6.jar (org.apache.httpcomponents:httpmime:4.5.6) with MergeInstrumentationAnalysisTransform
Transforming commons-io-2.13.0.jar (commons-io:commons-io:2.13.0) with InstrumentationAnalysisTransform
Transforming commons-io-2.13.0.jar (commons-io:commons-io:2.13.0) with MergeInstrumentationAnalysisTransform
Transforming asm-commons-9.7.jar (org.ow2.asm:asm-commons:9.7) with InstrumentationAnalysisTransform
Transforming asm-commons-9.7.jar (org.ow2.asm:asm-commons:9.7) with MergeInstrumentationAnalysisTransform
Transforming asm-util-9.7.jar (org.ow2.asm:asm-util:9.7) with InstrumentationAnalysisTransform
Transforming asm-util-9.7.jar (org.ow2.asm:asm-util:9.7) with MergeInstrumentationAnalysisTransform
Transforming asm-analysis-9.7.jar (org.ow2.asm:asm-analysis:9.7) with InstrumentationAnalysisTransform
Transforming asm-analysis-9.7.jar (org.ow2.asm:asm-analysis:9.7) with MergeInstrumentationAnalysisTransform
Transforming asm-tree-9.7.jar (org.ow2.asm:asm-tree:9.7) with InstrumentationAnalysisTransform
Transforming asm-tree-9.7.jar (org.ow2.asm:asm-tree:9.7) with MergeInstrumentationAnalysisTransform
Transforming asm-9.7.jar (org.ow2.asm:asm:9.7) with InstrumentationAnalysisTransform
Transforming asm-9.7.jar (org.ow2.asm:asm:9.7) with MergeInstrumentationAnalysisTransform
Transforming apkzlib-8.8.0.jar (com.android.tools.build:apkzlib:8.8.0) with InstrumentationAnalysisTransform
Transforming apkzlib-8.8.0.jar (com.android.tools.build:apkzlib:8.8.0) with MergeInstrumentationAnalysisTransform
Transforming bcpkix-jdk18on-1.77.jar (org.bouncycastle:bcpkix-jdk18on:1.77) with InstrumentationAnalysisTransform
Transforming bcpkix-jdk18on-1.77.jar (org.bouncycastle:bcpkix-jdk18on:1.77) with MergeInstrumentationAnalysisTransform
Transforming jaxb-runtime-2.3.2.jar (org.glassfish.jaxb:jaxb-runtime:2.3.2) with InstrumentationAnalysisTransform
Transforming android-test-plugin-host-logcat-proto-31.8.0.jar (com.android.tools.utp:android-test-plugin-host-logcat-proto:31.8.0) with ExternalDependencyInstrumentingArtifactTransform
Transforming transform-api-2.0.0-deprecated-use-gradle-api.jar (com.android.tools.build:transform-api:2.0.0-deprecated-use-gradle-api) with ExternalDependencyInstrumentingArtifactTransform
Transforming httpmime-4.5.6.jar (org.apache.httpcomponents:httpmime:4.5.6) with ExternalDependencyInstrumentingArtifactTransform
Transforming commons-io-2.13.0.jar (commons-io:commons-io:2.13.0) with ExternalDependencyInstrumentingArtifactTransform
Transforming asm-commons-9.7.jar (org.ow2.asm:asm-commons:9.7) with ExternalDependencyInstrumentingArtifactTransform
Transforming asm-util-9.7.jar (org.ow2.asm:asm-util:9.7) with ExternalDependencyInstrumentingArtifactTransform
Transforming asm-analysis-9.7.jar (org.ow2.asm:asm-analysis:9.7) with ExternalDependencyInstrumentingArtifactTransform
Transforming asm-9.7.jar (org.ow2.asm:asm:9.7) with ExternalDependencyInstrumentingArtifactTransform
Transforming asm-tree-9.7.jar (org.ow2.asm:asm-tree:9.7) with ExternalDependencyInstrumentingArtifactTransform
Transforming apkzlib-8.8.0.jar (com.android.tools.build:apkzlib:8.8.0) with ExternalDependencyInstrumentingArtifactTransform
Transforming jaxb-runtime-2.3.2.jar (org.glassfish.jaxb:jaxb-runtime:2.3.2) with MergeInstrumentationAnalysisTransform
Transforming jopt-simple-4.9.jar (net.sf.jopt-simple:jopt-simple:4.9) with InstrumentationAnalysisTransform
Transforming jopt-simple-4.9.jar (net.sf.jopt-simple:jopt-simple:4.9) with MergeInstrumentationAnalysisTransform
Transforming javapoet-1.10.0.jar (com.squareup:javapoet:1.10.0) with InstrumentationAnalysisTransform
Transforming jaxb-runtime-2.3.2.jar (org.glassfish.jaxb:jaxb-runtime:2.3.2) with ExternalDependencyInstrumentingArtifactTransform
Transforming javapoet-1.10.0.jar (com.squareup:javapoet:1.10.0) with MergeInstrumentationAnalysisTransform
Transforming protobuf-java-util-3.22.3.jar (com.google.protobuf:protobuf-java-util:3.22.3) with InstrumentationAnalysisTransform
Transforming protobuf-java-util-3.22.3.jar (com.google.protobuf:protobuf-java-util:3.22.3) with MergeInstrumentationAnalysisTransform
Transforming grpc-protobuf-1.57.0.jar (io.grpc:grpc-protobuf:1.57.0) with InstrumentationAnalysisTransform
Transforming jopt-simple-4.9.jar (net.sf.jopt-simple:jopt-simple:4.9) with ExternalDependencyInstrumentingArtifactTransform
Transforming bcpkix-jdk18on-1.77.jar (org.bouncycastle:bcpkix-jdk18on:1.77) with ExternalDependencyInstrumentingArtifactTransform
Transforming javapoet-1.10.0.jar (com.squareup:javapoet:1.10.0) with ExternalDependencyInstrumentingArtifactTransform
Transforming protobuf-java-util-3.22.3.jar (com.google.protobuf:protobuf-java-util:3.22.3) with ExternalDependencyInstrumentingArtifactTransform
Transforming grpc-protobuf-1.57.0.jar (io.grpc:grpc-protobuf:1.57.0) with MergeInstrumentationAnalysisTransform
Transforming tink-1.7.0.jar (com.google.crypto.tink:tink:1.7.0) with InstrumentationAnalysisTransform
Transforming tink-1.7.0.jar (com.google.crypto.tink:tink:1.7.0) with MergeInstrumentationAnalysisTransform
Transforming protos-31.8.0.jar (com.android.tools.analytics-library:protos:31.8.0) with InstrumentationAnalysisTransform
Transforming protos-31.8.0.jar (com.android.tools.analytics-library:protos:31.8.0) with MergeInstrumentationAnalysisTransform
Transforming proto-google-common-protos-2.17.0.jar (com.google.api.grpc:proto-google-common-protos:2.17.0) with InstrumentationAnalysisTransform
Transforming proto-google-common-protos-2.17.0.jar (com.google.api.grpc:proto-google-common-protos:2.17.0) with MergeInstrumentationAnalysisTransform
Transforming protobuf-java-3.22.3.jar (com.google.protobuf:protobuf-java:3.22.3) with InstrumentationAnalysisTransform
Transforming protobuf-java-3.22.3.jar (com.google.protobuf:protobuf-java:3.22.3) with MergeInstrumentationAnalysisTransform
Transforming grpc-netty-1.57.0.jar (io.grpc:grpc-netty:1.57.0) with InstrumentationAnalysisTransform
Transforming grpc-netty-1.57.0.jar (io.grpc:grpc-netty:1.57.0) with MergeInstrumentationAnalysisTransform
Transforming grpc-core-1.57.0.jar (io.grpc:grpc-core:1.57.0) with InstrumentationAnalysisTransform
Transforming grpc-core-1.57.0.jar (io.grpc:grpc-core:1.57.0) with MergeInstrumentationAnalysisTransform
Transforming kotlin-build-statistics-2.1.10.jar (org.jetbrains.kotlin:kotlin-build-statistics:2.1.10) with InstrumentationAnalysisTransform
Transforming grpc-protobuf-1.57.0.jar (io.grpc:grpc-protobuf:1.57.0) with ExternalDependencyInstrumentingArtifactTransform
Transforming kotlin-build-statistics-2.1.10.jar (org.jetbrains.kotlin:kotlin-build-statistics:2.1.10) with MergeInstrumentationAnalysisTransform
Transforming gson-2.10.1.jar (com.google.code.gson:gson:2.10.1) with InstrumentationAnalysisTransform
Transforming gson-2.10.1.jar (com.google.code.gson:gson:2.10.1) with MergeInstrumentationAnalysisTransform
Transforming grpc-stub-1.57.0.jar (io.grpc:grpc-stub:1.57.0) with InstrumentationAnalysisTransform
Transforming grpc-stub-1.57.0.jar (io.grpc:grpc-stub:1.57.0) with MergeInstrumentationAnalysisTransform
Transforming core-proto-0.0.9-alpha02.jar (com.google.testing.platform:core-proto:0.0.9-alpha02) with InstrumentationAnalysisTransform
Transforming protos-31.8.0.jar (com.android.tools.analytics-library:protos:31.8.0) with ExternalDependencyInstrumentingArtifactTransform
Transforming core-proto-0.0.9-alpha02.jar (com.google.testing.platform:core-proto:0.0.9-alpha02) with MergeInstrumentationAnalysisTransform
Transforming tensorflow-lite-metadata-0.1.0-rc2.jar (org.tensorflow:tensorflow-lite-metadata:0.1.0-rc2) with InstrumentationAnalysisTransform
Transforming tensorflow-lite-metadata-0.1.0-rc2.jar (org.tensorflow:tensorflow-lite-metadata:0.1.0-rc2) with MergeInstrumentationAnalysisTransform
Transforming flatbuffers-java-1.12.0.jar (com.google.flatbuffers:flatbuffers-java:1.12.0) with InstrumentationAnalysisTransform
Transforming flatbuffers-java-1.12.0.jar (com.google.flatbuffers:flatbuffers-java:1.12.0) with MergeInstrumentationAnalysisTransform
Transforming tink-1.7.0.jar (com.google.crypto.tink:tink:1.7.0) with ExternalDependencyInstrumentingArtifactTransform
Transforming kotlin-gradle-plugin-idea-proto-2.1.10.jar (org.jetbrains.kotlin:kotlin-gradle-plugin-idea-proto:2.1.10) with InstrumentationAnalysisTransform
Transforming kotlin-gradle-plugin-idea-proto-2.1.10.jar (org.jetbrains.kotlin:kotlin-gradle-plugin-idea-proto:2.1.10) with MergeInstrumentationAnalysisTransform
Transforming kotlin-gradle-plugin-idea-2.1.10.jar (org.jetbrains.kotlin:kotlin-gradle-plugin-idea:2.1.10) with InstrumentationAnalysisTransform
Transforming grpc-netty-1.57.0.jar (io.grpc:grpc-netty:1.57.0) with ExternalDependencyInstrumentingArtifactTransform
Transforming kotlin-gradle-plugin-idea-2.1.10.jar (org.jetbrains.kotlin:kotlin-gradle-plugin-idea:2.1.10) with MergeInstrumentationAnalysisTransform
Transforming kotlin-klib-commonizer-api-2.1.10.jar (org.jetbrains.kotlin:kotlin-klib-commonizer-api:2.1.10) with InstrumentationAnalysisTransform
Transforming kotlin-klib-commonizer-api-2.1.10.jar (org.jetbrains.kotlin:kotlin-klib-commonizer-api:2.1.10) with MergeInstrumentationAnalysisTransform
Transforming kotlin-util-klib-metadata-2.1.10.jar (org.jetbrains.kotlin:kotlin-util-klib-metadata:2.1.10) with InstrumentationAnalysisTransform
Transforming grpc-core-1.57.0.jar (io.grpc:grpc-core:1.57.0) with ExternalDependencyInstrumentingArtifactTransform
Transforming kotlin-util-klib-metadata-2.1.10.jar (org.jetbrains.kotlin:kotlin-util-klib-metadata:2.1.10) with MergeInstrumentationAnalysisTransform
Transforming kotlin-compiler-runner-2.1.10.jar (org.jetbrains.kotlin:kotlin-compiler-runner:2.1.10) with InstrumentationAnalysisTransform
Transforming kotlin-compiler-runner-2.1.10.jar (org.jetbrains.kotlin:kotlin-compiler-runner:2.1.10) with MergeInstrumentationAnalysisTransform
Transforming jimfs-1.1.jar (com.google.jimfs:jimfs:1.1) with InstrumentationAnalysisTransform
Transforming jimfs-1.1.jar (com.google.jimfs:jimfs:1.1) with MergeInstrumentationAnalysisTransform
Transforming grpc-context-1.57.0.jar (io.grpc:grpc-context:1.57.0) with InstrumentationAnalysisTransform
Transforming grpc-context-1.57.0.jar (io.grpc:grpc-context:1.57.0) with MergeInstrumentationAnalysisTransform
Transforming grpc-protobuf-lite-1.57.0.jar (io.grpc:grpc-protobuf-lite:1.57.0) with InstrumentationAnalysisTransform
Transforming proto-google-common-protos-2.17.0.jar (com.google.api.grpc:proto-google-common-protos:2.17.0) with ExternalDependencyInstrumentingArtifactTransform
Transforming grpc-protobuf-lite-1.57.0.jar (io.grpc:grpc-protobuf-lite:1.57.0) with MergeInstrumentationAnalysisTransform
Transforming grpc-api-1.57.0.jar (io.grpc:grpc-api:1.57.0) with InstrumentationAnalysisTransform
Transforming grpc-api-1.57.0.jar (io.grpc:grpc-api:1.57.0) with MergeInstrumentationAnalysisTransform
Transforming guava-32.0.1-jre.jar (com.google.guava:guava:32.0.1-jre) with InstrumentationAnalysisTransform
Transforming gson-2.10.1.jar (com.google.code.gson:gson:2.10.1) with ExternalDependencyInstrumentingArtifactTransform
Transforming guava-32.0.1-jre.jar (com.google.guava:guava:32.0.1-jre) with MergeInstrumentationAnalysisTransform
Transforming dagger-2.28.3.jar (com.google.dagger:dagger:2.28.3) with InstrumentationAnalysisTransform
Transforming dagger-2.28.3.jar (com.google.dagger:dagger:2.28.3) with MergeInstrumentationAnalysisTransform
Transforming javax.inject-1.jar (javax.inject:javax.inject:1) with InstrumentationAnalysisTransform
Transforming javax.inject-1.jar (javax.inject:javax.inject:1) with MergeInstrumentationAnalysisTransform
Transforming grpc-stub-1.57.0.jar (io.grpc:grpc-stub:1.57.0) with ExternalDependencyInstrumentingArtifactTransform
Transforming core-proto-0.0.9-alpha02.jar (com.google.testing.platform:core-proto:0.0.9-alpha02) with ExternalDependencyInstrumentingArtifactTransform
Transforming kotlin-build-statistics-2.1.10.jar (org.jetbrains.kotlin:kotlin-build-statistics:2.1.10) with ExternalDependencyInstrumentingArtifactTransform
Transforming tensorflow-lite-metadata-0.1.0-rc2.jar (org.tensorflow:tensorflow-lite-metadata:0.1.0-rc2) with ExternalDependencyInstrumentingArtifactTransform
Transforming protobuf-java-3.22.3.jar (com.google.protobuf:protobuf-java:3.22.3) with ExternalDependencyInstrumentingArtifactTransform
Transforming flatbuffers-java-1.12.0.jar (com.google.flatbuffers:flatbuffers-java:1.12.0) with ExternalDependencyInstrumentingArtifactTransform
Transforming kotlin-gradle-plugin-idea-2.1.10.jar (org.jetbrains.kotlin:kotlin-gradle-plugin-idea:2.1.10) with ExternalDependencyInstrumentingArtifactTransform
Transforming kxml2-2.3.0.jar (net.sf.kxml:kxml2:2.3.0) with InstrumentationAnalysisTransform
Transforming kxml2-2.3.0.jar (net.sf.kxml:kxml2:2.3.0) with MergeInstrumentationAnalysisTransform
Transforming bcutil-jdk18on-1.77.jar (org.bouncycastle:bcutil-jdk18on:1.77) with InstrumentationAnalysisTransform
Transforming bcutil-jdk18on-1.77.jar (org.bouncycastle:bcutil-jdk18on:1.77) with MergeInstrumentationAnalysisTransform
Transforming bcprov-jdk18on-1.77.jar (org.bouncycastle:bcprov-jdk18on:1.77) with InstrumentationAnalysisTransform
Transforming bcprov-jdk18on-1.77.jar (org.bouncycastle:bcprov-jdk18on:1.77) with MergeInstrumentationAnalysisTransform
Transforming commons-compress-1.21.jar (org.apache.commons:commons-compress:1.21) with InstrumentationAnalysisTransform
Transforming commons-compress-1.21.jar (org.apache.commons:commons-compress:1.21) with MergeInstrumentationAnalysisTransform
Transforming httpclient-4.5.14.jar (org.apache.httpcomponents:httpclient:4.5.14) with InstrumentationAnalysisTransform
Transforming httpclient-4.5.14.jar (org.apache.httpcomponents:httpclient:4.5.14) with MergeInstrumentationAnalysisTransform
Transforming httpcore-4.4.16.jar (org.apache.httpcomponents:httpcore:4.4.16) with InstrumentationAnalysisTransform
Transforming httpcore-4.4.16.jar (org.apache.httpcomponents:httpcore:4.4.16) with MergeInstrumentationAnalysisTransform
Transforming javax.activation-1.2.0.jar (com.sun.activation:javax.activation:1.2.0) with InstrumentationAnalysisTransform
Transforming javax.activation-1.2.0.jar (com.sun.activation:javax.activation:1.2.0) with MergeInstrumentationAnalysisTransform
Transforming signflinger-8.8.0.jar (com.android:signflinger:8.8.0) with InstrumentationAnalysisTransform
Transforming signflinger-8.8.0.jar (com.android:signflinger:8.8.0) with MergeInstrumentationAnalysisTransform
Transforming zipflinger-8.8.0.jar (com.android:zipflinger:8.8.0) with InstrumentationAnalysisTransform
Transforming zipflinger-8.8.0.jar (com.android:zipflinger:8.8.0) with MergeInstrumentationAnalysisTransform
Transforming annotations-31.8.0.jar (com.android.tools:annotations:31.8.0) with InstrumentationAnalysisTransform
Transforming annotations-31.8.0.jar (com.android.tools:annotations:31.8.0) with MergeInstrumentationAnalysisTransform
Transforming jna-platform-5.6.0.jar (net.java.dev.jna:jna-platform:5.6.0) with InstrumentationAnalysisTransform
Transforming jna-platform-5.6.0.jar (net.java.dev.jna:jna-platform:5.6.0) with MergeInstrumentationAnalysisTransform
Transforming juniversalchardet-1.0.3.jar (com.googlecode.juniversalchardet:juniversalchardet:1.0.3) with InstrumentationAnalysisTransform
Transforming juniversalchardet-1.0.3.jar (com.googlecode.juniversalchardet:juniversalchardet:1.0.3) with MergeInstrumentationAnalysisTransform
Transforming javax.annotation-api-1.3.2.jar (javax.annotation:javax.annotation-api:1.3.2) with InstrumentationAnalysisTransform
Transforming javax.annotation-api-1.3.2.jar (javax.annotation:javax.annotation-api:1.3.2) with MergeInstrumentationAnalysisTransform
Transforming stax-ex-1.8.1.jar (org.jvnet.staxex:stax-ex:1.8.1) with InstrumentationAnalysisTransform
Transforming stax-ex-1.8.1.jar (org.jvnet.staxex:stax-ex:1.8.1) with MergeInstrumentationAnalysisTransform
Transforming jakarta.xml.bind-api-2.3.2.jar (jakarta.xml.bind:jakarta.xml.bind-api:2.3.2) with InstrumentationAnalysisTransform
Transforming jakarta.xml.bind-api-2.3.2.jar (jakarta.xml.bind:jakarta.xml.bind-api:2.3.2) with MergeInstrumentationAnalysisTransform
Transforming txw2-2.3.2.jar (org.glassfish.jaxb:txw2:2.3.2) with InstrumentationAnalysisTransform
Transforming txw2-2.3.2.jar (org.glassfish.jaxb:txw2:2.3.2) with MergeInstrumentationAnalysisTransform
Transforming istack-commons-runtime-3.0.8.jar (com.sun.istack:istack-commons-runtime:3.0.8) with InstrumentationAnalysisTransform
Transforming istack-commons-runtime-3.0.8.jar (com.sun.istack:istack-commons-runtime:3.0.8) with MergeInstrumentationAnalysisTransform
Transforming FastInfoset-1.2.16.jar (com.sun.xml.fastinfoset:FastInfoset:1.2.16) with InstrumentationAnalysisTransform
Transforming FastInfoset-1.2.16.jar (com.sun.xml.fastinfoset:FastInfoset:1.2.16) with MergeInstrumentationAnalysisTransform
Transforming jakarta.activation-api-1.2.1.jar (jakarta.activation:jakarta.activation-api:1.2.1) with InstrumentationAnalysisTransform
Transforming jakarta.activation-api-1.2.1.jar (jakarta.activation:jakarta.activation-api:1.2.1) with MergeInstrumentationAnalysisTransform
Transforming auto-value-annotations-1.6.2.jar (com.google.auto.value:auto-value-annotations:1.6.2) with InstrumentationAnalysisTransform
Transforming auto-value-annotations-1.6.2.jar (com.google.auto.value:auto-value-annotations:1.6.2) with MergeInstrumentationAnalysisTransform
Transforming error_prone_annotations-2.18.0.jar (com.google.errorprone:error_prone_annotations:2.18.0) with InstrumentationAnalysisTransform
Transforming kotlin-klib-commonizer-api-2.1.10.jar (org.jetbrains.kotlin:kotlin-klib-commonizer-api:2.1.10) with ExternalDependencyInstrumentingArtifactTransform
Transforming error_prone_annotations-2.18.0.jar (com.google.errorprone:error_prone_annotations:2.18.0) with MergeInstrumentationAnalysisTransform
Transforming jose4j-0.9.5.jar (org.bitbucket.b_c:jose4j:0.9.5) with InstrumentationAnalysisTransform
Transforming jose4j-0.9.5.jar (org.bitbucket.b_c:jose4j:0.9.5) with MergeInstrumentationAnalysisTransform
Transforming slf4j-api-1.7.30.jar (org.slf4j:slf4j-api:1.7.30) with InstrumentationAnalysisTransform
Transforming slf4j-api-1.7.30.jar (org.slf4j:slf4j-api:1.7.30) with MergeInstrumentationAnalysisTransform
Transforming jdom2-2.0.6.jar (org.jdom:jdom2:2.0.6) with InstrumentationAnalysisTransform
Transforming jdom2-2.0.6.jar (org.jdom:jdom2:2.0.6) with MergeInstrumentationAnalysisTransform
Transforming jsr305-3.0.2.jar (com.google.code.findbugs:jsr305:3.0.2) with InstrumentationAnalysisTransform
Transforming jsr305-3.0.2.jar (com.google.code.findbugs:jsr305:3.0.2) with MergeInstrumentationAnalysisTransform
Transforming j2objc-annotations-2.8.jar (com.google.j2objc:j2objc-annotations:2.8) with InstrumentationAnalysisTransform
Transforming j2objc-annotations-2.8.jar (com.google.j2objc:j2objc-annotations:2.8) with MergeInstrumentationAnalysisTransform
Transforming annotations-4.1.1.4.jar (com.google.android:annotations:4.1.1.4) with InstrumentationAnalysisTransform
Transforming annotations-4.1.1.4.jar (com.google.android:annotations:4.1.1.4) with MergeInstrumentationAnalysisTransform
Transforming animal-sniffer-annotations-1.23.jar (org.codehaus.mojo:animal-sniffer-annotations:1.23) with InstrumentationAnalysisTransform
Transforming animal-sniffer-annotations-1.23.jar (org.codehaus.mojo:animal-sniffer-annotations:1.23) with MergeInstrumentationAnalysisTransform
Transforming perfmark-api-0.26.0.jar (io.perfmark:perfmark-api:0.26.0) with InstrumentationAnalysisTransform
Transforming perfmark-api-0.26.0.jar (io.perfmark:perfmark-api:0.26.0) with MergeInstrumentationAnalysisTransform
Transforming netty-codec-http2-4.1.93.Final.jar (io.netty:netty-codec-http2:4.1.93.Final) with InstrumentationAnalysisTransform
Transforming netty-codec-http2-4.1.93.Final.jar (io.netty:netty-codec-http2:4.1.93.Final) with MergeInstrumentationAnalysisTransform
Transforming netty-handler-proxy-4.1.93.Final.jar (io.netty:netty-handler-proxy:4.1.93.Final) with InstrumentationAnalysisTransform
Transforming netty-handler-proxy-4.1.93.Final.jar (io.netty:netty-handler-proxy:4.1.93.Final) with MergeInstrumentationAnalysisTransform
Transforming netty-codec-http-4.1.93.Final.jar (io.netty:netty-codec-http:4.1.93.Final) with InstrumentationAnalysisTransform
Transforming netty-codec-http-4.1.93.Final.jar (io.netty:netty-codec-http:4.1.93.Final) with MergeInstrumentationAnalysisTransform
Transforming netty-handler-4.1.93.Final.jar (io.netty:netty-handler:4.1.93.Final) with InstrumentationAnalysisTransform
Transforming kotlin-gradle-plugin-idea-proto-2.1.10.jar (org.jetbrains.kotlin:kotlin-gradle-plugin-idea-proto:2.1.10) with ExternalDependencyInstrumentingArtifactTransform
Transforming jimfs-1.1.jar (com.google.jimfs:jimfs:1.1) with ExternalDependencyInstrumentingArtifactTransform
Transforming netty-handler-4.1.93.Final.jar (io.netty:netty-handler:4.1.93.Final) with MergeInstrumentationAnalysisTransform
Transforming netty-transport-native-unix-common-4.1.93.Final.jar (io.netty:netty-transport-native-unix-common:4.1.93.Final) with InstrumentationAnalysisTransform
Transforming grpc-context-1.57.0.jar (io.grpc:grpc-context:1.57.0) with ExternalDependencyInstrumentingArtifactTransform
Transforming netty-transport-native-unix-common-4.1.93.Final.jar (io.netty:netty-transport-native-unix-common:4.1.93.Final) with MergeInstrumentationAnalysisTransform
Transforming checker-qual-3.33.0.jar (org.checkerframework:checker-qual:3.33.0) with InstrumentationAnalysisTransform
Transforming checker-qual-3.33.0.jar (org.checkerframework:checker-qual:3.33.0) with MergeInstrumentationAnalysisTransform
Transforming commons-codec-1.11.jar (commons-codec:commons-codec:1.11) with InstrumentationAnalysisTransform
Transforming grpc-protobuf-lite-1.57.0.jar (io.grpc:grpc-protobuf-lite:1.57.0) with ExternalDependencyInstrumentingArtifactTransform
Transforming commons-codec-1.11.jar (commons-codec:commons-codec:1.11) with MergeInstrumentationAnalysisTransform
Transforming apksig-8.8.0.jar (com.android.tools.build:apksig:8.8.0) with InstrumentationAnalysisTransform
Transforming apksig-8.8.0.jar (com.android.tools.build:apksig:8.8.0) with MergeInstrumentationAnalysisTransform
Transforming javawriter-2.5.0.jar (com.squareup:javawriter:2.5.0) with InstrumentationAnalysisTransform
Transforming kotlin-compiler-runner-2.1.10.jar (org.jetbrains.kotlin:kotlin-compiler-runner:2.1.10) with ExternalDependencyInstrumentingArtifactTransform
Transforming javawriter-2.5.0.jar (com.squareup:javawriter:2.5.0) with MergeInstrumentationAnalysisTransform
Transforming grpc-api-1.57.0.jar (io.grpc:grpc-api:1.57.0) with ExternalDependencyInstrumentingArtifactTransform
Transforming kotlin-gradle-plugin-annotations-2.1.10.jar (org.jetbrains.kotlin:kotlin-gradle-plugin-annotations:2.1.10) with InstrumentationAnalysisTransform
Transforming kotlin-util-klib-metadata-2.1.10.jar (org.jetbrains.kotlin:kotlin-util-klib-metadata:2.1.10) with ExternalDependencyInstrumentingArtifactTransform
Transforming guava-32.0.1-jre.jar (com.google.guava:guava:32.0.1-jre) with ExternalDependencyInstrumentingArtifactTransform
Transforming dagger-2.28.3.jar (com.google.dagger:dagger:2.28.3) with ExternalDependencyInstrumentingArtifactTransform
Transforming javax.inject-1.jar (javax.inject:javax.inject:1) with ExternalDependencyInstrumentingArtifactTransform
Transforming kxml2-2.3.0.jar (net.sf.kxml:kxml2:2.3.0) with ExternalDependencyInstrumentingArtifactTransform
Transforming bcutil-jdk18on-1.77.jar (org.bouncycastle:bcutil-jdk18on:1.77) with ExternalDependencyInstrumentingArtifactTransform
Transforming bcprov-jdk18on-1.77.jar (org.bouncycastle:bcprov-jdk18on:1.77) with ExternalDependencyInstrumentingArtifactTransform
Transforming commons-compress-1.21.jar (org.apache.commons:commons-compress:1.21) with ExternalDependencyInstrumentingArtifactTransform
Transforming httpclient-4.5.14.jar (org.apache.httpcomponents:httpclient:4.5.14) with ExternalDependencyInstrumentingArtifactTransform
Transforming httpcore-4.4.16.jar (org.apache.httpcomponents:httpcore:4.4.16) with ExternalDependencyInstrumentingArtifactTransform
Transforming javax.activation-1.2.0.jar (com.sun.activation:javax.activation:1.2.0) with ExternalDependencyInstrumentingArtifactTransform
Transforming signflinger-8.8.0.jar (com.android:signflinger:8.8.0) with ExternalDependencyInstrumentingArtifactTransform
Transforming zipflinger-8.8.0.jar (com.android:zipflinger:8.8.0) with ExternalDependencyInstrumentingArtifactTransform
Transforming annotations-31.8.0.jar (com.android.tools:annotations:31.8.0) with ExternalDependencyInstrumentingArtifactTransform
Transforming juniversalchardet-1.0.3.jar (com.googlecode.juniversalchardet:juniversalchardet:1.0.3) with ExternalDependencyInstrumentingArtifactTransform
Transforming javax.annotation-api-1.3.2.jar (javax.annotation:javax.annotation-api:1.3.2) with ExternalDependencyInstrumentingArtifactTransform
Transforming jakarta.xml.bind-api-2.3.2.jar (jakarta.xml.bind:jakarta.xml.bind-api:2.3.2) with ExternalDependencyInstrumentingArtifactTransform
Transforming txw2-2.3.2.jar (org.glassfish.jaxb:txw2:2.3.2) with ExternalDependencyInstrumentingArtifactTransform
Transforming istack-commons-runtime-3.0.8.jar (com.sun.istack:istack-commons-runtime:3.0.8) with ExternalDependencyInstrumentingArtifactTransform
Transforming kotlin-gradle-plugin-annotations-2.1.10.jar (org.jetbrains.kotlin:kotlin-gradle-plugin-annotations:2.1.10) with MergeInstrumentationAnalysisTransform
Transforming kotlin-native-utils-2.1.10.jar (org.jetbrains.kotlin:kotlin-native-utils:2.1.10) with InstrumentationAnalysisTransform
Transforming kotlin-native-utils-2.1.10.jar (org.jetbrains.kotlin:kotlin-native-utils:2.1.10) with MergeInstrumentationAnalysisTransform
Transforming kotlin-tooling-core-2.1.10.jar (org.jetbrains.kotlin:kotlin-tooling-core:2.1.10) with InstrumentationAnalysisTransform
Transforming kotlin-tooling-core-2.1.10.jar (org.jetbrains.kotlin:kotlin-tooling-core:2.1.10) with MergeInstrumentationAnalysisTransform
Transforming kotlin-build-tools-api-2.1.10.jar (org.jetbrains.kotlin:kotlin-build-tools-api:2.1.10) with InstrumentationAnalysisTransform
Transforming kotlin-build-tools-api-2.1.10.jar (org.jetbrains.kotlin:kotlin-build-tools-api:2.1.10) with MergeInstrumentationAnalysisTransform
Transforming kotlin-util-klib-2.1.10.jar (org.jetbrains.kotlin:kotlin-util-klib:2.1.10) with InstrumentationAnalysisTransform
Transforming kotlin-util-klib-2.1.10.jar (org.jetbrains.kotlin:kotlin-util-klib:2.1.10) with MergeInstrumentationAnalysisTransform
Transforming kotlin-util-io-2.1.10.jar (org.jetbrains.kotlin:kotlin-util-io:2.1.10) with InstrumentationAnalysisTransform
Transforming kotlin-util-io-2.1.10.jar (org.jetbrains.kotlin:kotlin-util-io:2.1.10) with MergeInstrumentationAnalysisTransform
Transforming kotlin-daemon-client-2.1.10.jar (org.jetbrains.kotlin:kotlin-daemon-client:2.1.10) with InstrumentationAnalysisTransform
Transforming kotlin-daemon-client-2.1.10.jar (org.jetbrains.kotlin:kotlin-daemon-client:2.1.10) with MergeInstrumentationAnalysisTransform
Transforming kotlinx-coroutines-core-jvm-1.6.4.jar (org.jetbrains.kotlinx:kotlinx-coroutines-core-jvm:1.6.4) with InstrumentationAnalysisTransform
Transforming kotlinx-coroutines-core-jvm-1.6.4.jar (org.jetbrains.kotlinx:kotlinx-coroutines-core-jvm:1.6.4) with MergeInstrumentationAnalysisTransform
Transforming failureaccess-1.0.1.jar (com.google.guava:failureaccess:1.0.1) with InstrumentationAnalysisTransform
Transforming failureaccess-1.0.1.jar (com.google.guava:failureaccess:1.0.1) with MergeInstrumentationAnalysisTransform
Transforming listenablefuture-9999.0-empty-to-avoid-conflict-with-guava.jar (com.google.guava:listenablefuture:9999.0-empty-to-avoid-conflict-with-guava) with InstrumentationAnalysisTransform
Transforming listenablefuture-9999.0-empty-to-avoid-conflict-with-guava.jar (com.google.guava:listenablefuture:9999.0-empty-to-avoid-conflict-with-guava) with MergeInstrumentationAnalysisTransform
Transforming commons-logging-1.2.jar (commons-logging:commons-logging:1.2) with InstrumentationAnalysisTransform
Transforming commons-logging-1.2.jar (commons-logging:commons-logging:1.2) with MergeInstrumentationAnalysisTransform
Transforming jna-5.6.0.jar (net.java.dev.jna:jna:5.6.0) with InstrumentationAnalysisTransform
Transforming jna-5.6.0.jar (net.java.dev.jna:jna:5.6.0) with MergeInstrumentationAnalysisTransform
Transforming netty-codec-socks-4.1.93.Final.jar (io.netty:netty-codec-socks:4.1.93.Final) with InstrumentationAnalysisTransform
Transforming netty-codec-socks-4.1.93.Final.jar (io.netty:netty-codec-socks:4.1.93.Final) with MergeInstrumentationAnalysisTransform
Transforming netty-codec-4.1.93.Final.jar (io.netty:netty-codec:4.1.93.Final) with InstrumentationAnalysisTransform
Transforming FastInfoset-1.2.16.jar (com.sun.xml.fastinfoset:FastInfoset:1.2.16) with ExternalDependencyInstrumentingArtifactTransform
Transforming netty-codec-4.1.93.Final.jar (io.netty:netty-codec:4.1.93.Final) with MergeInstrumentationAnalysisTransform
Transforming netty-transport-4.1.93.Final.jar (io.netty:netty-transport:4.1.93.Final) with InstrumentationAnalysisTransform
Transforming netty-transport-4.1.93.Final.jar (io.netty:netty-transport:4.1.93.Final) with MergeInstrumentationAnalysisTransform
Transforming netty-buffer-4.1.93.Final.jar (io.netty:netty-buffer:4.1.93.Final) with InstrumentationAnalysisTransform
Transforming netty-buffer-4.1.93.Final.jar (io.netty:netty-buffer:4.1.93.Final) with MergeInstrumentationAnalysisTransform
Transforming netty-resolver-4.1.93.Final.jar (io.netty:netty-resolver:4.1.93.Final) with InstrumentationAnalysisTransform
Transforming netty-resolver-4.1.93.Final.jar (io.netty:netty-resolver:4.1.93.Final) with MergeInstrumentationAnalysisTransform
Transforming netty-common-4.1.93.Final.jar (io.netty:netty-common:4.1.93.Final) with InstrumentationAnalysisTransform
Transforming netty-common-4.1.93.Final.jar (io.netty:netty-common:4.1.93.Final) with MergeInstrumentationAnalysisTransform
Transforming jakarta.activation-api-1.2.1.jar (jakarta.activation:jakarta.activation-api:1.2.1) with ExternalDependencyInstrumentingArtifactTransform
Transforming auto-value-annotations-1.6.2.jar (com.google.auto.value:auto-value-annotations:1.6.2) with ExternalDependencyInstrumentingArtifactTransform
Transforming stax-ex-1.8.1.jar (org.jvnet.staxex:stax-ex:1.8.1) with ExternalDependencyInstrumentingArtifactTransform
Transforming error_prone_annotations-2.18.0.jar (com.google.errorprone:error_prone_annotations:2.18.0) with ExternalDependencyInstrumentingArtifactTransform
Transforming jose4j-0.9.5.jar (org.bitbucket.b_c:jose4j:0.9.5) with ExternalDependencyInstrumentingArtifactTransform
Transforming slf4j-api-1.7.30.jar (org.slf4j:slf4j-api:1.7.30) with ExternalDependencyInstrumentingArtifactTransform
Transforming jdom2-2.0.6.jar (org.jdom:jdom2:2.0.6) with ExternalDependencyInstrumentingArtifactTransform
Transforming jsr305-3.0.2.jar (com.google.code.findbugs:jsr305:3.0.2) with ExternalDependencyInstrumentingArtifactTransform
Transforming j2objc-annotations-2.8.jar (com.google.j2objc:j2objc-annotations:2.8) with ExternalDependencyInstrumentingArtifactTransform
Transforming annotations-4.1.1.4.jar (com.google.android:annotations:4.1.1.4) with ExternalDependencyInstrumentingArtifactTransform
Transforming animal-sniffer-annotations-1.23.jar (org.codehaus.mojo:animal-sniffer-annotations:1.23) with ExternalDependencyInstrumentingArtifactTransform
Transforming perfmark-api-0.26.0.jar (io.perfmark:perfmark-api:0.26.0) with ExternalDependencyInstrumentingArtifactTransform
Transforming netty-codec-http2-4.1.93.Final.jar (io.netty:netty-codec-http2:4.1.93.Final) with ExternalDependencyInstrumentingArtifactTransform
Transforming netty-handler-proxy-4.1.93.Final.jar (io.netty:netty-handler-proxy:4.1.93.Final) with ExternalDependencyInstrumentingArtifactTransform
Transforming netty-codec-http-4.1.93.Final.jar (io.netty:netty-codec-http:4.1.93.Final) with ExternalDependencyInstrumentingArtifactTransform
Transforming netty-handler-4.1.93.Final.jar (io.netty:netty-handler:4.1.93.Final) with ExternalDependencyInstrumentingArtifactTransform
Transforming netty-transport-native-unix-common-4.1.93.Final.jar (io.netty:netty-transport-native-unix-common:4.1.93.Final) with ExternalDependencyInstrumentingArtifactTransform
Transforming checker-qual-3.33.0.jar (org.checkerframework:checker-qual:3.33.0) with ExternalDependencyInstrumentingArtifactTransform
Transforming jna-platform-5.6.0.jar (net.java.dev.jna:jna-platform:5.6.0) with ExternalDependencyInstrumentingArtifactTransform
Transforming commons-codec-1.11.jar (commons-codec:commons-codec:1.11) with ExternalDependencyInstrumentingArtifactTransform
Transforming apksig-8.8.0.jar (com.android.tools.build:apksig:8.8.0) with ExternalDependencyInstrumentingArtifactTransform
Transforming javawriter-2.5.0.jar (com.squareup:javawriter:2.5.0) with ExternalDependencyInstrumentingArtifactTransform
Transforming kotlin-gradle-plugin-annotations-2.1.10.jar (org.jetbrains.kotlin:kotlin-gradle-plugin-annotations:2.1.10) with ExternalDependencyInstrumentingArtifactTransform
Transforming kotlin-native-utils-2.1.10.jar (org.jetbrains.kotlin:kotlin-native-utils:2.1.10) with ExternalDependencyInstrumentingArtifactTransform
Transforming kotlin-tooling-core-2.1.10.jar (org.jetbrains.kotlin:kotlin-tooling-core:2.1.10) with ExternalDependencyInstrumentingArtifactTransform
Transforming kotlin-build-tools-api-2.1.10.jar (org.jetbrains.kotlin:kotlin-build-tools-api:2.1.10) with ExternalDependencyInstrumentingArtifactTransform
Transforming kotlin-util-klib-2.1.10.jar (org.jetbrains.kotlin:kotlin-util-klib:2.1.10) with ExternalDependencyInstrumentingArtifactTransform
Transforming kotlin-daemon-client-2.1.10.jar (org.jetbrains.kotlin:kotlin-daemon-client:2.1.10) with ExternalDependencyInstrumentingArtifactTransform
Transforming kotlinx-coroutines-core-jvm-1.6.4.jar (org.jetbrains.kotlinx:kotlinx-coroutines-core-jvm:1.6.4) with ExternalDependencyInstrumentingArtifactTransform
Transforming failureaccess-1.0.1.jar (com.google.guava:failureaccess:1.0.1) with ExternalDependencyInstrumentingArtifactTransform
Transforming listenablefuture-9999.0-empty-to-avoid-conflict-with-guava.jar (com.google.guava:listenablefuture:9999.0-empty-to-avoid-conflict-with-guava) with ExternalDependencyInstrumentingArtifactTransform
Transforming commons-logging-1.2.jar (commons-logging:commons-logging:1.2) with ExternalDependencyInstrumentingArtifactTransform
Transforming kotlin-util-io-2.1.10.jar (org.jetbrains.kotlin:kotlin-util-io:2.1.10) with ExternalDependencyInstrumentingArtifactTransform
Transforming netty-codec-4.1.93.Final.jar (io.netty:netty-codec:4.1.93.Final) with ExternalDependencyInstrumentingArtifactTransform
Transforming netty-transport-4.1.93.Final.jar (io.netty:netty-transport:4.1.93.Final) with ExternalDependencyInstrumentingArtifactTransform
Transforming netty-resolver-4.1.93.Final.jar (io.netty:netty-resolver:4.1.93.Final) with ExternalDependencyInstrumentingArtifactTransform
Transforming netty-common-4.1.93.Final.jar (io.netty:netty-common:4.1.93.Final) with ExternalDependencyInstrumentingArtifactTransform
Transforming netty-codec-socks-4.1.93.Final.jar (io.netty:netty-codec-socks:4.1.93.Final) with ExternalDependencyInstrumentingArtifactTransform
Transforming jna-5.6.0.jar (net.java.dev.jna:jna:5.6.0) with ExternalDependencyInstrumentingArtifactTransform
Transforming netty-buffer-4.1.93.Final.jar (io.netty:netty-buffer:4.1.93.Final) with ExternalDependencyInstrumentingArtifactTransform

> Configure project :app
Evaluating project ':app' using build file '/home/runner/work/beltflow/beltflow/app/build.gradle.kts'.
Using default execution profile
Using Kotlin Gradle Plugin gradle85 variant
Detected Android Gradle Plugin compose compiler configuration
Detected Android Gradle Plugin compose compiler configuration
Detected Android Gradle Plugin compose compiler configuration
Detected Android Gradle Plugin compose compiler configuration
Detected Android Gradle Plugin compose compiler configuration
All projects evaluated.
Task path ':app:bundleRelease' matched project ':app'
Task name matched 'bundleRelease'
Task path ':app:assembleRelease' matched project ':app'
Task name matched 'assembleRelease'
Selected primary task 'bundleRelease' from project :app
WARNING: We recommend using a newer Android Gradle plugin to use compileSdk = 36

This Android Gradle plugin (8.8.0) was tested up to compileSdk = 35.

You are strongly encouraged to update your project to use a newer
Android Gradle plugin that has been tested with compileSdk = 36.

If you are already using the latest version of the Android Gradle plugin,
you may need to wait until a newer version with support for compileSdk = 36 is available.

For more information refer to the compatibility table:
https://d.android.com/r/tools/api-level-support

To suppress this warning, add/update
    android.suppressUnsupportedCompileSdk=36
to this project's gradle.properties.
Selected primary task 'assembleRelease' from project :app
Tasks to be executed: [task ':app:preBuild', task ':app:preReleaseBuild', task ':app:generateReleaseResValues', task ':app:mapReleaseSourceSetPaths', task ':app:generateReleaseResources', task ':app:mergeReleaseResources', task ':app:createReleaseCompatibleScreenManifests', task ':app:extractDeepLinksRelease', task ':app:processReleaseMainManifest', task ':app:processReleaseManifest', task ':app:processApplicationManifestReleaseForBundle', task ':app:checkReleaseAarMetadata', task ':app:packageReleaseResources', task ':app:parseReleaseLocalResources', task ':app:processReleaseManifestForPackage', task ':app:processReleaseResources', task ':app:bundleReleaseResources', task ':app:extractReleaseVersionControlInfo', task ':app:checkReleaseDuplicateClasses', task ':app:buildKotlinToolingMetadata', task ':app:checkKotlinGradlePluginConfigurationErrors', task ':app:kspReleaseKotlin', task ':app:compileReleaseKotlin', task ':app:javaPreCompileRelease', task ':app:compileReleaseJavaWithJavac', task ':app:dexBuilderRelease', task ':app:desugarReleaseFileDependencies', task ':app:mergeReleaseStartupProfile', task ':app:mergeExtDexRelease', task ':app:mergeDexRelease', task ':app:mergeReleaseShaders', task ':app:compileReleaseShaders', task ':app:generateReleaseAssets', task ':app:mergeReleaseAssets', task ':app:mergeReleaseGlobalSynthetics', task ':app:processReleaseJavaRes', task ':app:mergeReleaseJavaResource', task ':app:mergeReleaseJniLibFolders', task ':app:mergeReleaseNativeLibs', task ':app:stripReleaseDebugSymbols', task ':app:writeReleaseAppMetadata', task ':app:buildReleasePreBundle', task ':app:mergeReleaseArtProfile', task ':app:compileReleaseArtProfile', task ':app:collectReleaseDependencies', task ':app:configureReleaseDependencies', task ':app:extractReleaseNativeSymbolTables', task ':app:parseReleaseIntegrityConfig', task ':app:packageReleaseBundle', task ':app:validateSigningRelease', task ':app:signReleaseBundle', task ':app:produceReleaseBundleIdeListingFile', task ':app:createReleaseBundleListingFileRedirect', task ':app:bundleRelease', task ':app:extractProguardFiles', task ':app:generateReleaseLintVitalReportModel', task ':app:lintVitalAnalyzeRelease', task ':app:lintVitalReportRelease', task ':app:lintVitalRelease', task ':app:mergeReleaseNativeDebugMetadata', task ':app:compressReleaseAssets', task ':app:optimizeReleaseResources', task ':app:sdkReleaseDependencyData', task ':app:writeReleaseSigningConfigVersions', task ':app:packageRelease', task ':app:createReleaseApkListingFileRedirect', task ':app:assembleRelease']
Tasks that were excluded: []
Resolve mutations for :app:preBuild (Thread[Execution worker,5,main]) started.
destroyer locations for task group 0 (Thread[included builds,5,main]) started.
:app:preBuild (Thread[Execution worker Thread 3,5,main]) started.

> Task :app:preBuild UP-TO-DATE
Skipping task ':app:preBuild' as it has no actions.
Resolve mutations for :app:preReleaseBuild (Thread[Execution worker Thread 3,5,main]) started.
:app:preReleaseBuild (Thread[Execution worker Thread 3,5,main]) started.

> Task :app:preReleaseBuild UP-TO-DATE
Skipping task ':app:preReleaseBuild' as it has no actions.
Resolve mutations for :app:generateReleaseResValues (Thread[Execution worker Thread 3,5,main]) started.
:app:generateReleaseResValues (Thread[Execution worker Thread 3,5,main]) started.

> Task :app:generateReleaseResValues
Caching disabled for task ':app:generateReleaseResValues' because:
  Build cache is disabled
Task ':app:generateReleaseResValues' is not up-to-date because:
  No history is available.
Resolve mutations for :app:mapReleaseSourceSetPaths (Thread[Execution worker Thread 3,5,main]) started.
:app:mapReleaseSourceSetPaths (Thread[Execution worker Thread 3,5,main]) started.

> Task :app:mapReleaseSourceSetPaths
Transforming navigation-common-2.8.8.aar (androidx.navigation:navigation-common:2.8.8) with ExtractAarTransform
Transforming navigation-runtime-2.8.8.aar (androidx.navigation:navigation-runtime:2.8.8) with ExtractAarTransform
Transforming navigation-common-ktx-2.8.8.aar (androidx.navigation:navigation-common-ktx:2.8.8) with ExtractAarTransform
Transforming navigation-runtime-ktx-2.8.8.aar (androidx.navigation:navigation-runtime-ktx:2.8.8) with ExtractAarTransform
Transforming navigation-runtime-ktx-2.8.8.aar (androidx.navigation:navigation-runtime-ktx:2.8.8) with AarTransform
Transforming navigation-common-ktx-2.8.8.aar (androidx.navigation:navigation-common-ktx:2.8.8) with AarTransform
Transforming navigation-runtime-2.8.8.aar (androidx.navigation:navigation-runtime:2.8.8) with AarTransform
Transforming navigation-common-2.8.8.aar (androidx.navigation:navigation-common:2.8.8) with AarTransform
Transforming navigation-compose-2.8.8.aar (androidx.navigation:navigation-compose:2.8.8) with ExtractAarTransform
Transforming activity-1.10.1.aar (androidx.activity:activity:1.10.1) with ExtractAarTransform
Transforming material3-release.aar (androidx.compose.material3:material3-android:1.3.1) with ExtractAarTransform
Transforming coil-compose-2.7.0.aar (io.coil-kt:coil-compose:2.7.0) with ExtractAarTransform
Transforming coil-compose-2.7.0.aar (io.coil-kt:coil-compose:2.7.0) with AarTransform
Transforming activity-1.10.1.aar (androidx.activity:activity:1.10.1) with AarTransform
Transforming navigation-compose-2.8.8.aar (androidx.navigation:navigation-compose:2.8.8) with AarTransform
Transforming animation-core-release.aar (androidx.compose.animation:animation-core-android:1.7.8) with ExtractAarTransform
Transforming coil-compose-base-2.7.0.aar (io.coil-kt:coil-compose-base:2.7.0) with ExtractAarTransform
Transforming material-ripple-release.aar (androidx.compose.material:material-ripple-android:1.7.8) with ExtractAarTransform
Transforming animation-core-release.aar (androidx.compose.animation:animation-core-android:1.7.8) with AarTransform
Transforming coil-compose-base-2.7.0.aar (io.coil-kt:coil-compose-base:2.7.0) with AarTransform
Transforming animation-release.aar (androidx.compose.animation:animation-android:1.7.8) with ExtractAarTransform
Transforming material-ripple-release.aar (androidx.compose.material:material-ripple-android:1.7.8) with AarTransform
Transforming foundation-layout-release.aar (androidx.compose.foundation:foundation-layout-android:1.7.8) with ExtractAarTransform
Transforming animation-release.aar (androidx.compose.animation:animation-android:1.7.8) with AarTransform
Transforming foundation-release.aar (androidx.compose.foundation:foundation-android:1.7.8) with ExtractAarTransform
Transforming ui-unit-release.aar (androidx.compose.ui:ui-unit-android:1.7.8) with ExtractAarTransform
Transforming foundation-layout-release.aar (androidx.compose.foundation:foundation-layout-android:1.7.8) with AarTransform
Transforming ui-geometry-release.aar (androidx.compose.ui:ui-geometry-android:1.7.8) with ExtractAarTransform
Transforming ui-unit-release.aar (androidx.compose.ui:ui-unit-android:1.7.8) with AarTransform
Transforming ui-geometry-release.aar (androidx.compose.ui:ui-geometry-android:1.7.8) with AarTransform
Transforming material3-release.aar (androidx.compose.material3:material3-android:1.3.1) with AarTransform
Transforming ui-util-release.aar (androidx.compose.ui:ui-util-android:1.7.8) with ExtractAarTransform
Transforming ui-util-release.aar (androidx.compose.ui:ui-util-android:1.7.8) with AarTransform
Transforming ui-text-release.aar (androidx.compose.ui:ui-text-android:1.7.8) with ExtractAarTransform
Transforming foundation-release.aar (androidx.compose.foundation:foundation-android:1.7.8) with AarTransform
Transforming ui-tooling-preview-release.aar (androidx.compose.ui:ui-tooling-preview-android:1.7.8) with ExtractAarTransform
Transforming ui-graphics-release.aar (androidx.compose.ui:ui-graphics-android:1.7.8) with ExtractAarTransform
Transforming autofill-1.0.0.aar (androidx.autofill:autofill:1.0.0) with ExtractAarTransform
Transforming ui-text-release.aar (androidx.compose.ui:ui-text-android:1.7.8) with AarTransform
Transforming graphics-path-1.0.1.aar (androidx.graphics:graphics-path:1.0.1) with ExtractAarTransform
Transforming ui-tooling-preview-release.aar (androidx.compose.ui:ui-tooling-preview-android:1.7.8) with AarTransform
Transforming ui-graphics-release.aar (androidx.compose.ui:ui-graphics-android:1.7.8) with AarTransform
Transforming coil-2.7.0.aar (io.coil-kt:coil:2.7.0) with ExtractAarTransform
Transforming autofill-1.0.0.aar (androidx.autofill:autofill:1.0.0) with AarTransform
Transforming coil-2.7.0.aar (io.coil-kt:coil:2.7.0) with AarTransform
Transforming coil-base-2.7.0.aar (io.coil-kt:coil-base:2.7.0) with ExtractAarTransform
Transforming appcompat-resources-1.6.1.aar (androidx.appcompat:appcompat-resources:1.6.1) with ExtractAarTransform
Transforming graphics-path-1.0.1.aar (androidx.graphics:graphics-path:1.0.1) with AarTransform
Transforming vectordrawable-animated-1.1.0.aar (androidx.vectordrawable:vectordrawable-animated:1.1.0) with ExtractAarTransform
Transforming vectordrawable-1.1.0.aar (androidx.vectordrawable:vectordrawable:1.1.0) with ExtractAarTransform
Transforming coil-base-2.7.0.aar (io.coil-kt:coil-base:2.7.0) with AarTransform
Transforming appcompat-resources-1.6.1.aar (androidx.appcompat:appcompat-resources:1.6.1) with AarTransform
Transforming vectordrawable-1.1.0.aar (androidx.vectordrawable:vectordrawable:1.1.0) with AarTransform
Transforming vectordrawable-1.1.0.aar (androidx.vectordrawable:vectordrawable:1.1.0) with ExtractAarTransform
Transforming vectordrawable-1.1.0.aar (androidx.vectordrawable:vectordrawable:1.1.0) with AarTransform
Transforming emoji2-1.3.0.aar (androidx.emoji2:emoji2:1.3.0) with ExtractAarTransform
Transforming core-1.15.0.aar (androidx.core:core:1.15.0) with ExtractAarTransform
Transforming core-1.15.0.aar (androidx.core:core:1.15.0) with ExtractAarTransform
Transforming vectordrawable-animated-1.1.0.aar (androidx.vectordrawable:vectordrawable-animated:1.1.0) with AarTransform
Transforming core-1.15.0.aar (androidx.core:core:1.15.0) with ExtractAarTransform
Transforming emoji2-1.3.0.aar (androidx.emoji2:emoji2:1.3.0) with AarTransform
Transforming savedstate-ktx-1.2.1.aar (androidx.savedstate:savedstate-ktx:1.2.1) with ExtractAarTransform
Transforming savedstate-ktx-1.2.1.aar (androidx.savedstate:savedstate-ktx:1.2.1) with AarTransform
Transforming savedstate-1.2.1.aar (androidx.savedstate:savedstate:1.2.1) with ExtractAarTransform
Transforming savedstate-1.2.1.aar (androidx.savedstate:savedstate:1.2.1) with AarTransform
Transforming lifecycle-process-2.8.7.aar (androidx.lifecycle:lifecycle-process:2.8.7) with ExtractAarTransform
Transforming lifecycle-process-2.8.7.aar (androidx.lifecycle:lifecycle-process:2.8.7) with AarTransform
Transforming lifecycle-livedata-core-2.8.7.aar (androidx.lifecycle:lifecycle-livedata-core:2.8.7) with ExtractAarTransform
Transforming lifecycle-livedata-core-2.8.7.aar (androidx.lifecycle:lifecycle-livedata-core:2.8.7) with AarTransform
Transforming lifecycle-viewmodel-release.aar (androidx.lifecycle:lifecycle-viewmodel-android:2.8.7) with ExtractAarTransform
Transforming lifecycle-viewmodel-release.aar (androidx.lifecycle:lifecycle-viewmodel-android:2.8.7) with AarTransform
Transforming lifecycle-runtime-release.aar (androidx.lifecycle:lifecycle-runtime-android:2.8.7) with ExtractAarTransform
Transforming core-1.15.0.aar (androidx.core:core:1.15.0) with AarTransform
Transforming core-1.15.0.aar (androidx.core:core:1.15.0) with AarTransform
Transforming lifecycle-viewmodel-ktx-2.8.7.aar (androidx.lifecycle:lifecycle-viewmodel-ktx:2.8.7) with ExtractAarTransform
Transforming lifecycle-viewmodel-savedstate-2.8.7.aar (androidx.lifecycle:lifecycle-viewmodel-savedstate:2.8.7) with ExtractAarTransform
Transforming core-1.15.0.aar (androidx.core:core:1.15.0) with AarTransform
Transforming lifecycle-runtime-compose-release.aar (androidx.lifecycle:lifecycle-runtime-compose-android:2.8.7) with ExtractAarTransform
Transforming lifecycle-runtime-release.aar (androidx.lifecycle:lifecycle-runtime-android:2.8.7) with AarTransform
Transforming lifecycle-viewmodel-ktx-2.8.7.aar (androidx.lifecycle:lifecycle-viewmodel-ktx:2.8.7) with AarTransform
Transforming lifecycle-runtime-ktx-release.aar (androidx.lifecycle:lifecycle-runtime-ktx-android:2.8.7) with ExtractAarTransform
Transforming lifecycle-viewmodel-savedstate-2.8.7.aar (androidx.lifecycle:lifecycle-viewmodel-savedstate:2.8.7) with AarTransform
Transforming lifecycle-viewmodel-compose-release.aar (androidx.lifecycle:lifecycle-viewmodel-compose-android:2.8.7) with ExtractAarTransform
Transforming lifecycle-runtime-compose-release.aar (androidx.lifecycle:lifecycle-runtime-compose-android:2.8.7) with AarTransform
Transforming accompanist-drawablepainter-0.32.0.aar (com.google.accompanist:accompanist-drawablepainter:0.32.0) with ExtractAarTransform
Transforming material-icons-extended-release.aar (androidx.compose.material:material-icons-extended-android:1.7.8) with ExtractAarTransform
Transforming lifecycle-runtime-ktx-release.aar (androidx.lifecycle:lifecycle-runtime-ktx-android:2.8.7) with AarTransform
Transforming lifecycle-viewmodel-compose-release.aar (androidx.lifecycle:lifecycle-viewmodel-compose-android:2.8.7) with AarTransform
Transforming material-icons-core-release.aar (androidx.compose.material:material-icons-core-android:1.7.8) with ExtractAarTransform
Transforming ui-release.aar (androidx.compose.ui:ui-android:1.7.8) with ExtractAarTransform
Transforming accompanist-drawablepainter-0.32.0.aar (com.google.accompanist:accompanist-drawablepainter:0.32.0) with AarTransform
Transforming activity-ktx-1.10.1.aar (androidx.activity:activity-ktx:1.10.1) with ExtractAarTransform
Transforming material-icons-core-release.aar (androidx.compose.material:material-icons-core-android:1.7.8) with AarTransform
Transforming material-icons-extended-release.aar (androidx.compose.material:material-icons-extended-android:1.7.8) with AarTransform
Transforming activity-compose-1.10.1.aar (androidx.activity:activity-compose:1.10.1) with ExtractAarTransform
Transforming customview-poolingcontainer-1.0.0.aar (androidx.customview:customview-poolingcontainer:1.0.0) with ExtractAarTransform
Transforming activity-ktx-1.10.1.aar (androidx.activity:activity-ktx:1.10.1) with AarTransform
Transforming core-ktx-1.15.0.aar (androidx.core:core-ktx:1.15.0) with ExtractAarTransform
Transforming activity-compose-1.10.1.aar (androidx.activity:activity-compose:1.10.1) with AarTransform
Transforming customview-poolingcontainer-1.0.0.aar (androidx.customview:customview-poolingcontainer:1.0.0) with AarTransform
Transforming room-runtime-2.6.1.aar (androidx.room:room-runtime:2.6.1) with ExtractAarTransform
Transforming core-ktx-1.15.0.aar (androidx.core:core-ktx:1.15.0) with AarTransform
Transforming room-ktx-2.6.1.aar (androidx.room:room-ktx:2.6.1) with ExtractAarTransform
Transforming room-runtime-2.6.1.aar (androidx.room:room-runtime:2.6.1) with AarTransform
Transforming runtime-saveable-release.aar (androidx.compose.runtime:runtime-saveable-android:1.7.8) with ExtractAarTransform
Transforming room-ktx-2.6.1.aar (androidx.room:room-ktx:2.6.1) with AarTransform
Transforming runtime-release.aar (androidx.compose.runtime:runtime-android:1.7.8) with ExtractAarTransform
Transforming runtime-saveable-release.aar (androidx.compose.runtime:runtime-saveable-android:1.7.8) with AarTransform
Transforming runtime-release.aar (androidx.compose.runtime:runtime-android:1.7.8) with AarTransform
Transforming sqlite-framework-2.4.0.aar (androidx.sqlite:sqlite-framework:2.4.0) with ExtractAarTransform
Transforming sqlite-framework-2.4.0.aar (androidx.sqlite:sqlite-framework:2.4.0) with AarTransform
Transforming sqlite-2.4.0.aar (androidx.sqlite:sqlite:2.4.0) with ExtractAarTransform
Transforming ui-release.aar (androidx.compose.ui:ui-android:1.7.8) with AarTransform
Transforming core-runtime-2.2.0.aar (androidx.arch.core:core-runtime:2.2.0) with ExtractAarTransform
Transforming interpolator-1.0.0.aar (androidx.interpolator:interpolator:1.0.0) with ExtractAarTransform
Transforming interpolator-1.0.0.aar (androidx.interpolator:interpolator:1.0.0) with ExtractAarTransform
Transforming interpolator-1.0.0.aar (androidx.interpolator:interpolator:1.0.0) with AarTransform
Transforming interpolator-1.0.0.aar (androidx.interpolator:interpolator:1.0.0) with AarTransform
Transforming sqlite-2.4.0.aar (androidx.sqlite:sqlite:2.4.0) with AarTransform
Transforming profileinstaller-1.4.0.aar (androidx.profileinstaller:profileinstaller:1.4.0) with ExtractAarTransform
Transforming startup-runtime-1.1.1.aar (androidx.startup:startup-runtime:1.1.1) with ExtractAarTransform
Transforming tracing-1.2.0.aar (androidx.tracing:tracing:1.2.0) with ExtractAarTransform
Transforming core-runtime-2.2.0.aar (androidx.arch.core:core-runtime:2.2.0) with AarTransform
Transforming versionedparcelable-1.1.1.aar (androidx.versionedparcelable:versionedparcelable:1.1.1) with ExtractAarTransform
Transforming tracing-1.2.0.aar (androidx.tracing:tracing:1.2.0) with AarTransform
Transforming startup-runtime-1.1.1.aar (androidx.startup:startup-runtime:1.1.1) with AarTransform
Transforming exifinterface-1.3.7.aar (androidx.exifinterface:exifinterface:1.3.7) with ExtractAarTransform
Transforming profileinstaller-1.4.0.aar (androidx.profileinstaller:profileinstaller:1.4.0) with AarTransform
Transforming annotation-experimental-1.4.1.aar (androidx.annotation:annotation-experimental:1.4.1) with ExtractAarTransform
Transforming exifinterface-1.3.7.aar (androidx.exifinterface:exifinterface:1.3.7) with AarTransform
Transforming core-viewtree-1.0.0.aar (androidx.core:core-viewtree:1.0.0) with ExtractAarTransform
Transforming versionedparcelable-1.1.1.aar (androidx.versionedparcelable:versionedparcelable:1.1.1) with AarTransform
Transforming annotation-experimental-1.4.1.aar (androidx.annotation:annotation-experimental:1.4.1) with AarTransform
Transforming core-viewtree-1.0.0.aar (androidx.core:core-viewtree:1.0.0) with AarTransform
Caching disabled for task ':app:mapReleaseSourceSetPaths' because:
  Build cache is disabled
  Caching has been disabled for the task
Task ':app:mapReleaseSourceSetPaths' is not up-to-date because:
  No history is available.
Resolve mutations for :app:generateReleaseResources (Thread[Execution worker Thread 2,5,main]) started.
:app:generateReleaseResources (Thread[Execution worker Thread 3,5,main]) started.

> Task :app:generateReleaseResources
Caching disabled for task ':app:generateReleaseResources' because:
  Build cache is disabled
Task ':app:generateReleaseResources' is not up-to-date because:
  No history is available.
Resolve mutations for :app:mergeReleaseResources (Thread[Execution worker Thread 3,5,main]) started.
:app:mergeReleaseResources (Thread[Execution worker Thread 3,5,main]) started.
Resolve mutations for :app:createReleaseCompatibleScreenManifests (Thread[Execution worker Thread 2,5,main]) started.
:app:createReleaseCompatibleScreenManifests (Thread[Execution worker Thread 2,5,main]) started.

> Task :app:createReleaseCompatibleScreenManifests
Caching disabled for task ':app:createReleaseCompatibleScreenManifests' because:
  Build cache is disabled
  Caching has been disabled for the task
Task ':app:createReleaseCompatibleScreenManifests' is not up-to-date because:
  No history is available.
Resolve mutations for :app:extractDeepLinksRelease (Thread[Execution worker Thread 2,5,main]) started.
:app:extractDeepLinksRelease (Thread[Execution worker Thread 2,5,main]) started.

> Task :app:extractDeepLinksRelease
Caching disabled for task ':app:extractDeepLinksRelease' because:
  Build cache is disabled
Task ':app:extractDeepLinksRelease' is not up-to-date because:
  No history is available.
Resolve mutations for :app:processReleaseMainManifest (Thread[Execution worker Thread 2,5,main]) started.
:app:processReleaseMainManifest (Thread[Execution worker Thread 2,5,main]) started.

> Task :app:mergeReleaseResources
Caching disabled for task ':app:mergeReleaseResources' because:
  Build cache is disabled
Task ':app:mergeReleaseResources' is not up-to-date because:
  No history is available.
The input changes require a full rebuild for incremental task ':app:mergeReleaseResources'.
[MergeResources] Inputs are non-incremental full task action.
Compiling XML table /home/runner/work/beltflow/beltflow/app/build/intermediates/incremental/release/mergeReleaseResources/merged.dir/values/values.xml to /home/runner/work/beltflow/beltflow/app/build/intermediates/merged_res/release/mergeReleaseResources/values_values.arsc.flat
Compiling XML table /home/runner/work/beltflow/beltflow/app/build/intermediates/incremental/release/mergeReleaseResources/merged.dir/values-de/values-de.xml to /home/runner/work/beltflow/beltflow/app/build/intermediates/merged_res/release/mergeReleaseResources/values-de_values-de.arsc.flat
Compiling XML table /home/runner/work/beltflow/beltflow/app/build/intermediates/incremental/release/mergeReleaseResources/merged.dir/values-hi/values-hi.xml to /home/runner/work/beltflow/beltflow/app/build/intermediates/merged_res/release/mergeReleaseResources/values-hi_values-hi.arsc.flat
Transforming aapt2-8.8.0-12006047-linux.jar (com.android.tools.build:aapt2:8.8.0-12006047) with Aapt2Extractor
Compiling XML table /home/runner/work/beltflow/beltflow/app/build/intermediates/incremental/release/mergeReleaseResources/merged.dir/values-lo/values-lo.xml to /home/runner/work/beltflow/beltflow/app/build/intermediates/merged_res/release/mergeReleaseResources/values-lo_values-lo.arsc.flat
Compiling XML table /home/runner/work/beltflow/beltflow/app/build/intermediates/incremental/release/mergeReleaseResources/merged.dir/values-lt/values-lt.xml to /home/runner/work/beltflow/beltflow/app/build/intermediates/merged_res/release/mergeReleaseResources/values-lt_values-lt.arsc.flat
Compiling XML table /home/runner/work/beltflow/beltflow/app/build/intermediates/incremental/release/mergeReleaseResources/merged.dir/values-hr/values-hr.xml to /home/runner/work/beltflow/beltflow/app/build/intermediates/merged_res/release/mergeReleaseResources/values-hr_values-hr.arsc.flat
Compiling XML table /home/runner/work/beltflow/beltflow/app/build/intermediates/incremental/release/mergeReleaseResources/merged.dir/values-lv/values-lv.xml to /home/runner/work/beltflow/beltflow/app/build/intermediates/merged_res/release/mergeReleaseResources/values-lv_values-lv.arsc.flat
Compiling XML table /home/runner/work/beltflow/beltflow/app/build/intermediates/incremental/release/mergeReleaseResources/merged.dir/values-en-rIN/values-en-rIN.xml to /home/runner/work/beltflow/beltflow/app/build/intermediates/merged_res/release/mergeReleaseResources/values-en-rIN_values-en-rIN.arsc.flat
Compiling XML table /home/runner/work/beltflow/beltflow/app/build/intermediates/incremental/release/mergeReleaseResources/merged.dir/values-uk/values-uk.xml to /home/runner/work/beltflow/beltflow/app/build/intermediates/merged_res/release/mergeReleaseResources/values-uk_values-uk.arsc.flat
Compiling XML table /home/runner/work/beltflow/beltflow/app/build/intermediates/incremental/release/mergeReleaseResources/merged.dir/values-hy/values-hy.xml to /home/runner/work/beltflow/beltflow/app/build/intermediates/merged_res/release/mergeReleaseResources/values-hy_values-hy.arsc.flat
Compiling XML table /home/runner/work/beltflow/beltflow/app/build/intermediates/incremental/release/mergeReleaseResources/merged.dir/values-mk/values-mk.xml to /home/runner/work/beltflow/beltflow/app/build/intermediates/merged_res/release/mergeReleaseResources/values-mk_values-mk.arsc.flat
Compiling XML table /home/runner/work/beltflow/beltflow/app/build/intermediates/incremental/release/mergeReleaseResources/merged.dir/values-pt/values-pt.xml to /home/runner/work/beltflow/beltflow/app/build/intermediates/merged_res/release/mergeReleaseResources/values-pt_values-pt.arsc.flat
Compiling XML table /home/runner/work/beltflow/beltflow/app/build/intermediates/incremental/release/mergeReleaseResources/merged.dir/values-mr/values-mr.xml to /home/runner/work/beltflow/beltflow/app/build/intermediates/merged_res/release/mergeReleaseResources/values-mr_values-mr.arsc.flat
Compiling XML table /home/runner/work/beltflow/beltflow/app/build/intermediates/incremental/release/mergeReleaseResources/merged.dir/values-ml/values-ml.xml to /home/runner/work/beltflow/beltflow/app/build/intermediates/merged_res/release/mergeReleaseResources/values-ml_values-ml.arsc.flat
Compiling XML table /home/runner/work/beltflow/beltflow/app/build/intermediates/incremental/release/mergeReleaseResources/merged.dir/values-mn/values-mn.xml to /home/runner/work/beltflow/beltflow/app/build/intermediates/merged_res/release/mergeReleaseResources/values-mn_values-mn.arsc.flat
Compiling XML table /home/runner/work/beltflow/beltflow/app/build/intermediates/incremental/release/mergeReleaseResources/merged.dir/values-hu/values-hu.xml to /home/runner/work/beltflow/beltflow/app/build/intermediates/merged_res/release/mergeReleaseResources/values-hu_values-hu.arsc.flat
Compiling XML table /home/runner/work/beltflow/beltflow/app/build/intermediates/incremental/release/mergeReleaseResources/merged.dir/values-af/values-af.xml to /home/runner/work/beltflow/beltflow/app/build/intermediates/merged_res/release/mergeReleaseResources/values-af_values-af.arsc.flat
Compiling XML table /home/runner/work/beltflow/beltflow/app/build/intermediates/incremental/release/mergeReleaseResources/merged.dir/values-fr-rCA/values-fr-rCA.xml to /home/runner/work/beltflow/beltflow/app/build/intermediates/merged_res/release/mergeReleaseResources/values-fr-rCA_values-fr-rCA.arsc.flat
Compiling XML table /home/runner/work/beltflow/beltflow/app/build/intermediates/incremental/release/mergeReleaseResources/merged.dir/values-ms/values-ms.xml to /home/runner/work/beltflow/beltflow/app/build/intermediates/merged_res/release/mergeReleaseResources/values-ms_values-ms.arsc.flat
Compiling XML table /home/runner/work/beltflow/beltflow/app/build/intermediates/incremental/release/mergeReleaseResources/merged.dir/values-ur/values-ur.xml to /home/runner/work/beltflow/beltflow/app/build/intermediates/merged_res/release/mergeReleaseResources/values-ur_values-ur.arsc.flat
Compiling XML table /home/runner/work/beltflow/beltflow/app/build/intermediates/incremental/release/mergeReleaseResources/merged.dir/values-el/values-el.xml to /home/runner/work/beltflow/beltflow/app/build/intermediates/merged_res/release/mergeReleaseResources/values-el_values-el.arsc.flat
Compiling XML table /home/runner/work/beltflow/beltflow/app/build/intermediates/incremental/release/mergeReleaseResources/merged.dir/values-is/values-is.xml to /home/runner/work/beltflow/beltflow/app/build/intermediates/merged_res/release/mergeReleaseResources/values-is_values-is.arsc.flat
Compiling XML table /home/runner/work/beltflow/beltflow/app/build/intermediates/incremental/release/mergeReleaseResources/merged.dir/values-zh-rTW/values-zh-rTW.xml to /home/runner/work/beltflow/beltflow/app/build/intermediates/merged_res/release/mergeReleaseResources/values-zh-rTW_values-zh-rTW.arsc.flat
Compiling XML table /home/runner/work/beltflow/beltflow/app/build/intermediates/incremental/release/mergeReleaseResources/merged.dir/values-uz/values-uz.xml to /home/runner/work/beltflow/beltflow/app/build/intermediates/merged_res/release/mergeReleaseResources/values-uz_values-uz.arsc.flat
Compiling XML table /home/runner/work/beltflow/beltflow/app/build/intermediates/incremental/release/mergeReleaseResources/merged.dir/values-it/values-it.xml to /home/runner/work/beltflow/beltflow/app/build/intermediates/merged_res/release/mergeReleaseResources/values-it_values-it.arsc.flat
Compiling XML table /home/runner/work/beltflow/beltflow/app/build/intermediates/incremental/release/mergeReleaseResources/merged.dir/values-iw/values-iw.xml to /home/runner/work/beltflow/beltflow/app/build/intermediates/merged_res/release/mergeReleaseResources/values-iw_values-iw.arsc.flat
Compiling XML table /home/runner/work/beltflow/beltflow/app/build/intermediates/incremental/release/mergeReleaseResources/merged.dir/values-my/values-my.xml to /home/runner/work/beltflow/beltflow/app/build/intermediates/merged_res/release/mergeReleaseResources/values-my_values-my.arsc.flat
Compiling XML table /home/runner/work/beltflow/beltflow/app/build/intermediates/incremental/release/mergeReleaseResources/merged.dir/values-in/values-in.xml to /home/runner/work/beltflow/beltflow/app/build/intermediates/merged_res/release/mergeReleaseResources/values-in_values-in.arsc.flat
Compiling XML table /home/runner/work/beltflow/beltflow/app/build/intermediates/incremental/release/mergeReleaseResources/merged.dir/values-b+sr+Latn/values-b+sr+Latn.xml to /home/runner/work/beltflow/beltflow/app/build/intermediates/merged_res/release/mergeReleaseResources/values-b+sr+Latn_values-b+sr+Latn.arsc.flat
Compiling XML table /home/runner/work/beltflow/beltflow/app/build/intermediates/incremental/release/mergeReleaseResources/merged.dir/values-zh-rHK/values-zh-rHK.xml to /home/runner/work/beltflow/beltflow/app/build/intermediates/merged_res/release/mergeReleaseResources/values-zh-rHK_values-zh-rHK.arsc.flat
Compiling XML table /home/runner/work/beltflow/beltflow/app/build/intermediates/incremental/release/mergeReleaseResources/merged.dir/values-eu/values-eu.xml to /home/runner/work/beltflow/beltflow/app/build/intermediates/merged_res/release/mergeReleaseResources/values-eu_values-eu.arsc.flat
Compiling XML table /home/runner/work/beltflow/beltflow/app/build/intermediates/incremental/release/mergeReleaseResources/merged.dir/values-es/values-es.xml to /home/runner/work/beltflow/beltflow/app/build/intermediates/merged_res/release/mergeReleaseResources/values-es_values-es.arsc.flat
Compiling XML table /home/runner/work/beltflow/beltflow/app/build/intermediates/incremental/release/mergeReleaseResources/merged.dir/values-am/values-am.xml to /home/runner/work/beltflow/beltflow/app/build/intermediates/merged_res/release/mergeReleaseResources/values-am_values-am.arsc.flat
Compiling XML table /home/runner/work/beltflow/beltflow/app/build/intermediates/incremental/release/mergeReleaseResources/merged.dir/values-ar/values-ar.xml to /home/runner/work/beltflow/beltflow/app/build/intermediates/merged_res/release/mergeReleaseResources/values-ar_values-ar.arsc.flat
Compiling XML table /home/runner/work/beltflow/beltflow/app/build/intermediates/incremental/release/mergeReleaseResources/merged.dir/values-nb/values-nb.xml to /home/runner/work/beltflow/beltflow/app/build/intermediates/merged_res/release/mergeReleaseResources/values-nb_values-nb.arsc.flat
Compiling XML table /home/runner/work/beltflow/beltflow/app/build/intermediates/incremental/release/mergeReleaseResources/merged.dir/values-as/values-as.xml to /home/runner/work/beltflow/beltflow/app/build/intermediates/merged_res/release/mergeReleaseResources/values-as_values-as.arsc.flat
Compiling XML table /home/runner/work/beltflow/beltflow/app/build/intermediates/incremental/release/mergeReleaseResources/merged.dir/values-et/values-et.xml to /home/runner/work/beltflow/beltflow/app/build/intermediates/merged_res/release/mergeReleaseResources/values-et_values-et.arsc.flat
Compiling XML table /home/runner/work/beltflow/beltflow/app/build/intermediates/incremental/release/mergeReleaseResources/merged.dir/values-v21/values-v21.xml to /home/runner/work/beltflow/beltflow/app/build/intermediates/merged_res/release/mergeReleaseResources/values-v21_values-v21.arsc.flat
Compiling XML table /home/runner/work/beltflow/beltflow/app/build/intermediates/incremental/release/mergeReleaseResources/merged.dir/values-az/values-az.xml to /home/runner/work/beltflow/beltflow/app/build/intermediates/merged_res/release/mergeReleaseResources/values-az_values-az.arsc.flat
Compiling XML table /home/runner/work/beltflow/beltflow/app/build/intermediates/incremental/release/mergeReleaseResources/merged.dir/values-ne/values-ne.xml to /home/runner/work/beltflow/beltflow/app/build/intermediates/merged_res/release/mergeReleaseResources/values-ne_values-ne.arsc.flat
Compiling XML table /home/runner/work/beltflow/beltflow/app/build/intermediates/incremental/release/mergeReleaseResources/merged.dir/values-es-rUS/values-es-rUS.xml to /home/runner/work/beltflow/beltflow/app/build/intermediates/merged_res/release/mergeReleaseResources/values-es-rUS_values-es-rUS.arsc.flat
Compiling XML table /home/runner/work/beltflow/beltflow/app/build/intermediates/incremental/release/mergeReleaseResources/merged.dir/values-vi/values-vi.xml to /home/runner/work/beltflow/beltflow/app/build/intermediates/merged_res/release/mergeReleaseResources/values-vi_values-vi.arsc.flat
Compiling XML table /home/runner/work/beltflow/beltflow/app/build/intermediates/incremental/release/mergeReleaseResources/merged.dir/values-ro/values-ro.xml to /home/runner/work/beltflow/beltflow/app/build/intermediates/merged_res/release/mergeReleaseResources/values-ro_values-ro.arsc.flat
Compiling XML table /home/runner/work/beltflow/beltflow/app/build/intermediates/incremental/release/mergeReleaseResources/merged.dir/values-zu/values-zu.xml to /home/runner/work/beltflow/beltflow/app/build/intermediates/merged_res/release/mergeReleaseResources/values-zu_values-zu.arsc.flat
Compiling XML table /home/runner/work/beltflow/beltflow/app/build/intermediates/incremental/release/mergeReleaseResources/merged.dir/values-pt-rPT/values-pt-rPT.xml to /home/runner/work/beltflow/beltflow/app/build/intermediates/merged_res/release/mergeReleaseResources/values-pt-rPT_values-pt-rPT.arsc.flat
Compiling XML table /home/runner/work/beltflow/beltflow/app/build/intermediates/incremental/release/mergeReleaseResources/merged.dir/values-ja/values-ja.xml to /home/runner/work/beltflow/beltflow/app/build/intermediates/merged_res/release/mergeReleaseResources/values-ja_values-ja.arsc.flat
Compiling XML table /home/runner/work/beltflow/beltflow/app/build/intermediates/incremental/release/mergeReleaseResources/merged.dir/values-ru/values-ru.xml to /home/runner/work/beltflow/beltflow/app/build/intermediates/merged_res/release/mergeReleaseResources/values-ru_values-ru.arsc.flat
Compiling XML table /home/runner/work/beltflow/beltflow/app/build/intermediates/incremental/release/mergeReleaseResources/merged.dir/values-be/values-be.xml to /home/runner/work/beltflow/beltflow/app/build/intermediates/merged_res/release/mergeReleaseResources/values-be_values-be.arsc.flat
Compiling XML table /home/runner/work/beltflow/beltflow/app/build/intermediates/incremental/release/mergeReleaseResources/merged.dir/values-nl/values-nl.xml to /home/runner/work/beltflow/beltflow/app/build/intermediates/merged_res/release/mergeReleaseResources/values-nl_values-nl.arsc.flat
Compiling XML table /home/runner/work/beltflow/beltflow/app/build/intermediates/incremental/release/mergeReleaseResources/merged.dir/values-fa/values-fa.xml to /home/runner/work/beltflow/beltflow/app/build/intermediates/merged_res/release/mergeReleaseResources/values-fa_values-fa.arsc.flat
Compiling XML table /home/runner/work/beltflow/beltflow/app/build/intermediates/incremental/release/mergeReleaseResources/merged.dir/values-fr/values-fr.xml to /home/runner/work/beltflow/beltflow/app/build/intermediates/merged_res/release/mergeReleaseResources/values-fr_values-fr.arsc.flat
Compiling XML table /home/runner/work/beltflow/beltflow/app/build/intermediates/incremental/release/mergeReleaseResources/merged.dir/values-fi/values-fi.xml to /home/runner/work/beltflow/beltflow/app/build/intermediates/merged_res/release/mergeReleaseResources/values-fi_values-fi.arsc.flat
Compiling XML table /home/runner/work/beltflow/beltflow/app/build/intermediates/incremental/release/mergeReleaseResources/merged.dir/values-bg/values-bg.xml to /home/runner/work/beltflow/beltflow/app/build/intermediates/merged_res/release/mergeReleaseResources/values-bg_values-bg.arsc.flat
Compiling XML table /home/runner/work/beltflow/beltflow/app/build/intermediates/incremental/release/mergeReleaseResources/merged.dir/values-zh-rCN/values-zh-rCN.xml to /home/runner/work/beltflow/beltflow/app/build/intermediates/merged_res/release/mergeReleaseResources/values-zh-rCN_values-zh-rCN.arsc.flat
Compiling XML table /home/runner/work/beltflow/beltflow/app/build/intermediates/incremental/release/mergeReleaseResources/merged.dir/values-v30/values-v30.xml to /home/runner/work/beltflow/beltflow/app/build/intermediates/merged_res/release/mergeReleaseResources/values-v30_values-v30.arsc.flat
Compiling XML table /home/runner/work/beltflow/beltflow/app/build/intermediates/incremental/release/mergeReleaseResources/merged.dir/values-sk/values-sk.xml to /home/runner/work/beltflow/beltflow/app/build/intermediates/merged_res/release/mergeReleaseResources/values-sk_values-sk.arsc.flat
Compiling XML table /home/runner/work/beltflow/beltflow/app/build/intermediates/incremental/release/mergeReleaseResources/merged.dir/values-bn/values-bn.xml to /home/runner/work/beltflow/beltflow/app/build/intermediates/merged_res/release/mergeReleaseResources/values-bn_values-bn.arsc.flat
Compiling XML table /home/runner/work/beltflow/beltflow/app/build/intermediates/incremental/release/mergeReleaseResources/merged.dir/values-bs/values-bs.xml to /home/runner/work/beltflow/beltflow/app/build/intermediates/merged_res/release/mergeReleaseResources/values-bs_values-bs.arsc.flat
Compiling XML table /home/runner/work/beltflow/beltflow/app/build/intermediates/incremental/release/mergeReleaseResources/merged.dir/values-en-rXC/values-en-rXC.xml to /home/runner/work/beltflow/beltflow/app/build/intermediates/merged_res/release/mergeReleaseResources/values-en-rXC_values-en-rXC.arsc.flat
Compiling XML table /home/runner/work/beltflow/beltflow/app/build/intermediates/incremental/release/mergeReleaseResources/merged.dir/values-en-rGB/values-en-rGB.xml to /home/runner/work/beltflow/beltflow/app/build/intermediates/merged_res/release/mergeReleaseResources/values-en-rGB_values-en-rGB.arsc.flat
Compiling XML table /home/runner/work/beltflow/beltflow/app/build/intermediates/incremental/release/mergeReleaseResources/merged.dir/values-sr/values-sr.xml to /home/runner/work/beltflow/beltflow/app/build/intermediates/merged_res/release/mergeReleaseResources/values-sr_values-sr.arsc.flat
Compiling XML table /home/runner/work/beltflow/beltflow/app/build/intermediates/incremental/release/mergeReleaseResources/merged.dir/values-sl/values-sl.xml to /home/runner/work/beltflow/beltflow/app/build/intermediates/merged_res/release/mergeReleaseResources/values-sl_values-sl.arsc.flat
Compiling XML table /home/runner/work/beltflow/beltflow/app/build/intermediates/incremental/release/mergeReleaseResources/merged.dir/values-si/values-si.xml to /home/runner/work/beltflow/beltflow/app/build/intermediates/merged_res/release/mergeReleaseResources/values-si_values-si.arsc.flat
Compiling XML table /home/runner/work/beltflow/beltflow/app/build/intermediates/incremental/release/mergeReleaseResources/merged.dir/values-kk/values-kk.xml to /home/runner/work/beltflow/beltflow/app/build/intermediates/merged_res/release/mergeReleaseResources/values-kk_values-kk.arsc.flat
Compiling XML table /home/runner/work/beltflow/beltflow/app/build/intermediates/incremental/release/mergeReleaseResources/merged.dir/values-en-rCA/values-en-rCA.xml to /home/runner/work/beltflow/beltflow/app/build/intermediates/merged_res/release/mergeReleaseResources/values-en-rCA_values-en-rCA.arsc.flat
Compiling XML table /home/runner/work/beltflow/beltflow/app/build/intermediates/incremental/release/mergeReleaseResources/merged.dir/values-or/values-or.xml to /home/runner/work/beltflow/beltflow/app/build/intermediates/merged_res/release/mergeReleaseResources/values-or_values-or.arsc.flat
Compiling XML table /home/runner/work/beltflow/beltflow/app/build/intermediates/incremental/release/mergeReleaseResources/merged.dir/values-ta/values-ta.xml to /home/runner/work/beltflow/beltflow/app/build/intermediates/merged_res/release/mergeReleaseResources/values-ta_values-ta.arsc.flat
Compiling XML table /home/runner/work/beltflow/beltflow/app/build/intermediates/incremental/release/mergeReleaseResources/merged.dir/values-kn/values-kn.xml to /home/runner/work/beltflow/beltflow/app/build/intermediates/merged_res/release/mergeReleaseResources/values-kn_values-kn.arsc.flat
Compiling XML table /home/runner/work/beltflow/beltflow/app/build/intermediates/incremental/release/mergeReleaseResources/merged.dir/values-ka/values-ka.xml to /home/runner/work/beltflow/beltflow/app/build/intermediates/merged_res/release/mergeReleaseResources/values-ka_values-ka.arsc.flat
Compiling XML table /home/runner/work/beltflow/beltflow/app/build/intermediates/incremental/release/mergeReleaseResources/merged.dir/values-cs/values-cs.xml to /home/runner/work/beltflow/beltflow/app/build/intermediates/merged_res/release/mergeReleaseResources/values-cs_values-cs.arsc.flat
Compiling XML table /home/runner/work/beltflow/beltflow/app/build/intermediates/incremental/release/mergeReleaseResources/merged.dir/values-ca/values-ca.xml to /home/runner/work/beltflow/beltflow/app/build/intermediates/merged_res/release/mergeReleaseResources/values-ca_values-ca.arsc.flat
Compiling XML table /home/runner/work/beltflow/beltflow/app/build/intermediates/incremental/release/mergeReleaseResources/merged.dir/values-tl/values-tl.xml to /home/runner/work/beltflow/beltflow/app/build/intermediates/merged_res/release/mergeReleaseResources/values-tl_values-tl.arsc.flat
Compiling XML table /home/runner/work/beltflow/beltflow/app/build/intermediates/incremental/release/mergeReleaseResources/merged.dir/values-sq/values-sq.xml to /home/runner/work/beltflow/beltflow/app/build/intermediates/merged_res/release/mergeReleaseResources/values-sq_values-sq.arsc.flat
Compiling XML table /home/runner/work/beltflow/beltflow/app/build/intermediates/incremental/release/mergeReleaseResources/merged.dir/values-en-rAU/values-en-rAU.xml to /home/runner/work/beltflow/beltflow/app/build/intermediates/merged_res/release/mergeReleaseResources/values-en-rAU_values-en-rAU.arsc.flat
Compiling XML table /home/runner/work/beltflow/beltflow/app/build/intermediates/incremental/release/mergeReleaseResources/merged.dir/values-gl/values-gl.xml to /home/runner/work/beltflow/beltflow/app/build/intermediates/merged_res/release/mergeReleaseResources/values-gl_values-gl.arsc.flat
Compiling XML table /home/runner/work/beltflow/beltflow/app/build/intermediates/incremental/release/mergeReleaseResources/merged.dir/values-sv/values-sv.xml to /home/runner/work/beltflow/beltflow/app/build/intermediates/merged_res/release/mergeReleaseResources/values-sv_values-sv.arsc.flat
Compiling xml file /home/runner/work/beltflow/beltflow/app/src/main/res/drawable/ic_launcher_foreground.xml to /home/runner/work/beltflow/beltflow/app/build/intermediates/merged_res/release/mergeReleaseResources/drawable_ic_launcher_foreground.xml.flat
Compiling XML table /home/runner/work/beltflow/beltflow/app/build/intermediates/incremental/release/mergeReleaseResources/merged.dir/values-km/values-km.xml to /home/runner/work/beltflow/beltflow/app/build/intermediates/merged_res/release/mergeReleaseResources/values-km_values-km.arsc.flat
Compiling XML table /home/runner/work/beltflow/beltflow/app/build/intermediates/incremental/release/mergeReleaseResources/merged.dir/values-pt-rBR/values-pt-rBR.xml to /home/runner/work/beltflow/beltflow/app/build/intermediates/merged_res/release/mergeReleaseResources/values-pt-rBR_values-pt-rBR.arsc.flat
Compiling XML table /home/runner/work/beltflow/beltflow/app/build/intermediates/incremental/release/mergeReleaseResources/merged.dir/values-sw/values-sw.xml to /home/runner/work/beltflow/beltflow/app/build/intermediates/merged_res/release/mergeReleaseResources/values-sw_values-sw.arsc.flat
Compiling XML table /home/runner/work/beltflow/beltflow/app/build/intermediates/incremental/release/mergeReleaseResources/merged.dir/values-ko/values-ko.xml to /home/runner/work/beltflow/beltflow/app/build/intermediates/merged_res/release/mergeReleaseResources/values-ko_values-ko.arsc.flat
Compiling XML table /home/runner/work/beltflow/beltflow/app/build/intermediates/incremental/release/mergeReleaseResources/merged.dir/values-th/values-th.xml to /home/runner/work/beltflow/beltflow/app/build/intermediates/merged_res/release/mergeReleaseResources/values-th_values-th.arsc.flat
Compiling XML table /home/runner/work/beltflow/beltflow/app/build/intermediates/incremental/release/mergeReleaseResources/merged.dir/values-gu/values-gu.xml to /home/runner/work/beltflow/beltflow/app/build/intermediates/merged_res/release/mergeReleaseResources/values-gu_values-gu.arsc.flat
Compiling XML table /home/runner/work/beltflow/beltflow/app/build/intermediates/incremental/release/mergeReleaseResources/merged.dir/values-ky/values-ky.xml to /home/runner/work/beltflow/beltflow/app/build/intermediates/merged_res/release/mergeReleaseResources/values-ky_values-ky.arsc.flat
Compiling XML table /home/runner/work/beltflow/beltflow/app/build/intermediates/incremental/release/mergeReleaseResources/merged.dir/values-tr/values-tr.xml to /home/runner/work/beltflow/beltflow/app/build/intermediates/merged_res/release/mergeReleaseResources/values-tr_values-tr.arsc.flat
Compiling XML table /home/runner/work/beltflow/beltflow/app/build/intermediates/incremental/release/mergeReleaseResources/merged.dir/values-pa/values-pa.xml to /home/runner/work/beltflow/beltflow/app/build/intermediates/merged_res/release/mergeReleaseResources/values-pa_values-pa.arsc.flat
Compiling XML table /home/runner/work/beltflow/beltflow/app/build/intermediates/incremental/release/mergeReleaseResources/merged.dir/values-te/values-te.xml to /home/runner/work/beltflow/beltflow/app/build/intermediates/merged_res/release/mergeReleaseResources/values-te_values-te.arsc.flat
Compiling xml file /home/runner/work/beltflow/beltflow/app/src/main/res/mipmap-anydpi-v26/ic_launcher.xml to /home/runner/work/beltflow/beltflow/app/build/intermediates/merged_res/release/mergeReleaseResources/mipmap-anydpi-v26_ic_launcher.xml.flat
Compiling XML table /home/runner/work/beltflow/beltflow/app/build/intermediates/incremental/release/mergeReleaseResources/merged.dir/values-pl/values-pl.xml to /home/runner/work/beltflow/beltflow/app/build/intermediates/merged_res/release/mergeReleaseResources/values-pl_values-pl.arsc.flat
Compiling XML table /home/runner/work/beltflow/beltflow/app/build/intermediates/incremental/release/mergeReleaseResources/merged.dir/values-da/values-da.xml to /home/runner/work/beltflow/beltflow/app/build/intermediates/merged_res/release/mergeReleaseResources/values-da_values-da.arsc.flat
Compiling file /home/runner/work/beltflow/beltflow/app/src/main/res/drawable/beltflow_icon_1788326458650.jpg to /home/runner/work/beltflow/beltflow/app/build/intermediates/merged_res/release/mergeReleaseResources/drawable_beltflow_icon_1788326458650.jpg.flat
Compiling xml file /home/runner/work/beltflow/beltflow/app/src/main/res/mipmap-anydpi-v26/ic_launcher_round.xml to /home/runner/work/beltflow/beltflow/app/build/intermediates/merged_res/release/mergeReleaseResources/mipmap-anydpi-v26_ic_launcher_round.xml.flat
Compiling xml file /home/runner/work/beltflow/beltflow/app/src/main/res/drawable/ic_launcher_background.xml to /home/runner/work/beltflow/beltflow/app/build/intermediates/merged_res/release/mergeReleaseResources/drawable_ic_launcher_background.xml.flat
AAPT2 aapt2-8.8.0-12006047-linux Daemon #1: starting
AAPT2 aapt2-8.8.0-12006047-linux Daemon #0: starting
AAPT2 aapt2-8.8.0-12006047-linux Daemon #2: starting

> Task :app:processReleaseMainManifest
Transforming navigation-common-2.8.8.aar (androidx.navigation:navigation-common:2.8.8) with ExtractAarTransform
Transforming navigation-common-2.8.8.aar (androidx.navigation:navigation-common:2.8.8) with AarTransform
Transforming navigation-runtime-2.8.8.aar (androidx.navigation:navigation-runtime:2.8.8) with ExtractAarTransform
Transforming navigation-runtime-2.8.8.aar (androidx.navigation:navigation-runtime:2.8.8) with AarTransform
Transforming navigation-common-ktx-2.8.8.aar (androidx.navigation:navigation-common-ktx:2.8.8) with ExtractAarTransform
Transforming navigation-common-ktx-2.8.8.aar (androidx.navigation:navigation-common-ktx:2.8.8) with AarTransform
Transforming navigation-runtime-ktx-2.8.8.aar (androidx.navigation:navigation-runtime-ktx:2.8.8) with ExtractAarTransform
Transforming navigation-runtime-ktx-2.8.8.aar (androidx.navigation:navigation-runtime-ktx:2.8.8) with AarTransform
Transforming navigation-compose-2.8.8.aar (androidx.navigation:navigation-compose:2.8.8) with ExtractAarTransform
Transforming navigation-compose-2.8.8.aar (androidx.navigation:navigation-compose:2.8.8) with AarTransform
Transforming activity-1.10.1.aar (androidx.activity:activity:1.10.1) with ExtractAarTransform
Transforming activity-1.10.1.aar (androidx.activity:activity:1.10.1) with AarTransform
Transforming material3-release.aar (androidx.compose.material3:material3-android:1.3.1) with ExtractAarTransform
Transforming material3-release.aar (androidx.compose.material3:material3-android:1.3.1) with AarTransform
Transforming coil-compose-2.7.0.aar (io.coil-kt:coil-compose:2.7.0) with ExtractAarTransform
Transforming coil-compose-2.7.0.aar (io.coil-kt:coil-compose:2.7.0) with AarTransform
Transforming coil-compose-base-2.7.0.aar (io.coil-kt:coil-compose-base:2.7.0) with ExtractAarTransform
Transforming coil-compose-base-2.7.0.aar (io.coil-kt:coil-compose-base:2.7.0) with AarTransform
Transforming animation-core-release.aar (androidx.compose.animation:animation-core-android:1.7.8) with ExtractAarTransform
Transforming animation-core-release.aar (androidx.compose.animation:animation-core-android:1.7.8) with AarTransform
Transforming material-ripple-release.aar (androidx.compose.material:material-ripple-android:1.7.8) with ExtractAarTransform
Transforming material-ripple-release.aar (androidx.compose.material:material-ripple-android:1.7.8) with AarTransform
Transforming animation-release.aar (androidx.compose.animation:animation-android:1.7.8) with ExtractAarTransform
Transforming animation-release.aar (androidx.compose.animation:animation-android:1.7.8) with AarTransform
Transforming foundation-layout-release.aar (androidx.compose.foundation:foundation-layout-android:1.7.8) with ExtractAarTransform
Transforming foundation-layout-release.aar (androidx.compose.foundation:foundation-layout-android:1.7.8) with AarTransform
Transforming foundation-release.aar (androidx.compose.foundation:foundation-android:1.7.8) with ExtractAarTransform
Transforming foundation-release.aar (androidx.compose.foundation:foundation-android:1.7.8) with AarTransform
Transforming ui-unit-release.aar (androidx.compose.ui:ui-unit-android:1.7.8) with ExtractAarTransform
Transforming ui-unit-release.aar (androidx.compose.ui:ui-unit-android:1.7.8) with AarTransform
Transforming ui-geometry-release.aar (androidx.compose.ui:ui-geometry-android:1.7.8) with ExtractAarTransform
Transforming ui-geometry-release.aar (androidx.compose.ui:ui-geometry-android:1.7.8) with AarTransform
Transforming ui-util-release.aar (androidx.compose.ui:ui-util-android:1.7.8) with ExtractAarTransform
Transforming ui-util-release.aar (androidx.compose.ui:ui-util-android:1.7.8) with AarTransform
Transforming ui-text-release.aar (androidx.compose.ui:ui-text-android:1.7.8) with ExtractAarTransform
Transforming ui-text-release.aar (androidx.compose.ui:ui-text-android:1.7.8) with AarTransform
Transforming ui-tooling-preview-release.aar (androidx.compose.ui:ui-tooling-preview-android:1.7.8) with ExtractAarTransform
Transforming ui-tooling-preview-release.aar (androidx.compose.ui:ui-tooling-preview-android:1.7.8) with AarTransform
Transforming ui-graphics-release.aar (androidx.compose.ui:ui-graphics-android:1.7.8) with ExtractAarTransform
Transforming ui-graphics-release.aar (androidx.compose.ui:ui-graphics-android:1.7.8) with AarTransform
Transforming autofill-1.0.0.aar (androidx.autofill:autofill:1.0.0) with ExtractAarTransform
Transforming autofill-1.0.0.aar (androidx.autofill:autofill:1.0.0) with AarTransform
Transforming graphics-path-1.0.1.aar (androidx.graphics:graphics-path:1.0.1) with ExtractAarTransform
Transforming graphics-path-1.0.1.aar (androidx.graphics:graphics-path:1.0.1) with AarTransform
Transforming coil-2.7.0.aar (io.coil-kt:coil:2.7.0) with ExtractAarTransform
Transforming coil-2.7.0.aar (io.coil-kt:coil:2.7.0) with AarTransform
Transforming coil-base-2.7.0.aar (io.coil-kt:coil-base:2.7.0) with ExtractAarTransform
Transforming coil-base-2.7.0.aar (io.coil-kt:coil-base:2.7.0) with AarTransform
Transforming appcompat-resources-1.6.1.aar (androidx.appcompat:appcompat-resources:1.6.1) with ExtractAarTransform
Transforming appcompat-resources-1.6.1.aar (androidx.appcompat:appcompat-resources:1.6.1) with AarTransform
Transforming vectordrawable-animated-1.1.0.aar (androidx.vectordrawable:vectordrawable-animated:1.1.0) with ExtractAarTransform
Transforming vectordrawable-animated-1.1.0.aar (androidx.vectordrawable:vectordrawable-animated:1.1.0) with AarTransform
Transforming vectordrawable-1.1.0.aar (androidx.vectordrawable:vectordrawable:1.1.0) with ExtractAarTransform
Transforming vectordrawable-1.1.0.aar (androidx.vectordrawable:vectordrawable:1.1.0) with AarTransform
Transforming vectordrawable-1.1.0.aar (androidx.vectordrawable:vectordrawable:1.1.0) with ExtractAarTransform
Transforming vectordrawable-1.1.0.aar (androidx.vectordrawable:vectordrawable:1.1.0) with AarTransform
Transforming emoji2-1.3.0.aar (androidx.emoji2:emoji2:1.3.0) with ExtractAarTransform
Transforming emoji2-1.3.0.aar (androidx.emoji2:emoji2:1.3.0) with AarTransform
Transforming core-1.15.0.aar (androidx.core:core:1.15.0) with ExtractAarTransform
Transforming core-1.15.0.aar (androidx.core:core:1.15.0) with AarTransform
Transforming core-1.15.0.aar (androidx.core:core:1.15.0) with ExtractAarTransform
Transforming core-1.15.0.aar (androidx.core:core:1.15.0) with AarTransform
Transforming core-1.15.0.aar (androidx.core:core:1.15.0) with ExtractAarTransform
Transforming core-1.15.0.aar (androidx.core:core:1.15.0) with AarTransform
Transforming savedstate-ktx-1.2.1.aar (androidx.savedstate:savedstate-ktx:1.2.1) with ExtractAarTransform
Transforming savedstate-ktx-1.2.1.aar (androidx.savedstate:savedstate-ktx:1.2.1) with AarTransform
Transforming savedstate-1.2.1.aar (androidx.savedstate:savedstate:1.2.1) with ExtractAarTransform
Transforming savedstate-1.2.1.aar (androidx.savedstate:savedstate:1.2.1) with AarTransform
Transforming lifecycle-process-2.8.7.aar (androidx.lifecycle:lifecycle-process:2.8.7) with ExtractAarTransform
Transforming lifecycle-process-2.8.7.aar (androidx.lifecycle:lifecycle-process:2.8.7) with AarTransform
Transforming lifecycle-livedata-core-2.8.7.aar (androidx.lifecycle:lifecycle-livedata-core:2.8.7) with ExtractAarTransform
Transforming lifecycle-livedata-core-2.8.7.aar (androidx.lifecycle:lifecycle-livedata-core:2.8.7) with AarTransform
Transforming lifecycle-viewmodel-release.aar (androidx.lifecycle:lifecycle-viewmodel-android:2.8.7) with ExtractAarTransform
Transforming lifecycle-viewmodel-release.aar (androidx.lifecycle:lifecycle-viewmodel-android:2.8.7) with AarTransform
Transforming lifecycle-runtime-release.aar (androidx.lifecycle:lifecycle-runtime-android:2.8.7) with ExtractAarTransform
Transforming lifecycle-runtime-release.aar (androidx.lifecycle:lifecycle-runtime-android:2.8.7) with AarTransform
Transforming lifecycle-viewmodel-ktx-2.8.7.aar (androidx.lifecycle:lifecycle-viewmodel-ktx:2.8.7) with ExtractAarTransform
Transforming lifecycle-viewmodel-ktx-2.8.7.aar (androidx.lifecycle:lifecycle-viewmodel-ktx:2.8.7) with AarTransform
Transforming lifecycle-viewmodel-savedstate-2.8.7.aar (androidx.lifecycle:lifecycle-viewmodel-savedstate:2.8.7) with ExtractAarTransform
Transforming lifecycle-viewmodel-savedstate-2.8.7.aar (androidx.lifecycle:lifecycle-viewmodel-savedstate:2.8.7) with AarTransform
Transforming lifecycle-runtime-compose-release.aar (androidx.lifecycle:lifecycle-runtime-compose-android:2.8.7) with ExtractAarTransform
Transforming lifecycle-runtime-compose-release.aar (androidx.lifecycle:lifecycle-runtime-compose-android:2.8.7) with AarTransform
Transforming lifecycle-runtime-ktx-release.aar (androidx.lifecycle:lifecycle-runtime-ktx-android:2.8.7) with ExtractAarTransform
Transforming lifecycle-runtime-ktx-release.aar (androidx.lifecycle:lifecycle-runtime-ktx-android:2.8.7) with AarTransform
Transforming lifecycle-viewmodel-compose-release.aar (androidx.lifecycle:lifecycle-viewmodel-compose-android:2.8.7) with ExtractAarTransform
Transforming lifecycle-viewmodel-compose-release.aar (androidx.lifecycle:lifecycle-viewmodel-compose-android:2.8.7) with AarTransform
Transforming accompanist-drawablepainter-0.32.0.aar (com.google.accompanist:accompanist-drawablepainter:0.32.0) with ExtractAarTransform
Transforming accompanist-drawablepainter-0.32.0.aar (com.google.accompanist:accompanist-drawablepainter:0.32.0) with AarTransform
Transforming material-icons-extended-release.aar (androidx.compose.material:material-icons-extended-android:1.7.8) with ExtractAarTransform
Transforming material-icons-extended-release.aar (androidx.compose.material:material-icons-extended-android:1.7.8) with AarTransform
Transforming material-icons-core-release.aar (androidx.compose.material:material-icons-core-android:1.7.8) with ExtractAarTransform
Transforming material-icons-core-release.aar (androidx.compose.material:material-icons-core-android:1.7.8) with AarTransform
Transforming ui-release.aar (androidx.compose.ui:ui-android:1.7.8) with ExtractAarTransform
Transforming ui-release.aar (androidx.compose.ui:ui-android:1.7.8) with AarTransform
Transforming activity-ktx-1.10.1.aar (androidx.activity:activity-ktx:1.10.1) with ExtractAarTransform
Transforming activity-ktx-1.10.1.aar (androidx.activity:activity-ktx:1.10.1) with AarTransform
Transforming activity-compose-1.10.1.aar (androidx.activity:activity-compose:1.10.1) with ExtractAarTransform
Transforming activity-compose-1.10.1.aar (androidx.activity:activity-compose:1.10.1) with AarTransform
Transforming customview-poolingcontainer-1.0.0.aar (androidx.customview:customview-poolingcontainer:1.0.0) with ExtractAarTransform
Transforming customview-poolingcontainer-1.0.0.aar (androidx.customview:customview-poolingcontainer:1.0.0) with AarTransform
Transforming core-ktx-1.15.0.aar (androidx.core:core-ktx:1.15.0) with ExtractAarTransform
Transforming core-ktx-1.15.0.aar (androidx.core:core-ktx:1.15.0) with AarTransform
Transforming room-runtime-2.6.1.aar (androidx.room:room-runtime:2.6.1) with ExtractAarTransform
Transforming room-runtime-2.6.1.aar (androidx.room:room-runtime:2.6.1) with AarTransform
Transforming room-ktx-2.6.1.aar (androidx.room:room-ktx:2.6.1) with ExtractAarTransform
Transforming room-ktx-2.6.1.aar (androidx.room:room-ktx:2.6.1) with AarTransform
Transforming runtime-saveable-release.aar (androidx.compose.runtime:runtime-saveable-android:1.7.8) with ExtractAarTransform
Transforming runtime-saveable-release.aar (androidx.compose.runtime:runtime-saveable-android:1.7.8) with AarTransform
Transforming runtime-release.aar (androidx.compose.runtime:runtime-android:1.7.8) with ExtractAarTransform
Transforming runtime-release.aar (androidx.compose.runtime:runtime-android:1.7.8) with AarTransform
Transforming sqlite-framework-2.4.0.aar (androidx.sqlite:sqlite-framework:2.4.0) with ExtractAarTransform
Transforming sqlite-framework-2.4.0.aar (androidx.sqlite:sqlite-framework:2.4.0) with AarTransform
Transforming sqlite-2.4.0.aar (androidx.sqlite:sqlite:2.4.0) with ExtractAarTransform
Transforming sqlite-2.4.0.aar (androidx.sqlite:sqlite:2.4.0) with AarTransform
Transforming core-runtime-2.2.0.aar (androidx.arch.core:core-runtime:2.2.0) with ExtractAarTransform
Transforming core-runtime-2.2.0.aar (androidx.arch.core:core-runtime:2.2.0) with AarTransform
Transforming interpolator-1.0.0.aar (androidx.interpolator:interpolator:1.0.0) with ExtractAarTransform
Transforming interpolator-1.0.0.aar (androidx.interpolator:interpolator:1.0.0) with AarTransform
Transforming interpolator-1.0.0.aar (androidx.interpolator:interpolator:1.0.0) with ExtractAarTransform
Transforming interpolator-1.0.0.aar (androidx.interpolator:interpolator:1.0.0) with AarTransform
Transforming profileinstaller-1.4.0.aar (androidx.profileinstaller:profileinstaller:1.4.0) with ExtractAarTransform
Transforming profileinstaller-1.4.0.aar (androidx.profileinstaller:profileinstaller:1.4.0) with AarTransform
Transforming startup-runtime-1.1.1.aar (androidx.startup:startup-runtime:1.1.1) with ExtractAarTransform
Transforming startup-runtime-1.1.1.aar (androidx.startup:startup-runtime:1.1.1) with AarTransform
Transforming tracing-1.2.0.aar (androidx.tracing:tracing:1.2.0) with ExtractAarTransform
Transforming tracing-1.2.0.aar (androidx.tracing:tracing:1.2.0) with AarTransform
Transforming versionedparcelable-1.1.1.aar (androidx.versionedparcelable:versionedparcelable:1.1.1) with ExtractAarTransform
Transforming versionedparcelable-1.1.1.aar (androidx.versionedparcelable:versionedparcelable:1.1.1) with AarTransform
Transforming exifinterface-1.3.7.aar (androidx.exifinterface:exifinterface:1.3.7) with ExtractAarTransform
Transforming exifinterface-1.3.7.aar (androidx.exifinterface:exifinterface:1.3.7) with AarTransform
Transforming annotation-experimental-1.4.1.aar (androidx.annotation:annotation-experimental:1.4.1) with ExtractAarTransform
Transforming annotation-experimental-1.4.1.aar (androidx.annotation:annotation-experimental:1.4.1) with AarTransform
Transforming core-viewtree-1.0.0.aar (androidx.core:core-viewtree:1.0.0) with ExtractAarTransform
Transforming core-viewtree-1.0.0.aar (androidx.core:core-viewtree:1.0.0) with AarTransform
Transforming navigation-common-2.8.8.aar (androidx.navigation:navigation-common:2.8.8) with ExtractAarTransform
Transforming navigation-common-2.8.8.aar (androidx.navigation:navigation-common:2.8.8) with AarTransform
Transforming navigation-runtime-2.8.8.aar (androidx.navigation:navigation-runtime:2.8.8) with ExtractAarTransform
Transforming navigation-runtime-2.8.8.aar (androidx.navigation:navigation-runtime:2.8.8) with AarTransform
Transforming navigation-common-ktx-2.8.8.aar (androidx.navigation:navigation-common-ktx:2.8.8) with ExtractAarTransform
Transforming navigation-common-ktx-2.8.8.aar (androidx.navigation:navigation-common-ktx:2.8.8) with AarTransform
Transforming navigation-runtime-ktx-2.8.8.aar (androidx.navigation:navigation-runtime-ktx:2.8.8) with ExtractAarTransform
Transforming navigation-runtime-ktx-2.8.8.aar (androidx.navigation:navigation-runtime-ktx:2.8.8) with AarTransform
Transforming navigation-compose-2.8.8.aar (androidx.navigation:navigation-compose:2.8.8) with ExtractAarTransform
Transforming navigation-compose-2.8.8.aar (androidx.navigation:navigation-compose:2.8.8) with AarTransform
Transforming activity-1.10.1.aar (androidx.activity:activity:1.10.1) with ExtractAarTransform
Transforming activity-1.10.1.aar (androidx.activity:activity:1.10.1) with AarTransform
Transforming material3-release.aar (androidx.compose.material3:material3-android:1.3.1) with ExtractAarTransform
Transforming material3-release.aar (androidx.compose.material3:material3-android:1.3.1) with AarTransform
Transforming coil-compose-2.7.0.aar (io.coil-kt:coil-compose:2.7.0) with ExtractAarTransform
Transforming coil-compose-2.7.0.aar (io.coil-kt:coil-compose:2.7.0) with AarTransform
Transforming coil-compose-base-2.7.0.aar (io.coil-kt:coil-compose-base:2.7.0) with ExtractAarTransform
Transforming coil-compose-base-2.7.0.aar (io.coil-kt:coil-compose-base:2.7.0) with AarTransform
Transforming animation-core-release.aar (androidx.compose.animation:animation-core-android:1.7.8) with ExtractAarTransform
Transforming animation-core-release.aar (androidx.compose.animation:animation-core-android:1.7.8) with AarTransform
Transforming material-ripple-release.aar (androidx.compose.material:material-ripple-android:1.7.8) with ExtractAarTransform
Transforming material-ripple-release.aar (androidx.compose.material:material-ripple-android:1.7.8) with AarTransform
Transforming animation-release.aar (androidx.compose.animation:animation-android:1.7.8) with ExtractAarTransform
Transforming animation-release.aar (androidx.compose.animation:animation-android:1.7.8) with AarTransform
Transforming foundation-layout-release.aar (androidx.compose.foundation:foundation-layout-android:1.7.8) with ExtractAarTransform
Transforming foundation-layout-release.aar (androidx.compose.foundation:foundation-layout-android:1.7.8) with AarTransform
Transforming foundation-release.aar (androidx.compose.foundation:foundation-android:1.7.8) with ExtractAarTransform
Transforming foundation-release.aar (androidx.compose.foundation:foundation-android:1.7.8) with AarTransform
Transforming ui-unit-release.aar (androidx.compose.ui:ui-unit-android:1.7.8) with ExtractAarTransform
Transforming ui-unit-release.aar (androidx.compose.ui:ui-unit-android:1.7.8) with AarTransform
Transforming ui-geometry-release.aar (androidx.compose.ui:ui-geometry-android:1.7.8) with ExtractAarTransform
Transforming ui-geometry-release.aar (androidx.compose.ui:ui-geometry-android:1.7.8) with AarTransform
Transforming ui-util-release.aar (androidx.compose.ui:ui-util-android:1.7.8) with ExtractAarTransform
Transforming ui-util-release.aar (androidx.compose.ui:ui-util-android:1.7.8) with AarTransform
Transforming ui-text-release.aar (androidx.compose.ui:ui-text-android:1.7.8) with ExtractAarTransform
Transforming ui-text-release.aar (androidx.compose.ui:ui-text-android:1.7.8) with AarTransform
Transforming ui-tooling-preview-release.aar (androidx.compose.ui:ui-tooling-preview-android:1.7.8) with ExtractAarTransform
Transforming ui-tooling-preview-release.aar (androidx.compose.ui:ui-tooling-preview-android:1.7.8) with AarTransform
Transforming ui-graphics-release.aar (androidx.compose.ui:ui-graphics-android:1.7.8) with ExtractAarTransform
Transforming ui-graphics-release.aar (androidx.compose.ui:ui-graphics-android:1.7.8) with AarTransform
Transforming autofill-1.0.0.aar (androidx.autofill:autofill:1.0.0) with ExtractAarTransform
Transforming autofill-1.0.0.aar (androidx.autofill:autofill:1.0.0) with AarTransform
Transforming graphics-path-1.0.1.aar (androidx.graphics:graphics-path:1.0.1) with ExtractAarTransform
Transforming graphics-path-1.0.1.aar (androidx.graphics:graphics-path:1.0.1) with AarTransform
Transforming coil-2.7.0.aar (io.coil-kt:coil:2.7.0) with ExtractAarTransform
Transforming coil-2.7.0.aar (io.coil-kt:coil:2.7.0) with AarTransform
Transforming coil-base-2.7.0.aar (io.coil-kt:coil-base:2.7.0) with ExtractAarTransform
Transforming coil-base-2.7.0.aar (io.coil-kt:coil-base:2.7.0) with AarTransform
Transforming appcompat-resources-1.6.1.aar (androidx.appcompat:appcompat-resources:1.6.1) with ExtractAarTransform
Transforming appcompat-resources-1.6.1.aar (androidx.appcompat:appcompat-resources:1.6.1) with AarTransform
Transforming vectordrawable-animated-1.1.0.aar (androidx.vectordrawable:vectordrawable-animated:1.1.0) with ExtractAarTransform
Transforming vectordrawable-animated-1.1.0.aar (androidx.vectordrawable:vectordrawable-animated:1.1.0) with AarTransform
Transforming vectordrawable-1.1.0.aar (androidx.vectordrawable:vectordrawable:1.1.0) with ExtractAarTransform
Transforming vectordrawable-1.1.0.aar (androidx.vectordrawable:vectordrawable:1.1.0) with AarTransform
Transforming vectordrawable-1.1.0.aar (androidx.vectordrawable:vectordrawable:1.1.0) with ExtractAarTransform
Transforming vectordrawable-1.1.0.aar (androidx.vectordrawable:vectordrawable:1.1.0) with AarTransform
Transforming emoji2-1.3.0.aar (androidx.emoji2:emoji2:1.3.0) with ExtractAarTransform
Transforming emoji2-1.3.0.aar (androidx.emoji2:emoji2:1.3.0) with AarTransform
Transforming core-1.15.0.aar (androidx.core:core:1.15.0) with ExtractAarTransform
Transforming core-1.15.0.aar (androidx.core:core:1.15.0) with AarTransform
Transforming core-1.15.0.aar (androidx.core:core:1.15.0) with ExtractAarTransform
Transforming core-1.15.0.aar (androidx.core:core:1.15.0) with AarTransform
Transforming core-1.15.0.aar (androidx.core:core:1.15.0) with ExtractAarTransform
Transforming core-1.15.0.aar (androidx.core:core:1.15.0) with AarTransform
Transforming savedstate-ktx-1.2.1.aar (androidx.savedstate:savedstate-ktx:1.2.1) with ExtractAarTransform
Transforming savedstate-ktx-1.2.1.aar (androidx.savedstate:savedstate-ktx:1.2.1) with AarTransform
Transforming savedstate-1.2.1.aar (androidx.savedstate:savedstate:1.2.1) with ExtractAarTransform
Transforming savedstate-1.2.1.aar (androidx.savedstate:savedstate:1.2.1) with AarTransform
Transforming lifecycle-process-2.8.7.aar (androidx.lifecycle:lifecycle-process:2.8.7) with ExtractAarTransform
Transforming lifecycle-process-2.8.7.aar (androidx.lifecycle:lifecycle-process:2.8.7) with AarTransform
Transforming lifecycle-livedata-core-2.8.7.aar (androidx.lifecycle:lifecycle-livedata-core:2.8.7) with ExtractAarTransform
Transforming lifecycle-livedata-core-2.8.7.aar (androidx.lifecycle:lifecycle-livedata-core:2.8.7) with AarTransform
Transforming lifecycle-viewmodel-release.aar (androidx.lifecycle:lifecycle-viewmodel-android:2.8.7) with ExtractAarTransform
Transforming lifecycle-viewmodel-release.aar (androidx.lifecycle:lifecycle-viewmodel-android:2.8.7) with AarTransform
Transforming lifecycle-runtime-release.aar (androidx.lifecycle:lifecycle-runtime-android:2.8.7) with ExtractAarTransform
Transforming lifecycle-runtime-release.aar (androidx.lifecycle:lifecycle-runtime-android:2.8.7) with AarTransform
Transforming lifecycle-viewmodel-ktx-2.8.7.aar (androidx.lifecycle:lifecycle-viewmodel-ktx:2.8.7) with ExtractAarTransform
Transforming lifecycle-viewmodel-ktx-2.8.7.aar (androidx.lifecycle:lifecycle-viewmodel-ktx:2.8.7) with AarTransform
Transforming lifecycle-viewmodel-savedstate-2.8.7.aar (androidx.lifecycle:lifecycle-viewmodel-savedstate:2.8.7) with ExtractAarTransform
Transforming lifecycle-viewmodel-savedstate-2.8.7.aar (androidx.lifecycle:lifecycle-viewmodel-savedstate:2.8.7) with AarTransform
Transforming lifecycle-runtime-compose-release.aar (androidx.lifecycle:lifecycle-runtime-compose-android:2.8.7) with ExtractAarTransform
Transforming lifecycle-runtime-compose-release.aar (androidx.lifecycle:lifecycle-runtime-compose-android:2.8.7) with AarTransform
Transforming lifecycle-runtime-ktx-release.aar (androidx.lifecycle:lifecycle-runtime-ktx-android:2.8.7) with ExtractAarTransform
Transforming lifecycle-runtime-ktx-release.aar (androidx.lifecycle:lifecycle-runtime-ktx-android:2.8.7) with AarTransform
Transforming lifecycle-viewmodel-compose-release.aar (androidx.lifecycle:lifecycle-viewmodel-compose-android:2.8.7) with ExtractAarTransform
Transforming lifecycle-viewmodel-compose-release.aar (androidx.lifecycle:lifecycle-viewmodel-compose-android:2.8.7) with AarTransform
Transforming accompanist-drawablepainter-0.32.0.aar (com.google.accompanist:accompanist-drawablepainter:0.32.0) with ExtractAarTransform
Transforming accompanist-drawablepainter-0.32.0.aar (com.google.accompanist:accompanist-drawablepainter:0.32.0) with AarTransform
Transforming material-icons-extended-release.aar (androidx.compose.material:material-icons-extended-android:1.7.8) with ExtractAarTransform
Transforming material-icons-extended-release.aar (androidx.compose.material:material-icons-extended-android:1.7.8) with AarTransform
Transforming material-icons-core-release.aar (androidx.compose.material:material-icons-core-android:1.7.8) with ExtractAarTransform
Transforming material-icons-core-release.aar (androidx.compose.material:material-icons-core-android:1.7.8) with AarTransform
Transforming ui-release.aar (androidx.compose.ui:ui-android:1.7.8) with ExtractAarTransform
Transforming ui-release.aar (androidx.compose.ui:ui-android:1.7.8) with AarTransform
Transforming activity-ktx-1.10.1.aar (androidx.activity:activity-ktx:1.10.1) with ExtractAarTransform
Transforming activity-ktx-1.10.1.aar (androidx.activity:activity-ktx:1.10.1) with AarTransform
Transforming activity-compose-1.10.1.aar (androidx.activity:activity-compose:1.10.1) with ExtractAarTransform
Transforming activity-compose-1.10.1.aar (androidx.activity:activity-compose:1.10.1) with AarTransform
Transforming customview-poolingcontainer-1.0.0.aar (androidx.customview:customview-poolingcontainer:1.0.0) with ExtractAarTransform
Transforming customview-poolingcontainer-1.0.0.aar (androidx.customview:customview-poolingcontainer:1.0.0) with AarTransform
Transforming core-ktx-1.15.0.aar (androidx.core:core-ktx:1.15.0) with ExtractAarTransform
Transforming core-ktx-1.15.0.aar (androidx.core:core-ktx:1.15.0) with AarTransform
Transforming room-runtime-2.6.1.aar (androidx.room:room-runtime:2.6.1) with ExtractAarTransform
Transforming room-runtime-2.6.1.aar (androidx.room:room-runtime:2.6.1) with AarTransform
Transforming room-ktx-2.6.1.aar (androidx.room:room-ktx:2.6.1) with ExtractAarTransform
Transforming room-ktx-2.6.1.aar (androidx.room:room-ktx:2.6.1) with AarTransform
Transforming runtime-saveable-release.aar (androidx.compose.runtime:runtime-saveable-android:1.7.8) with ExtractAarTransform
Transforming runtime-saveable-release.aar (androidx.compose.runtime:runtime-saveable-android:1.7.8) with AarTransform
Transforming runtime-release.aar (androidx.compose.runtime:runtime-android:1.7.8) with ExtractAarTransform
Transforming runtime-release.aar (androidx.compose.runtime:runtime-android:1.7.8) with AarTransform
Transforming sqlite-framework-2.4.0.aar (androidx.sqlite:sqlite-framework:2.4.0) with ExtractAarTransform
Transforming sqlite-framework-2.4.0.aar (androidx.sqlite:sqlite-framework:2.4.0) with AarTransform
Transforming sqlite-2.4.0.aar (androidx.sqlite:sqlite:2.4.0) with ExtractAarTransform
Transforming sqlite-2.4.0.aar (androidx.sqlite:sqlite:2.4.0) with AarTransform
Transforming core-runtime-2.2.0.aar (androidx.arch.core:core-runtime:2.2.0) with ExtractAarTransform
Transforming core-runtime-2.2.0.aar (androidx.arch.core:core-runtime:2.2.0) with AarTransform
Transforming interpolator-1.0.0.aar (androidx.interpolator:interpolator:1.0.0) with ExtractAarTransform
Transforming interpolator-1.0.0.aar (androidx.interpolator:interpolator:1.0.0) with AarTransform
Transforming interpolator-1.0.0.aar (androidx.interpolator:interpolator:1.0.0) with ExtractAarTransform
Transforming interpolator-1.0.0.aar (androidx.interpolator:interpolator:1.0.0) with AarTransform
Transforming profileinstaller-1.4.0.aar (androidx.profileinstaller:profileinstaller:1.4.0) with ExtractAarTransform
Transforming profileinstaller-1.4.0.aar (androidx.profileinstaller:profileinstaller:1.4.0) with AarTransform
Transforming startup-runtime-1.1.1.aar (androidx.startup:startup-runtime:1.1.1) with ExtractAarTransform
Transforming startup-runtime-1.1.1.aar (androidx.startup:startup-runtime:1.1.1) with AarTransform
Transforming tracing-1.2.0.aar (androidx.tracing:tracing:1.2.0) with ExtractAarTransform
Transforming tracing-1.2.0.aar (androidx.tracing:tracing:1.2.0) with AarTransform
Transforming versionedparcelable-1.1.1.aar (androidx.versionedparcelable:versionedparcelable:1.1.1) with ExtractAarTransform
Transforming versionedparcelable-1.1.1.aar (androidx.versionedparcelable:versionedparcelable:1.1.1) with AarTransform
Transforming exifinterface-1.3.7.aar (androidx.exifinterface:exifinterface:1.3.7) with ExtractAarTransform
Transforming exifinterface-1.3.7.aar (androidx.exifinterface:exifinterface:1.3.7) with AarTransform
Transforming annotation-experimental-1.4.1.aar (androidx.annotation:annotation-experimental:1.4.1) with ExtractAarTransform
Transforming annotation-experimental-1.4.1.aar (androidx.annotation:annotation-experimental:1.4.1) with AarTransform
Transforming core-viewtree-1.0.0.aar (androidx.core:core-viewtree:1.0.0) with ExtractAarTransform
Transforming core-viewtree-1.0.0.aar (androidx.core:core-viewtree:1.0.0) with AarTransform
Caching disabled for task ':app:processReleaseMainManifest' because:
  Build cache is disabled
Task ':app:processReleaseMainManifest' is not up-to-date because:
  No history is available.
Loading library manifest /home/runner/.gradle/caches/8.11.1/transforms/2aaa1fad87b0055dcb15ac85f7d32377/transformed/navigation-common-2.8.8/AndroidManifest.xml
Loading library manifest /home/runner/.gradle/caches/8.11.1/transforms/cdd8d7bfffe3c78267e1cd6154f8e243/transformed/navigation-runtime-2.8.8/AndroidManifest.xml
Loading library manifest /home/runner/.gradle/caches/8.11.1/transforms/7bc3bad83d4cd096d9a452ee64422d68/transformed/navigation-common-ktx-2.8.8/AndroidManifest.xml
Loading library manifest /home/runner/.gradle/caches/8.11.1/transforms/6e5fd9a801d580dbd58d977295bd0cc7/transformed/navigation-runtime-ktx-2.8.8/AndroidManifest.xml
Loading library manifest /home/runner/.gradle/caches/8.11.1/transforms/8d6dd87d378d4f1cd4db35cbcafc742e/transformed/navigation-compose-2.8.8/AndroidManifest.xml
Loading library manifest /home/runner/.gradle/caches/8.11.1/transforms/86def86d03b8f64eff8f4c39d4c8f3b6/transformed/activity-1.10.1/AndroidManifest.xml
Loading library manifest /home/runner/.gradle/caches/8.11.1/transforms/d3b3d2cd3993533db3f454a20dc66fc2/transformed/material3-release/AndroidManifest.xml
Loading library manifest /home/runner/.gradle/caches/8.11.1/transforms/a3d2fb0a287c1bd0b5467aeab935938a/transformed/coil-compose-2.7.0/AndroidManifest.xml
Loading library manifest /home/runner/.gradle/caches/8.11.1/transforms/817b549ef9e9e78f3d16067ed16f22da/transformed/coil-compose-base-2.7.0/AndroidManifest.xml
Loading library manifest /home/runner/.gradle/caches/8.11.1/transforms/9bf31224aa26beb7086ff49a4c2c0b86/transformed/animation-core-release/AndroidManifest.xml
Loading library manifest /home/runner/.gradle/caches/8.11.1/transforms/f7401583425c896fd33d2918795b478c/transformed/material-ripple-release/AndroidManifest.xml
Loading library manifest /home/runner/.gradle/caches/8.11.1/transforms/ffe238caf96b93d26b9adc884b6ce227/transformed/animation-release/AndroidManifest.xml
Loading library manifest /home/runner/.gradle/caches/8.11.1/transforms/6675c4db240c104802bb1d3cf1b043f2/transformed/foundation-layout-release/AndroidManifest.xml
Loading library manifest /home/runner/.gradle/caches/8.11.1/transforms/8ae29ccaf02c57c03eab8e96f13775e3/transformed/foundation-release/AndroidManifest.xml
Loading library manifest /home/runner/.gradle/caches/8.11.1/transforms/4b3d218e6253e5a099d3272d001d1419/transformed/ui-unit-release/AndroidManifest.xml
Loading library manifest /home/runner/.gradle/caches/8.11.1/transforms/d61daa566cb375ac1c028660a8e5fb7f/transformed/ui-geometry-release/AndroidManifest.xml
Loading library manifest /home/runner/.gradle/caches/8.11.1/transforms/6c691dd19a424c0658f0de782dac3f01/transformed/ui-util-release/AndroidManifest.xml
Loading library manifest /home/runner/.gradle/caches/8.11.1/transforms/77735d5304dba40b8938e54b8e09769d/transformed/ui-text-release/AndroidManifest.xml
Loading library manifest /home/runner/.gradle/caches/8.11.1/transforms/b03195ff9653bdc71245496713181c05/transformed/ui-tooling-preview-release/AndroidManifest.xml
Loading library manifest /home/runner/.gradle/caches/8.11.1/transforms/f3f8aaf667f6bfe2ff665bf480939504/transformed/ui-graphics-release/AndroidManifest.xml
Loading library manifest /home/runner/.gradle/caches/8.11.1/transforms/fc8bdb2fd7724ca1fc3f9092c9b78c95/transformed/autofill-1.0.0/AndroidManifest.xml
Loading library manifest /home/runner/.gradle/caches/8.11.1/transforms/06c9dcc1214f246b46ba15b8a2ec0b52/transformed/graphics-path-1.0.1/AndroidManifest.xml
Loading library manifest /home/runner/.gradle/caches/8.11.1/transforms/63338692c587ad741bfdc10f463e76f7/transformed/coil-2.7.0/AndroidManifest.xml
Loading library manifest /home/runner/.gradle/caches/8.11.1/transforms/9e858b990465c98e872357df4930b170/transformed/coil-base-2.7.0/AndroidManifest.xml
Loading library manifest /home/runner/.gradle/caches/8.11.1/transforms/fb557b9ad6b1f0006abfcd0930215395/transformed/appcompat-resources-1.6.1/AndroidManifest.xml
Loading library manifest /home/runner/.gradle/caches/8.11.1/transforms/ae9f7881dd575961223949c413b28cdb/transformed/vectordrawable-animated-1.1.0/AndroidManifest.xml
Loading library manifest /home/runner/.gradle/caches/8.11.1/transforms/40beec91733b9ef489fb52db767c1a4a/transformed/vectordrawable-1.1.0/AndroidManifest.xml
Loading library manifest /home/runner/.gradle/caches/8.11.1/transforms/ea6cedf3945bf785267c36b07d36be5a/transformed/emoji2-1.3.0/AndroidManifest.xml
Loading library manifest /home/runner/.gradle/caches/8.11.1/transforms/da28795e335054519c44b4d3bb377b2a/transformed/core-1.15.0/AndroidManifest.xml
Loading library manifest /home/runner/.gradle/caches/8.11.1/transforms/06ff4a575d4bafc1a73b64b5a2021731/transformed/savedstate-ktx-1.2.1/AndroidManifest.xml
Loading library manifest /home/runner/.gradle/caches/8.11.1/transforms/148deaa8c6ae25de111868c9db9af9d0/transformed/savedstate-1.2.1/AndroidManifest.xml
Loading library manifest /home/runner/.gradle/caches/8.11.1/transforms/b3cc867344eabeb72f42d4b77f083cda/transformed/lifecycle-process-2.8.7/AndroidManifest.xml
Loading library manifest /home/runner/.gradle/caches/8.11.1/transforms/e194cc5debd03348eecaf667e5bb7b15/transformed/lifecycle-livedata-core-2.8.7/AndroidManifest.xml
Loading library manifest /home/runner/.gradle/caches/8.11.1/transforms/423bbfe209a321966d909ac0ac477c34/transformed/lifecycle-viewmodel-release/AndroidManifest.xml
Loading library manifest /home/runner/.gradle/caches/8.11.1/transforms/5d93e3259e8409cdfa0284abfeb58cb5/transformed/lifecycle-runtime-release/AndroidManifest.xml
Loading library manifest /home/runner/.gradle/caches/8.11.1/transforms/729883917899acc368b52ae3918efc38/transformed/lifecycle-viewmodel-ktx-2.8.7/AndroidManifest.xml
Loading library manifest /home/runner/.gradle/caches/8.11.1/transforms/5c885d922dd799b5ef77b33b2586644b/transformed/lifecycle-viewmodel-savedstate-2.8.7/AndroidManifest.xml
Loading library manifest /home/runner/.gradle/caches/8.11.1/transforms/928a6e6e321c999c4ea0aff4b86a0c06/transformed/lifecycle-runtime-compose-release/AndroidManifest.xml
Loading library manifest /home/runner/.gradle/caches/8.11.1/transforms/a7518bbdb3a7b64b401a2e527b2fe181/transformed/lifecycle-runtime-ktx-release/AndroidManifest.xml
Loading library manifest /home/runner/.gradle/caches/8.11.1/transforms/3af7c5f6c96e0a43dd039123941895dc/transformed/lifecycle-viewmodel-compose-release/AndroidManifest.xml
Loading library manifest /home/runner/.gradle/caches/8.11.1/transforms/3c542e9c48383f997fd376eafe8df8d6/transformed/accompanist-drawablepainter-0.32.0/AndroidManifest.xml
Loading library manifest /home/runner/.gradle/caches/8.11.1/transforms/f3e72bb6f1e5d6b327c03c7e1ad3e037/transformed/material-icons-extended-release/AndroidManifest.xml
Loading library manifest /home/runner/.gradle/caches/8.11.1/transforms/b89d33fe4ad397cc6b513afe3e6519e8/transformed/material-icons-core-release/AndroidManifest.xml
Loading library manifest /home/runner/.gradle/caches/8.11.1/transforms/b0f174806147f69b540eb7287091da5a/transformed/ui-release/AndroidManifest.xml
Loading library manifest /home/runner/.gradle/caches/8.11.1/transforms/de2a8eb39e600b04aad314a40d4254dc/transformed/activity-ktx-1.10.1/AndroidManifest.xml
Loading library manifest /home/runner/.gradle/caches/8.11.1/transforms/7730f2cd9bfb853e8943e52e0e9567f1/transformed/activity-compose-1.10.1/AndroidManifest.xml
Loading library manifest /home/runner/.gradle/caches/8.11.1/transforms/fd4524e160928057c5f1b3507e872486/transformed/customview-poolingcontainer-1.0.0/AndroidManifest.xml
Loading library manifest /home/runner/.gradle/caches/8.11.1/transforms/abea1c6e612f7892bf05b3db5bc01507/transformed/core-ktx-1.15.0/AndroidManifest.xml
Loading library manifest /home/runner/.gradle/caches/8.11.1/transforms/909d147af27830ea485653afc1c8a883/transformed/room-runtime-2.6.1/AndroidManifest.xml
Loading library manifest /home/runner/.gradle/caches/8.11.1/transforms/9a0d45f8417094114877bee5abe43c40/transformed/room-ktx-2.6.1/AndroidManifest.xml
Loading library manifest /home/runner/.gradle/caches/8.11.1/transforms/567534b7add981c624fe612f768aba82/transformed/runtime-saveable-release/AndroidManifest.xml
Loading library manifest /home/runner/.gradle/caches/8.11.1/transforms/77641492126dc0596b15c47b7bd2e9df/transformed/runtime-release/AndroidManifest.xml
Loading library manifest /home/runner/.gradle/caches/8.11.1/transforms/0b64558fb2701da16d928953dcf5d8d8/transformed/sqlite-framework-2.4.0/AndroidManifest.xml
Loading library manifest /home/runner/.gradle/caches/8.11.1/transforms/ecd661d04795cd60e9e7a1290de733d6/transformed/sqlite-2.4.0/AndroidManifest.xml
Loading library manifest /home/runner/.gradle/caches/8.11.1/transforms/5397e161ce6970f1189f997c3fe95a0f/transformed/core-runtime-2.2.0/AndroidManifest.xml
Loading library manifest /home/runner/.gradle/caches/8.11.1/transforms/d9c31f99fe80e048a0a0efb70e852a9d/transformed/interpolator-1.0.0/AndroidManifest.xml
Loading library manifest /home/runner/.gradle/caches/8.11.1/transforms/9f57cf778d39bedcff2c872eab9d041a/transformed/profileinstaller-1.4.0/AndroidManifest.xml
Loading library manifest /home/runner/.gradle/caches/8.11.1/transforms/279681f4d21861c2847500a80dc86149/transformed/startup-runtime-1.1.1/AndroidManifest.xml
Loading library manifest /home/runner/.gradle/caches/8.11.1/transforms/12ba790ad9a6669f5711ee4a3d68160d/transformed/tracing-1.2.0/AndroidManifest.xml
Loading library manifest /home/runner/.gradle/caches/8.11.1/transforms/03edf67ed526ba4c80b984f7989938fe/transformed/versionedparcelable-1.1.1/AndroidManifest.xml
Loading library manifest /home/runner/.gradle/caches/8.11.1/transforms/9ea4588f7192af5beed993ee3208fb31/transformed/exifinterface-1.3.7/AndroidManifest.xml
Loading library manifest /home/runner/.gradle/caches/8.11.1/transforms/4f0402378a4df6b2ecca69f3ec6179f7/transformed/annotation-experimental-1.4.1/AndroidManifest.xml
Loading library manifest /home/runner/.gradle/caches/8.11.1/transforms/6ab8d6ee1145eecd7fe2e78954cc345f/transformed/core-viewtree-1.0.0/AndroidManifest.xml
Merging main manifest /home/runner/work/beltflow/beltflow/app/src/main/AndroidManifest.xml

Merging library manifest /home/runner/.gradle/caches/8.11.1/transforms/2aaa1fad87b0055dcb15ac85f7d32377/transformed/navigation-common-2.8.8/AndroidManifest.xml
Merging manifest with lower [androidx.navigation:navigation-common:2.8.8] AndroidManifest.xml:17:1-22:12
uses-sdk defined in both files...
Merging uses-sdk with lower [androidx.navigation:navigation-common:2.8.8] AndroidManifest.xml:20:5-44
Merging library manifest /home/runner/.gradle/caches/8.11.1/transforms/cdd8d7bfffe3c78267e1cd6154f8e243/transformed/navigation-runtime-2.8.8/AndroidManifest.xml
Merging manifest with lower [androidx.navigation:navigation-runtime:2.8.8] AndroidManifest.xml:17:1-22:12
uses-sdk defined in both files...
Merging uses-sdk with lower [androidx.navigation:navigation-runtime:2.8.8] AndroidManifest.xml:20:5-44
Merging library manifest /home/runner/.gradle/caches/8.11.1/transforms/7bc3bad83d4cd096d9a452ee64422d68/transformed/navigation-common-ktx-2.8.8/AndroidManifest.xml
Merging manifest with lower [androidx.navigation:navigation-common-ktx:2.8.8] AndroidManifest.xml:2:1-7:12
uses-sdk defined in both files...
Merging uses-sdk with lower [androidx.navigation:navigation-common-ktx:2.8.8] AndroidManifest.xml:5:5-44
Merging library manifest /home/runner/.gradle/caches/8.11.1/transforms/6e5fd9a801d580dbd58d977295bd0cc7/transformed/navigation-runtime-ktx-2.8.8/AndroidManifest.xml
Merging manifest with lower [androidx.navigation:navigation-runtime-ktx:2.8.8] AndroidManifest.xml:2:1-7:12
uses-sdk defined in both files...
Merging uses-sdk with lower [androidx.navigation:navigation-runtime-ktx:2.8.8] AndroidManifest.xml:5:5-44
Merging library manifest /home/runner/.gradle/caches/8.11.1/transforms/8d6dd87d378d4f1cd4db35cbcafc742e/transformed/navigation-compose-2.8.8/AndroidManifest.xml
Merging manifest with lower [androidx.navigation:navigation-compose:2.8.8] AndroidManifest.xml:2:1-7:12
uses-sdk defined in both files...
Merging uses-sdk with lower [androidx.navigation:navigation-compose:2.8.8] AndroidManifest.xml:5:5-44
Merging library manifest /home/runner/.gradle/caches/8.11.1/transforms/86def86d03b8f64eff8f4c39d4c8f3b6/transformed/activity-1.10.1/AndroidManifest.xml
Merging manifest with lower [androidx.activity:activity:1.10.1] AndroidManifest.xml:17:1-22:12
uses-sdk defined in both files...
Merging uses-sdk with lower [androidx.activity:activity:1.10.1] AndroidManifest.xml:20:5-44
Merging library manifest /home/runner/.gradle/caches/8.11.1/transforms/d3b3d2cd3993533db3f454a20dc66fc2/transformed/material3-release/AndroidManifest.xml
Merging manifest with lower [androidx.compose.material3:material3-android:1.3.1] AndroidManifest.xml:17:1-22:12
uses-sdk defined in both files...
Merging uses-sdk with lower [androidx.compose.material3:material3-android:1.3.1] AndroidManifest.xml:20:5-44
Merging library manifest /home/runner/.gradle/caches/8.11.1/transforms/a3d2fb0a287c1bd0b5467aeab935938a/transformed/coil-compose-2.7.0/AndroidManifest.xml
Merging manifest with lower [io.coil-kt:coil-compose:2.7.0] AndroidManifest.xml:2:1-7:12
uses-sdk defined in both files...
Merging uses-sdk with lower [io.coil-kt:coil-compose:2.7.0] AndroidManifest.xml:5:5-44
Merging library manifest /home/runner/.gradle/caches/8.11.1/transforms/817b549ef9e9e78f3d16067ed16f22da/transformed/coil-compose-base-2.7.0/AndroidManifest.xml
Merging manifest with lower [io.coil-kt:coil-compose-base:2.7.0] AndroidManifest.xml:2:1-7:12
uses-sdk defined in both files...
Merging uses-sdk with lower [io.coil-kt:coil-compose-base:2.7.0] AndroidManifest.xml:5:5-44
Merging library manifest /home/runner/.gradle/caches/8.11.1/transforms/9bf31224aa26beb7086ff49a4c2c0b86/transformed/animation-core-release/AndroidManifest.xml
Merging manifest with lower [androidx.compose.animation:animation-core-android:1.7.8] AndroidManifest.xml:2:1-7:12
uses-sdk defined in both files...
Merging uses-sdk with lower [androidx.compose.animation:animation-core-android:1.7.8] AndroidManifest.xml:5:5-44
Merging library manifest /home/runner/.gradle/caches/8.11.1/transforms/f7401583425c896fd33d2918795b478c/transformed/material-ripple-release/AndroidManifest.xml
Merging manifest with lower [androidx.compose.material:material-ripple-android:1.7.8] AndroidManifest.xml:2:1-7:12
uses-sdk defined in both files...
Merging uses-sdk with lower [androidx.compose.material:material-ripple-android:1.7.8] AndroidManifest.xml:5:5-44
Merging library manifest /home/runner/.gradle/caches/8.11.1/transforms/ffe238caf96b93d26b9adc884b6ce227/transformed/animation-release/AndroidManifest.xml
Merging manifest with lower [androidx.compose.animation:animation-android:1.7.8] AndroidManifest.xml:2:1-7:12
uses-sdk defined in both files...
Merging uses-sdk with lower [androidx.compose.animation:animation-android:1.7.8] AndroidManifest.xml:5:5-44
Merging library manifest /home/runner/.gradle/caches/8.11.1/transforms/6675c4db240c104802bb1d3cf1b043f2/transformed/foundation-layout-release/AndroidManifest.xml
Merging manifest with lower [androidx.compose.foundation:foundation-layout-android:1.7.8] AndroidManifest.xml:2:1-7:12
uses-sdk defined in both files...
Merging uses-sdk with lower [androidx.compose.foundation:foundation-layout-android:1.7.8] AndroidManifest.xml:5:5-44
Merging library manifest /home/runner/.gradle/caches/8.11.1/transforms/8ae29ccaf02c57c03eab8e96f13775e3/transformed/foundation-release/AndroidManifest.xml
Merging manifest with lower [androidx.compose.foundation:foundation-android:1.7.8] AndroidManifest.xml:2:1-7:12
uses-sdk defined in both files...
Merging uses-sdk with lower [androidx.compose.foundation:foundation-android:1.7.8] AndroidManifest.xml:5:5-44
Merging library manifest /home/runner/.gradle/caches/8.11.1/transforms/4b3d218e6253e5a099d3272d001d1419/transformed/ui-unit-release/AndroidManifest.xml
Merging manifest with lower [androidx.compose.ui:ui-unit-android:1.7.8] AndroidManifest.xml:2:1-7:12
uses-sdk defined in both files...
Merging uses-sdk with lower [androidx.compose.ui:ui-unit-android:1.7.8] AndroidManifest.xml:5:5-44
Merging library manifest /home/runner/.gradle/caches/8.11.1/transforms/d61daa566cb375ac1c028660a8e5fb7f/transformed/ui-geometry-release/AndroidManifest.xml
Merging manifest with lower [androidx.compose.ui:ui-geometry-android:1.7.8] AndroidManifest.xml:2:1-7:12
uses-sdk defined in both files...
Merging uses-sdk with lower [androidx.compose.ui:ui-geometry-android:1.7.8] AndroidManifest.xml:5:5-44
Merging library manifest /home/runner/.gradle/caches/8.11.1/transforms/6c691dd19a424c0658f0de782dac3f01/transformed/ui-util-release/AndroidManifest.xml
Merging manifest with lower [androidx.compose.ui:ui-util-android:1.7.8] AndroidManifest.xml:2:1-7:12
uses-sdk defined in both files...
Merging uses-sdk with lower [androidx.compose.ui:ui-util-android:1.7.8] AndroidManifest.xml:5:5-44
Merging library manifest /home/runner/.gradle/caches/8.11.1/transforms/77735d5304dba40b8938e54b8e09769d/transformed/ui-text-release/AndroidManifest.xml
Merging manifest with lower [androidx.compose.ui:ui-text-android:1.7.8] AndroidManifest.xml:2:1-7:12
uses-sdk defined in both files...
Merging uses-sdk with lower [androidx.compose.ui:ui-text-android:1.7.8] AndroidManifest.xml:5:5-44
Merging library manifest /home/runner/.gradle/caches/8.11.1/transforms/b03195ff9653bdc71245496713181c05/transformed/ui-tooling-preview-release/AndroidManifest.xml
Merging manifest with lower [androidx.compose.ui:ui-tooling-preview-android:1.7.8] AndroidManifest.xml:17:1-22:12
uses-sdk defined in both files...
Merging uses-sdk with lower [androidx.compose.ui:ui-tooling-preview-android:1.7.8] AndroidManifest.xml:20:5-44
Merging library manifest /home/runner/.gradle/caches/8.11.1/transforms/f3f8aaf667f6bfe2ff665bf480939504/transformed/ui-graphics-release/AndroidManifest.xml
Merging manifest with lower [androidx.compose.ui:ui-graphics-android:1.7.8] AndroidManifest.xml:2:1-7:12
uses-sdk defined in both files...
Merging uses-sdk with lower [androidx.compose.ui:ui-graphics-android:1.7.8] AndroidManifest.xml:5:5-44
Merging library manifest /home/runner/.gradle/caches/8.11.1/transforms/fc8bdb2fd7724ca1fc3f9092c9b78c95/transformed/autofill-1.0.0/AndroidManifest.xml
Merging manifest with lower [androidx.autofill:autofill:1.0.0] AndroidManifest.xml:17:1-24:12
uses-sdk defined in both files...
Merging uses-sdk with lower [androidx.autofill:autofill:1.0.0] AndroidManifest.xml:20:5-22:41
Merging library manifest /home/runner/.gradle/caches/8.11.1/transforms/06c9dcc1214f246b46ba15b8a2ec0b52/transformed/graphics-path-1.0.1/AndroidManifest.xml
Merging manifest with lower [androidx.graphics:graphics-path:1.0.1] AndroidManifest.xml:2:1-7:12
uses-sdk defined in both files...
Merging uses-sdk with lower [androidx.graphics:graphics-path:1.0.1] AndroidManifest.xml:5:5-44
Merging library manifest /home/runner/.gradle/caches/8.11.1/transforms/63338692c587ad741bfdc10f463e76f7/transformed/coil-2.7.0/AndroidManifest.xml
Merging manifest with lower [io.coil-kt:coil:2.7.0] AndroidManifest.xml:2:1-7:12
uses-sdk defined in both files...
Merging uses-sdk with lower [io.coil-kt:coil:2.7.0] AndroidManifest.xml:5:5-44
Merging library manifest /home/runner/.gradle/caches/8.11.1/transforms/9e858b990465c98e872357df4930b170/transformed/coil-base-2.7.0/AndroidManifest.xml
Merging manifest with lower [io.coil-kt:coil-base:2.7.0] AndroidManifest.xml:2:1-7:12
uses-sdk defined in both files...
Merging uses-sdk with lower [io.coil-kt:coil-base:2.7.0] AndroidManifest.xml:5:5-44
Merging library manifest /home/runner/.gradle/caches/8.11.1/transforms/fb557b9ad6b1f0006abfcd0930215395/transformed/appcompat-resources-1.6.1/AndroidManifest.xml
Merging manifest with lower [androidx.appcompat:appcompat-resources:1.6.1] AndroidManifest.xml:17:1-22:12
uses-sdk defined in both files...
Merging uses-sdk with lower [androidx.appcompat:appcompat-resources:1.6.1] AndroidManifest.xml:20:5-44
Merging library manifest /home/runner/.gradle/caches/8.11.1/transforms/ae9f7881dd575961223949c413b28cdb/transformed/vectordrawable-animated-1.1.0/AndroidManifest.xml
Merging manifest with lower [androidx.vectordrawable:vectordrawable-animated:1.1.0] AndroidManifest.xml:17:1-24:12
uses-sdk defined in both files...
Merging uses-sdk with lower [androidx.vectordrawable:vectordrawable-animated:1.1.0] AndroidManifest.xml:20:5-22:41
Merging library manifest /home/runner/.gradle/caches/8.11.1/transforms/40beec91733b9ef489fb52db767c1a4a/transformed/vectordrawable-1.1.0/AndroidManifest.xml
Merging manifest with lower [androidx.vectordrawable:vectordrawable:1.1.0] AndroidManifest.xml:17:1-24:12
uses-sdk defined in both files...
Merging uses-sdk with lower [androidx.vectordrawable:vectordrawable:1.1.0] AndroidManifest.xml:20:5-22:41
Merging library manifest /home/runner/.gradle/caches/8.11.1/transforms/ea6cedf3945bf785267c36b07d36be5a/transformed/emoji2-1.3.0/AndroidManifest.xml
Merging manifest with lower [androidx.emoji2:emoji2:1.3.0] AndroidManifest.xml:17:1-35:12
uses-sdk defined in both files...
Merging uses-sdk with lower [androidx.emoji2:emoji2:1.3.0] AndroidManifest.xml:21:5-44
application defined in both files...
Merging application with lower [androidx.emoji2:emoji2:1.3.0] AndroidManifest.xml:23:5-33:19
Adopted [provider: null]
Merging library manifest /home/runner/.gradle/caches/8.11.1/transforms/da28795e335054519c44b4d3bb377b2a/transformed/core-1.15.0/AndroidManifest.xml
Merging manifest with lower [androidx.core:core:1.15.0] AndroidManifest.xml:17:1-30:12
uses-sdk defined in both files...
Merging uses-sdk with lower [androidx.core:core:1.15.0] AndroidManifest.xml:20:5-44
Adopted [permission: null]
Adopted [uses-permission: null]
application defined in both files...
Merging application with lower [androidx.core:core:1.15.0] AndroidManifest.xml:28:5-89
Merging library manifest /home/runner/.gradle/caches/8.11.1/transforms/06ff4a575d4bafc1a73b64b5a2021731/transformed/savedstate-ktx-1.2.1/AndroidManifest.xml
Merging manifest with lower [androidx.savedstate:savedstate-ktx:1.2.1] AndroidManifest.xml:17:1-22:12
uses-sdk defined in both files...
Merging uses-sdk with lower [androidx.savedstate:savedstate-ktx:1.2.1] AndroidManifest.xml:20:5-44
Merging library manifest /home/runner/.gradle/caches/8.11.1/transforms/148deaa8c6ae25de111868c9db9af9d0/transformed/savedstate-1.2.1/AndroidManifest.xml
Merging manifest with lower [androidx.savedstate:savedstate:1.2.1] AndroidManifest.xml:17:1-22:12
uses-sdk defined in both files...
Merging uses-sdk with lower [androidx.savedstate:savedstate:1.2.1] AndroidManifest.xml:20:5-44
Merging library manifest /home/runner/.gradle/caches/8.11.1/transforms/b3cc867344eabeb72f42d4b77f083cda/transformed/lifecycle-process-2.8.7/AndroidManifest.xml
Merging manifest with lower [androidx.lifecycle:lifecycle-process:2.8.7] AndroidManifest.xml:17:1-35:12
uses-sdk defined in both files...
Merging uses-sdk with lower [androidx.lifecycle:lifecycle-process:2.8.7] AndroidManifest.xml:21:5-44
application defined in both files...
Merging application with lower [androidx.lifecycle:lifecycle-process:2.8.7] AndroidManifest.xml:23:5-33:19
provider#androidx.startup.InitializationProvider defined in both files...
Merging provider#androidx.startup.InitializationProvider with lower [androidx.lifecycle:lifecycle-process:2.8.7] AndroidManifest.xml:24:9-32:20
Adopted [meta-data: null]
Merging library manifest /home/runner/.gradle/caches/8.11.1/transforms/e194cc5debd03348eecaf667e5bb7b15/transformed/lifecycle-livedata-core-2.8.7/AndroidManifest.xml
Merging manifest with lower [androidx.lifecycle:lifecycle-livedata-core:2.8.7] AndroidManifest.xml:17:1-22:12
uses-sdk defined in both files...
Merging uses-sdk with lower [androidx.lifecycle:lifecycle-livedata-core:2.8.7] AndroidManifest.xml:20:5-44
Merging library manifest /home/runner/.gradle/caches/8.11.1/transforms/423bbfe209a321966d909ac0ac477c34/transformed/lifecycle-viewmodel-release/AndroidManifest.xml
Merging manifest with lower [androidx.lifecycle:lifecycle-viewmodel-android:2.8.7] AndroidManifest.xml:17:1-22:12
uses-sdk defined in both files...
Merging uses-sdk with lower [androidx.lifecycle:lifecycle-viewmodel-android:2.8.7] AndroidManifest.xml:20:5-44
Merging library manifest /home/runner/.gradle/caches/8.11.1/transforms/5d93e3259e8409cdfa0284abfeb58cb5/transformed/lifecycle-runtime-release/AndroidManifest.xml
Merging manifest with lower [androidx.lifecycle:lifecycle-runtime-android:2.8.7] AndroidManifest.xml:17:1-22:12
uses-sdk defined in both files...
Merging uses-sdk with lower [androidx.lifecycle:lifecycle-runtime-android:2.8.7] AndroidManifest.xml:20:5-44
Merging library manifest /home/runner/.gradle/caches/8.11.1/transforms/729883917899acc368b52ae3918efc38/transformed/lifecycle-viewmodel-ktx-2.8.7/AndroidManifest.xml
Merging manifest with lower [androidx.lifecycle:lifecycle-viewmodel-ktx:2.8.7] AndroidManifest.xml:2:1-7:12
uses-sdk defined in both files...
Merging uses-sdk with lower [androidx.lifecycle:lifecycle-viewmodel-ktx:2.8.7] AndroidManifest.xml:5:5-44
Merging library manifest /home/runner/.gradle/caches/8.11.1/transforms/5c885d922dd799b5ef77b33b2586644b/transformed/lifecycle-viewmodel-savedstate-2.8.7/AndroidManifest.xml
Merging manifest with lower [androidx.lifecycle:lifecycle-viewmodel-savedstate:2.8.7] AndroidManifest.xml:17:1-22:12
uses-sdk defined in both files...
Merging uses-sdk with lower [androidx.lifecycle:lifecycle-viewmodel-savedstate:2.8.7] AndroidManifest.xml:20:5-44
Merging library manifest /home/runner/.gradle/caches/8.11.1/transforms/928a6e6e321c999c4ea0aff4b86a0c06/transformed/lifecycle-runtime-compose-release/AndroidManifest.xml
Merging manifest with lower [androidx.lifecycle:lifecycle-runtime-compose-android:2.8.7] AndroidManifest.xml:2:1-7:12
uses-sdk defined in both files...
Merging uses-sdk with lower [androidx.lifecycle:lifecycle-runtime-compose-android:2.8.7] AndroidManifest.xml:5:5-44
Merging library manifest /home/runner/.gradle/caches/8.11.1/transforms/a7518bbdb3a7b64b401a2e527b2fe181/transformed/lifecycle-runtime-ktx-release/AndroidManifest.xml
Merging manifest with lower [androidx.lifecycle:lifecycle-runtime-ktx-android:2.8.7] AndroidManifest.xml:2:1-7:12
uses-sdk defined in both files...
Merging uses-sdk with lower [androidx.lifecycle:lifecycle-runtime-ktx-android:2.8.7] AndroidManifest.xml:5:5-44
Merging library manifest /home/runner/.gradle/caches/8.11.1/transforms/3af7c5f6c96e0a43dd039123941895dc/transformed/lifecycle-viewmodel-compose-release/AndroidManifest.xml
Merging manifest with lower [androidx.lifecycle:lifecycle-viewmodel-compose-android:2.8.7] AndroidManifest.xml:2:1-7:12
uses-sdk defined in both files...
Merging uses-sdk with lower [androidx.lifecycle:lifecycle-viewmodel-compose-android:2.8.7] AndroidManifest.xml:5:5-44
Merging library manifest /home/runner/.gradle/caches/8.11.1/transforms/3c542e9c48383f997fd376eafe8df8d6/transformed/accompanist-drawablepainter-0.32.0/AndroidManifest.xml
Merging manifest with lower [com.google.accompanist:accompanist-drawablepainter:0.32.0] AndroidManifest.xml:17:1-23:12
uses-sdk defined in both files...
Merging uses-sdk with lower [com.google.accompanist:accompanist-drawablepainter:0.32.0] AndroidManifest.xml:21:5-44
Merging library manifest /home/runner/.gradle/caches/8.11.1/transforms/f3e72bb6f1e5d6b327c03c7e1ad3e037/transformed/material-icons-extended-release/AndroidManifest.xml
Merging manifest with lower [androidx.compose.material:material-icons-extended-android:1.7.8] AndroidManifest.xml:2:1-7:12
uses-sdk defined in both files...
Merging uses-sdk with lower [androidx.compose.material:material-icons-extended-android:1.7.8] AndroidManifest.xml:5:5-44
Merging library manifest /home/runner/.gradle/caches/8.11.1/transforms/b89d33fe4ad397cc6b513afe3e6519e8/transformed/material-icons-core-release/AndroidManifest.xml
Merging manifest with lower [androidx.compose.material:material-icons-core-android:1.7.8] AndroidManifest.xml:2:1-7:12
uses-sdk defined in both files...
Merging uses-sdk with lower [androidx.compose.material:material-icons-core-android:1.7.8] AndroidManifest.xml:5:5-44
Merging library manifest /home/runner/.gradle/caches/8.11.1/transforms/b0f174806147f69b540eb7287091da5a/transformed/ui-release/AndroidManifest.xml
Merging manifest with lower [androidx.compose.ui:ui-android:1.7.8] AndroidManifest.xml:2:1-7:12
uses-sdk defined in both files...
Merging uses-sdk with lower [androidx.compose.ui:ui-android:1.7.8] AndroidManifest.xml:5:5-44
Merging library manifest /home/runner/.gradle/caches/8.11.1/transforms/de2a8eb39e600b04aad314a40d4254dc/transformed/activity-ktx-1.10.1/AndroidManifest.xml
Merging manifest with lower [androidx.activity:activity-ktx:1.10.1] AndroidManifest.xml:2:1-7:12
uses-sdk defined in both files...
Merging uses-sdk with lower [androidx.activity:activity-ktx:1.10.1] AndroidManifest.xml:5:5-44
Merging library manifest /home/runner/.gradle/caches/8.11.1/transforms/7730f2cd9bfb853e8943e52e0e9567f1/transformed/activity-compose-1.10.1/AndroidManifest.xml
Merging manifest with lower [androidx.activity:activity-compose:1.10.1] AndroidManifest.xml:2:1-7:12
uses-sdk defined in both files...
Merging uses-sdk with lower [androidx.activity:activity-compose:1.10.1] AndroidManifest.xml:5:5-44
Merging library manifest /home/runner/.gradle/caches/8.11.1/transforms/fd4524e160928057c5f1b3507e872486/transformed/customview-poolingcontainer-1.0.0/AndroidManifest.xml
Merging manifest with lower [androidx.customview:customview-poolingcontainer:1.0.0] AndroidManifest.xml:17:1-23:12
uses-sdk defined in both files...
Merging uses-sdk with lower [androidx.customview:customview-poolingcontainer:1.0.0] AndroidManifest.xml:20:5-21:38
Merging library manifest /home/runner/.gradle/caches/8.11.1/transforms/abea1c6e612f7892bf05b3db5bc01507/transformed/core-ktx-1.15.0/AndroidManifest.xml
Merging manifest with lower [androidx.core:core-ktx:1.15.0] AndroidManifest.xml:2:1-7:12
uses-sdk defined in both files...
Merging uses-sdk with lower [androidx.core:core-ktx:1.15.0] AndroidManifest.xml:5:5-44
Merging library manifest /home/runner/.gradle/caches/8.11.1/transforms/909d147af27830ea485653afc1c8a883/transformed/room-runtime-2.6.1/AndroidManifest.xml
Merging manifest with lower [androidx.room:room-runtime:2.6.1] AndroidManifest.xml:17:1-31:12
uses-sdk defined in both files...
Merging uses-sdk with lower [androidx.room:room-runtime:2.6.1] AndroidManifest.xml:21:5-44
application defined in both files...
Merging application with lower [androidx.room:room-runtime:2.6.1] AndroidManifest.xml:23:5-29:19
Adopted [service: null]
Merging library manifest /home/runner/.gradle/caches/8.11.1/transforms/9a0d45f8417094114877bee5abe43c40/transformed/room-ktx-2.6.1/AndroidManifest.xml
Merging manifest with lower [androidx.room:room-ktx:2.6.1] AndroidManifest.xml:17:1-22:12
uses-sdk defined in both files...
Merging uses-sdk with lower [androidx.room:room-ktx:2.6.1] AndroidManifest.xml:20:5-44
Merging library manifest /home/runner/.gradle/caches/8.11.1/transforms/567534b7add981c624fe612f768aba82/transformed/runtime-saveable-release/AndroidManifest.xml
Merging manifest with lower [androidx.compose.runtime:runtime-saveable-android:1.7.8] AndroidManifest.xml:2:1-7:12
uses-sdk defined in both files...
Merging uses-sdk with lower [androidx.compose.runtime:runtime-saveable-android:1.7.8] AndroidManifest.xml:5:5-44
Merging library manifest /home/runner/.gradle/caches/8.11.1/transforms/77641492126dc0596b15c47b7bd2e9df/transformed/runtime-release/AndroidManifest.xml
Merging manifest with lower [androidx.compose.runtime:runtime-android:1.7.8] AndroidManifest.xml:2:1-7:12
uses-sdk defined in both files...
Merging uses-sdk with lower [androidx.compose.runtime:runtime-android:1.7.8] AndroidManifest.xml:5:5-44
Merging library manifest /home/runner/.gradle/caches/8.11.1/transforms/0b64558fb2701da16d928953dcf5d8d8/transformed/sqlite-framework-2.4.0/AndroidManifest.xml
Merging manifest with lower [androidx.sqlite:sqlite-framework:2.4.0] AndroidManifest.xml:17:1-22:12
uses-sdk defined in both files...
Merging uses-sdk with lower [androidx.sqlite:sqlite-framework:2.4.0] AndroidManifest.xml:20:5-44
Merging library manifest /home/runner/.gradle/caches/8.11.1/transforms/ecd661d04795cd60e9e7a1290de733d6/transformed/sqlite-2.4.0/AndroidManifest.xml
Merging manifest with lower [androidx.sqlite:sqlite:2.4.0] AndroidManifest.xml:17:1-22:12
uses-sdk defined in both files...
Merging uses-sdk with lower [androidx.sqlite:sqlite:2.4.0] AndroidManifest.xml:20:5-44
Merging library manifest /home/runner/.gradle/caches/8.11.1/transforms/5397e161ce6970f1189f997c3fe95a0f/transformed/core-runtime-2.2.0/AndroidManifest.xml
Merging manifest with lower [androidx.arch.core:core-runtime:2.2.0] AndroidManifest.xml:17:1-22:12
uses-sdk defined in both files...
Merging uses-sdk with lower [androidx.arch.core:core-runtime:2.2.0] AndroidManifest.xml:20:5-44
Merging library manifest /home/runner/.gradle/caches/8.11.1/transforms/d9c31f99fe80e048a0a0efb70e852a9d/transformed/interpolator-1.0.0/AndroidManifest.xml
Merging manifest with lower [androidx.interpolator:interpolator:1.0.0] AndroidManifest.xml:17:1-22:12
uses-sdk defined in both files...
Merging uses-sdk with lower [androidx.interpolator:interpolator:1.0.0] AndroidManifest.xml:20:5-44
Merging library manifest /home/runner/.gradle/caches/8.11.1/transforms/9f57cf778d39bedcff2c872eab9d041a/transformed/profileinstaller-1.4.0/AndroidManifest.xml
Merging manifest with lower [androidx.profileinstaller:profileinstaller:1.4.0] AndroidManifest.xml:17:1-55:12
uses-sdk defined in both files...
Merging uses-sdk with lower [androidx.profileinstaller:profileinstaller:1.4.0] AndroidManifest.xml:21:5-44
application defined in both files...
Merging application with lower [androidx.profileinstaller:profileinstaller:1.4.0] AndroidManifest.xml:23:5-53:19
provider#androidx.startup.InitializationProvider defined in both files...
Merging provider#androidx.startup.InitializationProvider with lower [androidx.profileinstaller:profileinstaller:1.4.0] AndroidManifest.xml:24:9-32:20
Adopted [meta-data: null]
Adopted [receiver: null]
Merging library manifest /home/runner/.gradle/caches/8.11.1/transforms/279681f4d21861c2847500a80dc86149/transformed/startup-runtime-1.1.1/AndroidManifest.xml
Merging manifest with lower [androidx.startup:startup-runtime:1.1.1] AndroidManifest.xml:17:1-33:12
uses-sdk defined in both files...
Merging uses-sdk with lower [androidx.startup:startup-runtime:1.1.1] AndroidManifest.xml:21:5-23:41
application defined in both files...
Merging application with lower [androidx.startup:startup-runtime:1.1.1] AndroidManifest.xml:25:5-31:19
provider#androidx.startup.InitializationProvider defined in both files...
Merging provider#androidx.startup.InitializationProvider with lower [androidx.startup:startup-runtime:1.1.1] AndroidManifest.xml:26:9-30:34
Merging library manifest /home/runner/.gradle/caches/8.11.1/transforms/12ba790ad9a6669f5711ee4a3d68160d/transformed/tracing-1.2.0/AndroidManifest.xml
Merging manifest with lower [androidx.tracing:tracing:1.2.0] AndroidManifest.xml:17:1-22:12
uses-sdk defined in both files...
Merging uses-sdk with lower [androidx.tracing:tracing:1.2.0] AndroidManifest.xml:20:5-44
Merging library manifest /home/runner/.gradle/caches/8.11.1/transforms/03edf67ed526ba4c80b984f7989938fe/transformed/versionedparcelable-1.1.1/AndroidManifest.xml
Merging manifest with lower [androidx.versionedparcelable:versionedparcelable:1.1.1] AndroidManifest.xml:17:1-27:12
uses-sdk defined in both files...
Merging uses-sdk with lower [androidx.versionedparcelable:versionedparcelable:1.1.1] AndroidManifest.xml:20:5-22:41
application defined in both files...
Merging application with lower [androidx.versionedparcelable:versionedparcelable:1.1.1] AndroidManifest.xml:24:5-25:19
Merging library manifest /home/runner/.gradle/caches/8.11.1/transforms/9ea4588f7192af5beed993ee3208fb31/transformed/exifinterface-1.3.7/AndroidManifest.xml
Merging manifest with lower [androidx.exifinterface:exifinterface:1.3.7] AndroidManifest.xml:17:1-24:12
uses-sdk defined in both files...
Merging uses-sdk with lower [androidx.exifinterface:exifinterface:1.3.7] AndroidManifest.xml:20:5-22:41
Merging library manifest /home/runner/.gradle/caches/8.11.1/transforms/4f0402378a4df6b2ecca69f3ec6179f7/transformed/annotation-experimental-1.4.1/AndroidManifest.xml
Merging manifest with lower [androidx.annotation:annotation-experimental:1.4.1] AndroidManifest.xml:2:1-7:12
uses-sdk defined in both files...
Merging uses-sdk with lower [androidx.annotation:annotation-experimental:1.4.1] AndroidManifest.xml:5:5-44
Merging library manifest /home/runner/.gradle/caches/8.11.1/transforms/6ab8d6ee1145eecd7fe2e78954cc345f/transformed/core-viewtree-1.0.0/AndroidManifest.xml
Merging manifest with lower [androidx.core:core-viewtree:1.0.0] AndroidManifest.xml:2:1-7:12
uses-sdk defined in both files...
Merging uses-sdk with lower [androidx.core:core-viewtree:1.0.0] AndroidManifest.xml:5:5-44
Merging result: SUCCESS
1<?xml version="1.0" encoding="utf-8"?>
2<manifest xmlns:android="http://schemas.android.com/apk/res/android"
3    package="com.eswaran.beltflow"
4    android:versionCode="12"
5    android:versionName="1.0.11" >
6
7    <uses-sdk
8        android:minSdkVersion="26"
9        android:targetSdkVersion="36" />
10
11    <uses-permission android:name="android.permission.INTERNET" />
11-->/home/runner/work/beltflow/beltflow/app/src/main/AndroidManifest.xml:4:5-67
11-->/home/runner/work/beltflow/beltflow/app/src/main/AndroidManifest.xml:4:22-64
12
13    <permission
13-->[androidx.core:core:1.15.0] /home/runner/.gradle/caches/8.11.1/transforms/da28795e335054519c44b4d3bb377b2a/transformed/core-1.15.0/AndroidManifest.xml:22:5-24:47
14        android:name="com.eswaran.beltflow.DYNAMIC_RECEIVER_NOT_EXPORTED_PERMISSION"
14-->[androidx.core:core:1.15.0] /home/runner/.gradle/caches/8.11.1/transforms/da28795e335054519c44b4d3bb377b2a/transformed/core-1.15.0/AndroidManifest.xml:23:9-81
15        android:protectionLevel="signature" />
15-->[androidx.core:core:1.15.0] /home/runner/.gradle/caches/8.11.1/transforms/da28795e335054519c44b4d3bb377b2a/transformed/core-1.15.0/AndroidManifest.xml:24:9-44
16
17    <uses-permission android:name="com.eswaran.beltflow.DYNAMIC_RECEIVER_NOT_EXPORTED_PERMISSION" />
17-->[androidx.core:core:1.15.0] /home/runner/.gradle/caches/8.11.1/transforms/da28795e335054519c44b4d3bb377b2a/transformed/core-1.15.0/AndroidManifest.xml:26:5-97
17-->[androidx.core:core:1.15.0] /home/runner/.gradle/caches/8.11.1/transforms/da28795e335054519c44b4d3bb377b2a/transformed/core-1.15.0/AndroidManifest.xml:26:22-94
18
19    <application
19-->/home/runner/work/beltflow/beltflow/app/src/main/AndroidManifest.xml:6:5-24:19
20        android:name="com.example.beltflow.BeltFlowApplication"
20-->/home/runner/work/beltflow/beltflow/app/src/main/AndroidManifest.xml:7:9-44
21        android:allowBackup="true"
21-->/home/runner/work/beltflow/beltflow/app/src/main/AndroidManifest.xml:8:9-35
22        android:appComponentFactory="androidx.core.app.CoreComponentFactory"
22-->[androidx.core:core:1.15.0] /home/runner/.gradle/caches/8.11.1/transforms/da28795e335054519c44b4d3bb377b2a/transformed/core-1.15.0/AndroidManifest.xml:28:18-86
23        android:extractNativeLibs="false"
24        android:icon="@mipmap/ic_launcher"
24-->/home/runner/work/beltflow/beltflow/app/src/main/AndroidManifest.xml:9:9-43
25        android:label="@string/app_name"
25-->/home/runner/work/beltflow/beltflow/app/src/main/AndroidManifest.xml:11:9-41
26        android:roundIcon="@mipmap/ic_launcher_round"
26-->/home/runner/work/beltflow/beltflow/app/src/main/AndroidManifest.xml:10:9-54
27        android:supportsRtl="true"
27-->/home/runner/work/beltflow/beltflow/app/src/main/AndroidManifest.xml:12:9-35
28        android:theme="@style/Theme.BeltFlow" >
28-->/home/runner/work/beltflow/beltflow/app/src/main/AndroidManifest.xml:13:9-46
29        <activity
29-->/home/runner/work/beltflow/beltflow/app/src/main/AndroidManifest.xml:14:9-23:20
30            android:name="com.example.beltflow.MainActivity"
30-->/home/runner/work/beltflow/beltflow/app/src/main/AndroidManifest.xml:15:13-41
31            android:exported="true"
31-->/home/runner/work/beltflow/beltflow/app/src/main/AndroidManifest.xml:16:13-36
32            android:theme="@style/Theme.BeltFlow"
32-->/home/runner/work/beltflow/beltflow/app/src/main/AndroidManifest.xml:17:13-50
33            android:windowSoftInputMode="adjustResize" >
33-->/home/runner/work/beltflow/beltflow/app/src/main/AndroidManifest.xml:18:13-55
34            <intent-filter>
34-->/home/runner/work/beltflow/beltflow/app/src/main/AndroidManifest.xml:19:13-22:29
35                <action android:name="android.intent.action.MAIN" />
35-->/home/runner/work/beltflow/beltflow/app/src/main/AndroidManifest.xml:20:17-69
35-->/home/runner/work/beltflow/beltflow/app/src/main/AndroidManifest.xml:20:25-66
36
37                <category android:name="android.intent.category.LAUNCHER" />
37-->/home/runner/work/beltflow/beltflow/app/src/main/AndroidManifest.xml:21:17-77
37-->/home/runner/work/beltflow/beltflow/app/src/main/AndroidManifest.xml:21:27-74
38            </intent-filter>
39        </activity>
40
41        <provider
41-->[androidx.emoji2:emoji2:1.3.0] /home/runner/.gradle/caches/8.11.1/transforms/ea6cedf3945bf785267c36b07d36be5a/transformed/emoji2-1.3.0/AndroidManifest.xml:24:9-32:20
42            android:name="androidx.startup.InitializationProvider"
42-->[androidx.emoji2:emoji2:1.3.0] /home/runner/.gradle/caches/8.11.1/transforms/ea6cedf3945bf785267c36b07d36be5a/transformed/emoji2-1.3.0/AndroidManifest.xml:25:13-67
43            android:authorities="com.eswaran.beltflow.androidx-startup"
43-->[androidx.emoji2:emoji2:1.3.0] /home/runner/.gradle/caches/8.11.1/transforms/ea6cedf3945bf785267c36b07d36be5a/transformed/emoji2-1.3.0/AndroidManifest.xml:26:13-68
44            android:exported="false" >
44-->[androidx.emoji2:emoji2:1.3.0] /home/runner/.gradle/caches/8.11.1/transforms/ea6cedf3945bf785267c36b07d36be5a/transformed/emoji2-1.3.0/AndroidManifest.xml:27:13-37
45            <meta-data
45-->[androidx.emoji2:emoji2:1.3.0] /home/runner/.gradle/caches/8.11.1/transforms/ea6cedf3945bf785267c36b07d36be5a/transformed/emoji2-1.3.0/AndroidManifest.xml:29:13-31:52
46                android:name="androidx.emoji2.text.EmojiCompatInitializer"
46-->[androidx.emoji2:emoji2:1.3.0] /home/runner/.gradle/caches/8.11.1/transforms/ea6cedf3945bf785267c36b07d36be5a/transformed/emoji2-1.3.0/AndroidManifest.xml:30:17-75
47                android:value="androidx.startup" />
47-->[androidx.emoji2:emoji2:1.3.0] /home/runner/.gradle/caches/8.11.1/transforms/ea6cedf3945bf785267c36b07d36be5a/transformed/emoji2-1.3.0/AndroidManifest.xml:31:17-49
48            <meta-data
48-->[androidx.lifecycle:lifecycle-process:2.8.7] /home/runner/.gradle/caches/8.11.1/transforms/b3cc867344eabeb72f42d4b77f083cda/transformed/lifecycle-process-2.8.7/AndroidManifest.xml:29:13-31:52
49                android:name="androidx.lifecycle.ProcessLifecycleInitializer"
49-->[androidx.lifecycle:lifecycle-process:2.8.7] /home/runner/.gradle/caches/8.11.1/transforms/b3cc867344eabeb72f42d4b77f083cda/transformed/lifecycle-process-2.8.7/AndroidManifest.xml:30:17-78
50                android:value="androidx.startup" />
50-->[androidx.lifecycle:lifecycle-process:2.8.7] /home/runner/.gradle/caches/8.11.1/transforms/b3cc867344eabeb72f42d4b77f083cda/transformed/lifecycle-process-2.8.7/AndroidManifest.xml:31:17-49
51            <meta-data
51-->[androidx.profileinstaller:profileinstaller:1.4.0] /home/runner/.gradle/caches/8.11.1/transforms/9f57cf778d39bedcff2c872eab9d041a/transformed/profileinstaller-1.4.0/AndroidManifest.xml:29:13-31:52
52                android:name="androidx.profileinstaller.ProfileInstallerInitializer"
52-->[androidx.profileinstaller:profileinstaller:1.4.0] /home/runner/.gradle/caches/8.11.1/transforms/9f57cf778d39bedcff2c872eab9d041a/transformed/profileinstaller-1.4.0/AndroidManifest.xml:30:17-85
53                android:value="androidx.startup" />
53-->[androidx.profileinstaller:profileinstaller:1.4.0] /home/runner/.gradle/caches/8.11.1/transforms/9f57cf778d39bedcff2c872eab9d041a/transformed/profileinstaller-1.4.0/AndroidManifest.xml:31:17-49
54        </provider>
55
56        <service
56-->[androidx.room:room-runtime:2.6.1] /home/runner/.gradle/caches/8.11.1/transforms/909d147af27830ea485653afc1c8a883/transformed/room-runtime-2.6.1/AndroidManifest.xml:24:9-28:63
57            android:name="androidx.room.MultiInstanceInvalidationService"
57-->[androidx.room:room-runtime:2.6.1] /home/runner/.gradle/caches/8.11.1/transforms/909d147af27830ea485653afc1c8a883/transformed/room-runtime-2.6.1/AndroidManifest.xml:25:13-74
58            android:directBootAware="true"
58-->[androidx.room:room-runtime:2.6.1] /home/runner/.gradle/caches/8.11.1/transforms/909d147af27830ea485653afc1c8a883/transformed/room-runtime-2.6.1/AndroidManifest.xml:26:13-43
59            android:exported="false" />
59-->[androidx.room:room-runtime:2.6.1] /home/runner/.gradle/caches/8.11.1/transforms/909d147af27830ea485653afc1c8a883/transformed/room-runtime-2.6.1/AndroidManifest.xml:27:13-37
60
61        <receiver
61-->[androidx.profileinstaller:profileinstaller:1.4.0] /home/runner/.gradle/caches/8.11.1/transforms/9f57cf778d39bedcff2c872eab9d041a/transformed/profileinstaller-1.4.0/AndroidManifest.xml:34:9-52:20
62            android:name="androidx.profileinstaller.ProfileInstallReceiver"
62-->[androidx.profileinstaller:profileinstaller:1.4.0] /home/runner/.gradle/caches/8.11.1/transforms/9f57cf778d39bedcff2c872eab9d041a/transformed/profileinstaller-1.4.0/AndroidManifest.xml:35:13-76
63            android:directBootAware="false"
63-->[androidx.profileinstaller:profileinstaller:1.4.0] /home/runner/.gradle/caches/8.11.1/transforms/9f57cf778d39bedcff2c872eab9d041a/transformed/profileinstaller-1.4.0/AndroidManifest.xml:36:13-44
64            android:enabled="true"
64-->[androidx.profileinstaller:profileinstaller:1.4.0] /home/runner/.gradle/caches/8.11.1/transforms/9f57cf778d39bedcff2c872eab9d041a/transformed/profileinstaller-1.4.0/AndroidManifest.xml:37:13-35
65            android:exported="true"
65-->[androidx.profileinstaller:profileinstaller:1.4.0] /home/runner/.gradle/caches/8.11.1/transforms/9f57cf778d39bedcff2c872eab9d041a/transformed/profileinstaller-1.4.0/AndroidManifest.xml:38:13-36
66            android:permission="android.permission.DUMP" >
66-->[androidx.profileinstaller:profileinstaller:1.4.0] /home/runner/.gradle/caches/8.11.1/transforms/9f57cf778d39bedcff2c872eab9d041a/transformed/profileinstaller-1.4.0/AndroidManifest.xml:39:13-57
67            <intent-filter>
67-->[androidx.profileinstaller:profileinstaller:1.4.0] /home/runner/.gradle/caches/8.11.1/transforms/9f57cf778d39bedcff2c872eab9d041a/transformed/profileinstaller-1.4.0/AndroidManifest.xml:40:13-42:29
68                <action android:name="androidx.profileinstaller.action.INSTALL_PROFILE" />
68-->[androidx.profileinstaller:profileinstaller:1.4.0] /home/runner/.gradle/caches/8.11.1/transforms/9f57cf778d39bedcff2c872eab9d041a/transformed/profileinstaller-1.4.0/AndroidManifest.xml:41:17-91
68-->[androidx.profileinstaller:profileinstaller:1.4.0] /home/runner/.gradle/caches/8.11.1/transforms/9f57cf778d39bedcff2c872eab9d041a/transformed/profileinstaller-1.4.0/AndroidManifest.xml:41:25-88
69            </intent-filter>
70            <intent-filter>
70-->[androidx.profileinstaller:profileinstaller:1.4.0] /home/runner/.gradle/caches/8.11.1/transforms/9f57cf778d39bedcff2c872eab9d041a/transformed/profileinstaller-1.4.0/AndroidManifest.xml:43:13-45:29
71                <action android:name="androidx.profileinstaller.action.SKIP_FILE" />
71-->[androidx.profileinstaller:profileinstaller:1.4.0] /home/runner/.gradle/caches/8.11.1/transforms/9f57cf778d39bedcff2c872eab9d041a/transformed/profileinstaller-1.4.0/AndroidManifest.xml:44:17-85
71-->[androidx.profileinstaller:profileinstaller:1.4.0] /home/runner/.gradle/caches/8.11.1/transforms/9f57cf778d39bedcff2c872eab9d041a/transformed/profileinstaller-1.4.0/AndroidManifest.xml:44:25-82
72            </intent-filter>
73            <intent-filter>
73-->[androidx.profileinstaller:profileinstaller:1.4.0] /home/runner/.gradle/caches/8.11.1/transforms/9f57cf778d39bedcff2c872eab9d041a/transformed/profileinstaller-1.4.0/AndroidManifest.xml:46:13-48:29
74                <action android:name="androidx.profileinstaller.action.SAVE_PROFILE" />
74-->[androidx.profileinstaller:profileinstaller:1.4.0] /home/runner/.gradle/caches/8.11.1/transforms/9f57cf778d39bedcff2c872eab9d041a/transformed/profileinstaller-1.4.0/AndroidManifest.xml:47:17-88
74-->[androidx.profileinstaller:profileinstaller:1.4.0] /home/runner/.gradle/caches/8.11.1/transforms/9f57cf778d39bedcff2c872eab9d041a/transformed/profileinstaller-1.4.0/AndroidManifest.xml:47:25-85
75            </intent-filter>
76            <intent-filter>
76-->[androidx.profileinstaller:profileinstaller:1.4.0] /home/runner/.gradle/caches/8.11.1/transforms/9f57cf778d39bedcff2c872eab9d041a/transformed/profileinstaller-1.4.0/AndroidManifest.xml:49:13-51:29
77                <action android:name="androidx.profileinstaller.action.BENCHMARK_OPERATION" />
77-->[androidx.profileinstaller:profileinstaller:1.4.0] /home/runner/.gradle/caches/8.11.1/transforms/9f57cf778d39bedcff2c872eab9d041a/transformed/profileinstaller-1.4.0/AndroidManifest.xml:50:17-95
77-->[androidx.profileinstaller:profileinstaller:1.4.0] /home/runner/.gradle/caches/8.11.1/transforms/9f57cf778d39bedcff2c872eab9d041a/transformed/profileinstaller-1.4.0/AndroidManifest.xml:50:25-92
78            </intent-filter>
79        </receiver>
80    </application>
81
82</manifest>

Merged manifest saved to /home/runner/work/beltflow/beltflow/app/build/intermediates/merged_manifest/release/processReleaseMainManifest/AndroidManifest.xml
Resolve mutations for :app:processReleaseManifest (Thread[Execution worker Thread 2,5,main]) started.
:app:processReleaseManifest (Thread[Execution worker Thread 2,5,main]) started.

> Task :app:processReleaseManifest
Caching disabled for task ':app:processReleaseManifest' because:
  Build cache is disabled
Task ':app:processReleaseManifest' is not up-to-date because:
  No history is available.
Resolve mutations for :app:processApplicationManifestReleaseForBundle (Thread[included builds,5,main]) started.
:app:processApplicationManifestReleaseForBundle (Thread[Execution worker Thread 2,5,main]) started.

> Task :app:processApplicationManifestReleaseForBundle
Caching disabled for task ':app:processApplicationManifestReleaseForBundle' because:
  Build cache is disabled
  Caching has been disabled for the task
Task ':app:processApplicationManifestReleaseForBundle' is not up-to-date because:
  No history is available.
Resolve mutations for :app:checkReleaseAarMetadata (Thread[included builds,5,main]) started.
:app:checkReleaseAarMetadata (Thread[included builds,5,main]) started.
Resolve mutations for :app:packageReleaseResources (Thread[Execution worker Thread 2,5,main]) started.
:app:packageReleaseResources (Thread[Execution worker Thread 2,5,main]) started.

> Task :app:checkReleaseAarMetadata
Transforming navigation-common-2.8.8.aar (androidx.navigation:navigation-common:2.8.8) with ExtractAarTransform
Transforming navigation-common-2.8.8.aar (androidx.navigation:navigation-common:2.8.8) with AarTransform
Transforming navigation-runtime-2.8.8.aar (androidx.navigation:navigation-runtime:2.8.8) with ExtractAarTransform
Transforming navigation-runtime-2.8.8.aar (androidx.navigation:navigation-runtime:2.8.8) with AarTransform
Transforming navigation-common-ktx-2.8.8.aar (androidx.navigation:navigation-common-ktx:2.8.8) with ExtractAarTransform
Transforming navigation-common-ktx-2.8.8.aar (androidx.navigation:navigation-common-ktx:2.8.8) with AarTransform
Transforming navigation-runtime-ktx-2.8.8.aar (androidx.navigation:navigation-runtime-ktx:2.8.8) with ExtractAarTransform
Transforming navigation-runtime-ktx-2.8.8.aar (androidx.navigation:navigation-runtime-ktx:2.8.8) with AarTransform
Transforming navigation-compose-2.8.8.aar (androidx.navigation:navigation-compose:2.8.8) with ExtractAarTransform
Transforming navigation-compose-2.8.8.aar (androidx.navigation:navigation-compose:2.8.8) with AarTransform
Transforming activity-1.10.1.aar (androidx.activity:activity:1.10.1) with ExtractAarTransform
Transforming activity-1.10.1.aar (androidx.activity:activity:1.10.1) with AarTransform
Transforming material3-release.aar (androidx.compose.material3:material3-android:1.3.1) with ExtractAarTransform
Transforming material3-release.aar (androidx.compose.material3:material3-android:1.3.1) with AarTransform
Transforming coil-compose-2.7.0.aar (io.coil-kt:coil-compose:2.7.0) with ExtractAarTransform
Transforming coil-compose-2.7.0.aar (io.coil-kt:coil-compose:2.7.0) with AarTransform
Transforming coil-compose-base-2.7.0.aar (io.coil-kt:coil-compose-base:2.7.0) with ExtractAarTransform
Transforming coil-compose-base-2.7.0.aar (io.coil-kt:coil-compose-base:2.7.0) with AarTransform
Transforming animation-core-release.aar (androidx.compose.animation:animation-core-android:1.7.8) with ExtractAarTransform
Transforming animation-core-release.aar (androidx.compose.animation:animation-core-android:1.7.8) with AarTransform
Transforming material-ripple-release.aar (androidx.compose.material:material-ripple-android:1.7.8) with ExtractAarTransform
Transforming material-ripple-release.aar (androidx.compose.material:material-ripple-android:1.7.8) with AarTransform
Transforming animation-release.aar (androidx.compose.animation:animation-android:1.7.8) with ExtractAarTransform
Transforming animation-release.aar (androidx.compose.animation:animation-android:1.7.8) with AarTransform
Transforming foundation-layout-release.aar (androidx.compose.foundation:foundation-layout-android:1.7.8) with ExtractAarTransform
Transforming foundation-layout-release.aar (androidx.compose.foundation:foundation-layout-android:1.7.8) with AarTransform
Transforming foundation-release.aar (androidx.compose.foundation:foundation-android:1.7.8) with ExtractAarTransform
Transforming foundation-release.aar (androidx.compose.foundation:foundation-android:1.7.8) with AarTransform
Transforming ui-unit-release.aar (androidx.compose.ui:ui-unit-android:1.7.8) with ExtractAarTransform
Transforming ui-unit-release.aar (androidx.compose.ui:ui-unit-android:1.7.8) with AarTransform
Transforming ui-geometry-release.aar (androidx.compose.ui:ui-geometry-android:1.7.8) with ExtractAarTransform
Transforming ui-geometry-release.aar (androidx.compose.ui:ui-geometry-android:1.7.8) with AarTransform
Transforming ui-util-release.aar (androidx.compose.ui:ui-util-android:1.7.8) with ExtractAarTransform
Transforming ui-util-release.aar (androidx.compose.ui:ui-util-android:1.7.8) with AarTransform
Transforming ui-text-release.aar (androidx.compose.ui:ui-text-android:1.7.8) with ExtractAarTransform
Transforming ui-text-release.aar (androidx.compose.ui:ui-text-android:1.7.8) with AarTransform
Transforming ui-tooling-preview-release.aar (androidx.compose.ui:ui-tooling-preview-android:1.7.8) with ExtractAarTransform
Transforming ui-tooling-preview-release.aar (androidx.compose.ui:ui-tooling-preview-android:1.7.8) with AarTransform
Transforming ui-graphics-release.aar (androidx.compose.ui:ui-graphics-android:1.7.8) with ExtractAarTransform
Transforming ui-graphics-release.aar (androidx.compose.ui:ui-graphics-android:1.7.8) with AarTransform
Transforming autofill-1.0.0.aar (androidx.autofill:autofill:1.0.0) with ExtractAarTransform
Transforming autofill-1.0.0.aar (androidx.autofill:autofill:1.0.0) with AarTransform
Transforming graphics-path-1.0.1.aar (androidx.graphics:graphics-path:1.0.1) with ExtractAarTransform
Transforming graphics-path-1.0.1.aar (androidx.graphics:graphics-path:1.0.1) with AarTransform
Transforming coil-2.7.0.aar (io.coil-kt:coil:2.7.0) with ExtractAarTransform
Transforming coil-2.7.0.aar (io.coil-kt:coil:2.7.0) with AarTransform
Transforming coil-base-2.7.0.aar (io.coil-kt:coil-base:2.7.0) with ExtractAarTransform
Transforming coil-base-2.7.0.aar (io.coil-kt:coil-base:2.7.0) with AarTransform
Transforming appcompat-resources-1.6.1.aar (androidx.appcompat:appcompat-resources:1.6.1) with ExtractAarTransform
Transforming appcompat-resources-1.6.1.aar (androidx.appcompat:appcompat-resources:1.6.1) with AarTransform
Transforming vectordrawable-animated-1.1.0.aar (androidx.vectordrawable:vectordrawable-animated:1.1.0) with ExtractAarTransform
Transforming vectordrawable-animated-1.1.0.aar (androidx.vectordrawable:vectordrawable-animated:1.1.0) with AarTransform
Transforming vectordrawable-1.1.0.aar (androidx.vectordrawable:vectordrawable:1.1.0) with ExtractAarTransform
Transforming vectordrawable-1.1.0.aar (androidx.vectordrawable:vectordrawable:1.1.0) with AarTransform
Transforming vectordrawable-1.1.0.aar (androidx.vectordrawable:vectordrawable:1.1.0) with ExtractAarTransform
Transforming vectordrawable-1.1.0.aar (androidx.vectordrawable:vectordrawable:1.1.0) with AarTransform
Transforming emoji2-1.3.0.aar (androidx.emoji2:emoji2:1.3.0) with ExtractAarTransform
Transforming emoji2-1.3.0.aar (androidx.emoji2:emoji2:1.3.0) with AarTransform
Transforming core-1.15.0.aar (androidx.core:core:1.15.0) with ExtractAarTransform
Transforming core-1.15.0.aar (androidx.core:core:1.15.0) with AarTransform
Transforming core-1.15.0.aar (androidx.core:core:1.15.0) with ExtractAarTransform
Transforming core-1.15.0.aar (androidx.core:core:1.15.0) with AarTransform
Transforming core-1.15.0.aar (androidx.core:core:1.15.0) with ExtractAarTransform
Transforming core-1.15.0.aar (androidx.core:core:1.15.0) with AarTransform
Transforming savedstate-ktx-1.2.1.aar (androidx.savedstate:savedstate-ktx:1.2.1) with ExtractAarTransform
Transforming savedstate-ktx-1.2.1.aar (androidx.savedstate:savedstate-ktx:1.2.1) with AarTransform
Transforming savedstate-1.2.1.aar (androidx.savedstate:savedstate:1.2.1) with ExtractAarTransform
Transforming savedstate-1.2.1.aar (androidx.savedstate:savedstate:1.2.1) with AarTransform
Transforming lifecycle-process-2.8.7.aar (androidx.lifecycle:lifecycle-process:2.8.7) with ExtractAarTransform
Transforming lifecycle-process-2.8.7.aar (androidx.lifecycle:lifecycle-process:2.8.7) with AarTransform
Transforming lifecycle-livedata-core-2.8.7.aar (androidx.lifecycle:lifecycle-livedata-core:2.8.7) with ExtractAarTransform
Transforming lifecycle-livedata-core-2.8.7.aar (androidx.lifecycle:lifecycle-livedata-core:2.8.7) with AarTransform
Transforming lifecycle-viewmodel-release.aar (androidx.lifecycle:lifecycle-viewmodel-android:2.8.7) with ExtractAarTransform
Transforming lifecycle-viewmodel-release.aar (androidx.lifecycle:lifecycle-viewmodel-android:2.8.7) with AarTransform
Transforming lifecycle-runtime-release.aar (androidx.lifecycle:lifecycle-runtime-android:2.8.7) with ExtractAarTransform
Transforming lifecycle-runtime-release.aar (androidx.lifecycle:lifecycle-runtime-android:2.8.7) with AarTransform
Transforming lifecycle-viewmodel-ktx-2.8.7.aar (androidx.lifecycle:lifecycle-viewmodel-ktx:2.8.7) with ExtractAarTransform
Transforming lifecycle-viewmodel-ktx-2.8.7.aar (androidx.lifecycle:lifecycle-viewmodel-ktx:2.8.7) with AarTransform
Transforming lifecycle-viewmodel-savedstate-2.8.7.aar (androidx.lifecycle:lifecycle-viewmodel-savedstate:2.8.7) with ExtractAarTransform
Transforming lifecycle-viewmodel-savedstate-2.8.7.aar (androidx.lifecycle:lifecycle-viewmodel-savedstate:2.8.7) with AarTransform
Transforming lifecycle-runtime-compose-release.aar (androidx.lifecycle:lifecycle-runtime-compose-android:2.8.7) with ExtractAarTransform
Transforming lifecycle-runtime-compose-release.aar (androidx.lifecycle:lifecycle-runtime-compose-android:2.8.7) with AarTransform
Transforming lifecycle-runtime-ktx-release.aar (androidx.lifecycle:lifecycle-runtime-ktx-android:2.8.7) with ExtractAarTransform
Transforming lifecycle-runtime-ktx-release.aar (androidx.lifecycle:lifecycle-runtime-ktx-android:2.8.7) with AarTransform
Transforming lifecycle-viewmodel-compose-release.aar (androidx.lifecycle:lifecycle-viewmodel-compose-android:2.8.7) with ExtractAarTransform
Transforming lifecycle-viewmodel-compose-release.aar (androidx.lifecycle:lifecycle-viewmodel-compose-android:2.8.7) with AarTransform
Transforming accompanist-drawablepainter-0.32.0.aar (com.google.accompanist:accompanist-drawablepainter:0.32.0) with ExtractAarTransform
Transforming accompanist-drawablepainter-0.32.0.aar (com.google.accompanist:accompanist-drawablepainter:0.32.0) with AarTransform
Transforming material-icons-extended-release.aar (androidx.compose.material:material-icons-extended-android:1.7.8) with ExtractAarTransform
Transforming material-icons-extended-release.aar (androidx.compose.material:material-icons-extended-android:1.7.8) with AarTransform
Transforming material-icons-core-release.aar (androidx.compose.material:material-icons-core-android:1.7.8) with ExtractAarTransform
Transforming material-icons-core-release.aar (androidx.compose.material:material-icons-core-android:1.7.8) with AarTransform
Transforming ui-release.aar (androidx.compose.ui:ui-android:1.7.8) with ExtractAarTransform
Transforming ui-release.aar (androidx.compose.ui:ui-android:1.7.8) with AarTransform
Transforming activity-ktx-1.10.1.aar (androidx.activity:activity-ktx:1.10.1) with ExtractAarTransform
Transforming activity-ktx-1.10.1.aar (androidx.activity:activity-ktx:1.10.1) with AarTransform
Transforming activity-compose-1.10.1.aar (androidx.activity:activity-compose:1.10.1) with ExtractAarTransform
Transforming activity-compose-1.10.1.aar (androidx.activity:activity-compose:1.10.1) with AarTransform
Transforming customview-poolingcontainer-1.0.0.aar (androidx.customview:customview-poolingcontainer:1.0.0) with ExtractAarTransform
Transforming customview-poolingcontainer-1.0.0.aar (androidx.customview:customview-poolingcontainer:1.0.0) with AarTransform
Transforming core-ktx-1.15.0.aar (androidx.core:core-ktx:1.15.0) with ExtractAarTransform
Transforming core-ktx-1.15.0.aar (androidx.core:core-ktx:1.15.0) with AarTransform
Transforming room-runtime-2.6.1.aar (androidx.room:room-runtime:2.6.1) with ExtractAarTransform
Transforming room-runtime-2.6.1.aar (androidx.room:room-runtime:2.6.1) with AarTransform
Transforming room-ktx-2.6.1.aar (androidx.room:room-ktx:2.6.1) with ExtractAarTransform
Transforming room-ktx-2.6.1.aar (androidx.room:room-ktx:2.6.1) with AarTransform
Transforming runtime-saveable-release.aar (androidx.compose.runtime:runtime-saveable-android:1.7.8) with ExtractAarTransform
Transforming runtime-saveable-release.aar (androidx.compose.runtime:runtime-saveable-android:1.7.8) with AarTransform
Transforming runtime-release.aar (androidx.compose.runtime:runtime-android:1.7.8) with ExtractAarTransform
Transforming runtime-release.aar (androidx.compose.runtime:runtime-android:1.7.8) with AarTransform
Transforming sqlite-framework-2.4.0.aar (androidx.sqlite:sqlite-framework:2.4.0) with ExtractAarTransform
Transforming sqlite-framework-2.4.0.aar (androidx.sqlite:sqlite-framework:2.4.0) with AarTransform
Transforming sqlite-2.4.0.aar (androidx.sqlite:sqlite:2.4.0) with ExtractAarTransform
Transforming sqlite-2.4.0.aar (androidx.sqlite:sqlite:2.4.0) with AarTransform
Transforming core-runtime-2.2.0.aar (androidx.arch.core:core-runtime:2.2.0) with ExtractAarTransform
Transforming core-runtime-2.2.0.aar (androidx.arch.core:core-runtime:2.2.0) with AarTransform
Transforming interpolator-1.0.0.aar (androidx.interpolator:interpolator:1.0.0) with ExtractAarTransform
Transforming interpolator-1.0.0.aar (androidx.interpolator:interpolator:1.0.0) with AarTransform
Transforming interpolator-1.0.0.aar (androidx.interpolator:interpolator:1.0.0) with ExtractAarTransform
Transforming interpolator-1.0.0.aar (androidx.interpolator:interpolator:1.0.0) with AarTransform
Transforming profileinstaller-1.4.0.aar (androidx.profileinstaller:profileinstaller:1.4.0) with ExtractAarTransform
Transforming profileinstaller-1.4.0.aar (androidx.profileinstaller:profileinstaller:1.4.0) with AarTransform
Transforming startup-runtime-1.1.1.aar (androidx.startup:startup-runtime:1.1.1) with ExtractAarTransform
Transforming startup-runtime-1.1.1.aar (androidx.startup:startup-runtime:1.1.1) with AarTransform
Transforming tracing-1.2.0.aar (androidx.tracing:tracing:1.2.0) with ExtractAarTransform
Transforming tracing-1.2.0.aar (androidx.tracing:tracing:1.2.0) with AarTransform
Transforming versionedparcelable-1.1.1.aar (androidx.versionedparcelable:versionedparcelable:1.1.1) with ExtractAarTransform
Transforming versionedparcelable-1.1.1.aar (androidx.versionedparcelable:versionedparcelable:1.1.1) with AarTransform
Transforming exifinterface-1.3.7.aar (androidx.exifinterface:exifinterface:1.3.7) with ExtractAarTransform
Transforming exifinterface-1.3.7.aar (androidx.exifinterface:exifinterface:1.3.7) with AarTransform
Transforming annotation-experimental-1.4.1.aar (androidx.annotation:annotation-experimental:1.4.1) with ExtractAarTransform
Transforming annotation-experimental-1.4.1.aar (androidx.annotation:annotation-experimental:1.4.1) with AarTransform
Transforming core-viewtree-1.0.0.aar (androidx.core:core-viewtree:1.0.0) with ExtractAarTransform
Transforming core-viewtree-1.0.0.aar (androidx.core:core-viewtree:1.0.0) with AarTransform
Caching disabled for task ':app:checkReleaseAarMetadata' because:
  Build cache is disabled
  Caching has been disabled for the task
Task ':app:checkReleaseAarMetadata' is not up-to-date because:
  No history is available.

> Task :app:packageReleaseResources
Caching disabled for task ':app:packageReleaseResources' because:
  Build cache is disabled
Task ':app:packageReleaseResources' is not up-to-date because:
  No history is available.
The input changes require a full rebuild for incremental task ':app:packageReleaseResources'.
[MergeResources] Inputs are non-incremental full task action.
Resolve mutations for :app:parseReleaseLocalResources (Thread[Execution worker Thread 2,5,main]) started.
:app:parseReleaseLocalResources (Thread[Execution worker Thread 2,5,main]) started.
Resolve mutations for :app:processReleaseManifestForPackage (Thread[Execution worker Thread 3,5,main]) started.
:app:processReleaseManifestForPackage (Thread[Execution worker Thread 3,5,main]) started.
Resolve mutations for :app:extractReleaseVersionControlInfo (Thread[included builds,5,main]) started.
:app:extractReleaseVersionControlInfo (Thread[Execution worker,5,main]) started.

> Task :app:parseReleaseLocalResources
Transforming android.jar with PlatformAttrTransform
Transforming android.jar with PlatformAttrTransform
Transforming android.jar with PlatformAttrTransform
Transforming android.jar with PlatformAttrTransform
Transforming android.jar with PlatformAttrTransform
Transforming android.jar with PlatformAttrTransform
Caching disabled for task ':app:parseReleaseLocalResources' because:
  Build cache is disabled
Task ':app:parseReleaseLocalResources' is not up-to-date because:
  No history is available.
The input changes require a full rebuild for incremental task ':app:parseReleaseLocalResources'.
Transforming android.jar with PlatformAttrTransform
Transforming android.jar with PlatformAttrTransform
Transforming android.jar with PlatformAttrTransform

> Task :app:extractReleaseVersionControlInfo
Caching disabled for task ':app:extractReleaseVersionControlInfo' because:
  Build cache is disabled
  Caching has been disabled for the task
Task ':app:extractReleaseVersionControlInfo' is not up-to-date because:
  No history is available.
Resolve mutations for :app:checkReleaseDuplicateClasses (Thread[Execution worker,5,main]) started.
:app:checkReleaseDuplicateClasses (Thread[Execution worker,5,main]) started.
Resolve mutations for :app:buildKotlinToolingMetadata (Thread[included builds,5,main]) started.
:app:buildKotlinToolingMetadata (Thread[included builds,5,main]) started.

> Task :app:checkReleaseDuplicateClasses
Transforming navigation-common-2.8.8.aar (androidx.navigation:navigation-common:2.8.8) with AarToClassTransform
Transforming navigation-runtime-2.8.8.aar (androidx.navigation:navigation-runtime:2.8.8) with AarToClassTransform
Transforming navigation-common-2.8.8.aar (androidx.navigation:navigation-common:2.8.8) with EnumerateClassesTransform
Transforming navigation-common-ktx-2.8.8.aar (androidx.navigation:navigation-common-ktx:2.8.8) with AarToClassTransform
Transforming navigation-runtime-ktx-2.8.8.aar (androidx.navigation:navigation-runtime-ktx:2.8.8) with AarToClassTransform
Transforming navigation-compose-2.8.8.aar (androidx.navigation:navigation-compose:2.8.8) with AarToClassTransform
Transforming activity-1.10.1.aar (androidx.activity:activity:1.10.1) with AarToClassTransform
Transforming material3-release.aar (androidx.compose.material3:material3-android:1.3.1) with AarToClassTransform
Transforming coil-compose-2.7.0.aar (io.coil-kt:coil-compose:2.7.0) with AarToClassTransform
Transforming coil-compose-base-2.7.0.aar (io.coil-kt:coil-compose-base:2.7.0) with AarToClassTransform
Transforming animation-core-release.aar (androidx.compose.animation:animation-core-android:1.7.8) with AarToClassTransform
Transforming material-ripple-release.aar (androidx.compose.material:material-ripple-android:1.7.8) with AarToClassTransform
Transforming animation-release.aar (androidx.compose.animation:animation-android:1.7.8) with AarToClassTransform
Transforming foundation-layout-release.aar (androidx.compose.foundation:foundation-layout-android:1.7.8) with AarToClassTransform
Transforming foundation-release.aar (androidx.compose.foundation:foundation-android:1.7.8) with AarToClassTransform
Transforming ui-unit-release.aar (androidx.compose.ui:ui-unit-android:1.7.8) with AarToClassTransform
Transforming ui-geometry-release.aar (androidx.compose.ui:ui-geometry-android:1.7.8) with AarToClassTransform
Transforming ui-util-release.aar (androidx.compose.ui:ui-util-android:1.7.8) with AarToClassTransform
Transforming ui-text-release.aar (androidx.compose.ui:ui-text-android:1.7.8) with AarToClassTransform
Transforming ui-tooling-preview-release.aar (androidx.compose.ui:ui-tooling-preview-android:1.7.8) with AarToClassTransform
Transforming ui-graphics-release.aar (androidx.compose.ui:ui-graphics-android:1.7.8) with AarToClassTransform
Transforming autofill-1.0.0.aar (androidx.autofill:autofill:1.0.0) with AarToClassTransform
Transforming graphics-path-1.0.1.aar (androidx.graphics:graphics-path:1.0.1) with AarToClassTransform
Transforming coil-2.7.0.aar (io.coil-kt:coil:2.7.0) with AarToClassTransform
Transforming coil-base-2.7.0.aar (io.coil-kt:coil-base:2.7.0) with AarToClassTransform
Transforming appcompat-resources-1.6.1.aar (androidx.appcompat:appcompat-resources:1.6.1) with AarToClassTransform
Transforming navigation-common-ktx-2.8.8.aar (androidx.navigation:navigation-common-ktx:2.8.8) with EnumerateClassesTransform
Transforming vectordrawable-animated-1.1.0.aar (androidx.vectordrawable:vectordrawable-animated:1.1.0) with AarToClassTransform
Transforming navigation-runtime-ktx-2.8.8.aar (androidx.navigation:navigation-runtime-ktx:2.8.8) with EnumerateClassesTransform
Transforming navigation-runtime-2.8.8.aar (androidx.navigation:navigation-runtime:2.8.8) with EnumerateClassesTransform
Transforming vectordrawable-1.1.0.aar (androidx.vectordrawable:vectordrawable:1.1.0) with AarToClassTransform
Transforming vectordrawable-1.1.0.aar (androidx.vectordrawable:vectordrawable:1.1.0) with AarToClassTransform
Transforming emoji2-1.3.0.aar (androidx.emoji2:emoji2:1.3.0) with AarToClassTransform
Transforming core-1.15.0.aar (androidx.core:core:1.15.0) with AarToClassTransform
Transforming core-1.15.0.aar (androidx.core:core:1.15.0) with AarToClassTransform
Transforming core-1.15.0.aar (androidx.core:core:1.15.0) with AarToClassTransform
Transforming savedstate-ktx-1.2.1.aar (androidx.savedstate:savedstate-ktx:1.2.1) with AarToClassTransform
Transforming savedstate-1.2.1.aar (androidx.savedstate:savedstate:1.2.1) with AarToClassTransform
Transforming lifecycle-process-2.8.7.aar (androidx.lifecycle:lifecycle-process:2.8.7) with AarToClassTransform
Transforming navigation-compose-2.8.8.aar (androidx.navigation:navigation-compose:2.8.8) with EnumerateClassesTransform
Transforming lifecycle-livedata-core-2.8.7.aar (androidx.lifecycle:lifecycle-livedata-core:2.8.7) with AarToClassTransform
Transforming lifecycle-viewmodel-release.aar (androidx.lifecycle:lifecycle-viewmodel-android:2.8.7) with AarToClassTransform
Transforming lifecycle-runtime-release.aar (androidx.lifecycle:lifecycle-runtime-android:2.8.7) with AarToClassTransform
Transforming lifecycle-viewmodel-ktx-2.8.7.aar (androidx.lifecycle:lifecycle-viewmodel-ktx:2.8.7) with AarToClassTransform
Transforming lifecycle-viewmodel-savedstate-2.8.7.aar (androidx.lifecycle:lifecycle-viewmodel-savedstate:2.8.7) with AarToClassTransform
Transforming lifecycle-runtime-compose-release.aar (androidx.lifecycle:lifecycle-runtime-compose-android:2.8.7) with AarToClassTransform
Transforming lifecycle-runtime-ktx-release.aar (androidx.lifecycle:lifecycle-runtime-ktx-android:2.8.7) with AarToClassTransform
Transforming lifecycle-viewmodel-compose-release.aar (androidx.lifecycle:lifecycle-viewmodel-compose-android:2.8.7) with AarToClassTransform
Transforming accompanist-drawablepainter-0.32.0.aar (com.google.accompanist:accompanist-drawablepainter:0.32.0) with AarToClassTransform
Transforming material-icons-extended-release.aar (androidx.compose.material:material-icons-extended-android:1.7.8) with AarToClassTransform
Transforming material-icons-core-release.aar (androidx.compose.material:material-icons-core-android:1.7.8) with AarToClassTransform
Transforming ui-release.aar (androidx.compose.ui:ui-android:1.7.8) with AarToClassTransform
Transforming activity-ktx-1.10.1.aar (androidx.activity:activity-ktx:1.10.1) with AarToClassTransform
Transforming material3-release.aar (androidx.compose.material3:material3-android:1.3.1) with EnumerateClassesTransform
Transforming activity-compose-1.10.1.aar (androidx.activity:activity-compose:1.10.1) with AarToClassTransform
Transforming customview-poolingcontainer-1.0.0.aar (androidx.customview:customview-poolingcontainer:1.0.0) with AarToClassTransform
Transforming core-ktx-1.15.0.aar (androidx.core:core-ktx:1.15.0) with AarToClassTransform
Transforming room-runtime-2.6.1.aar (androidx.room:room-runtime:2.6.1) with AarToClassTransform
Transforming activity-1.10.1.aar (androidx.activity:activity:1.10.1) with EnumerateClassesTransform
Transforming room-ktx-2.6.1.aar (androidx.room:room-ktx:2.6.1) with AarToClassTransform
Transforming runtime-saveable-release.aar (androidx.compose.runtime:runtime-saveable-android:1.7.8) with AarToClassTransform
Transforming runtime-release.aar (androidx.compose.runtime:runtime-android:1.7.8) with AarToClassTransform
Transforming sqlite-framework-2.4.0.aar (androidx.sqlite:sqlite-framework:2.4.0) with AarToClassTransform
Transforming sqlite-2.4.0.aar (androidx.sqlite:sqlite:2.4.0) with AarToClassTransform
Transforming core-runtime-2.2.0.aar (androidx.arch.core:core-runtime:2.2.0) with AarToClassTransform
Transforming interpolator-1.0.0.aar (androidx.interpolator:interpolator:1.0.0) with AarToClassTransform
Transforming interpolator-1.0.0.aar (androidx.interpolator:interpolator:1.0.0) with AarToClassTransform
Transforming profileinstaller-1.4.0.aar (androidx.profileinstaller:profileinstaller:1.4.0) with AarToClassTransform
Transforming coil-compose-base-2.7.0.aar (io.coil-kt:coil-compose-base:2.7.0) with EnumerateClassesTransform
Transforming startup-runtime-1.1.1.aar (androidx.startup:startup-runtime:1.1.1) with AarToClassTransform
Transforming tracing-1.2.0.aar (androidx.tracing:tracing:1.2.0) with AarToClassTransform
Transforming versionedparcelable-1.1.1.aar (androidx.versionedparcelable:versionedparcelable:1.1.1) with AarToClassTransform
Transforming exifinterface-1.3.7.aar (androidx.exifinterface:exifinterface:1.3.7) with AarToClassTransform
Transforming annotation-experimental-1.4.1.aar (androidx.annotation:annotation-experimental:1.4.1) with AarToClassTransform
Transforming core-viewtree-1.0.0.aar (androidx.core:core-viewtree:1.0.0) with AarToClassTransform
Transforming coil-compose-2.7.0.aar (io.coil-kt:coil-compose:2.7.0) with EnumerateClassesTransform
Transforming animation-core-release.aar (androidx.compose.animation:animation-core-android:1.7.8) with EnumerateClassesTransform
Transforming material-ripple-release.aar (androidx.compose.material:material-ripple-android:1.7.8) with EnumerateClassesTransform
Transforming animation-release.aar (androidx.compose.animation:animation-android:1.7.8) with EnumerateClassesTransform
Transforming ui-unit-release.aar (androidx.compose.ui:ui-unit-android:1.7.8) with EnumerateClassesTransform
Transforming foundation-layout-release.aar (androidx.compose.foundation:foundation-layout-android:1.7.8) with EnumerateClassesTransform
Transforming foundation-release.aar (androidx.compose.foundation:foundation-android:1.7.8) with EnumerateClassesTransform
Transforming ui-geometry-release.aar (androidx.compose.ui:ui-geometry-android:1.7.8) with EnumerateClassesTransform
Transforming ui-util-release.aar (androidx.compose.ui:ui-util-android:1.7.8) with EnumerateClassesTransform
Transforming ui-text-release.aar (androidx.compose.ui:ui-text-android:1.7.8) with EnumerateClassesTransform
Transforming ui-tooling-preview-release.aar (androidx.compose.ui:ui-tooling-preview-android:1.7.8) with EnumerateClassesTransform
Transforming ui-graphics-release.aar (androidx.compose.ui:ui-graphics-android:1.7.8) with EnumerateClassesTransform
Transforming autofill-1.0.0.aar (androidx.autofill:autofill:1.0.0) with EnumerateClassesTransform
Transforming graphics-path-1.0.1.aar (androidx.graphics:graphics-path:1.0.1) with EnumerateClassesTransform
Transforming coil-2.7.0.aar (io.coil-kt:coil:2.7.0) with EnumerateClassesTransform
Transforming coil-base-2.7.0.aar (io.coil-kt:coil-base:2.7.0) with EnumerateClassesTransform
Transforming vectordrawable-1.1.0.aar (androidx.vectordrawable:vectordrawable:1.1.0) with EnumerateClassesTransform
Transforming vectordrawable-1.1.0.aar (androidx.vectordrawable:vectordrawable:1.1.0) with EnumerateClassesTransform
Transforming vectordrawable-animated-1.1.0.aar (androidx.vectordrawable:vectordrawable-animated:1.1.0) with EnumerateClassesTransform
Transforming appcompat-resources-1.6.1.aar (androidx.appcompat:appcompat-resources:1.6.1) with EnumerateClassesTransform
Transforming core-1.15.0.aar (androidx.core:core:1.15.0) with EnumerateClassesTransform
Transforming core-1.15.0.aar (androidx.core:core:1.15.0) with EnumerateClassesTransform
Transforming emoji2-1.3.0.aar (androidx.emoji2:emoji2:1.3.0) with EnumerateClassesTransform
Transforming lifecycle-common-java8-2.8.7.jar (androidx.lifecycle:lifecycle-common-java8:2.8.7) with IdentityTransform
Transforming savedstate-1.2.1.aar (androidx.savedstate:savedstate:1.2.1) with EnumerateClassesTransform
Transforming savedstate-ktx-1.2.1.aar (androidx.savedstate:savedstate-ktx:1.2.1) with EnumerateClassesTransform
Transforming lifecycle-process-2.8.7.aar (androidx.lifecycle:lifecycle-process:2.8.7) with EnumerateClassesTransform
Transforming lifecycle-common-jvm-2.8.7.jar (androidx.lifecycle:lifecycle-common-jvm:2.8.7) with IdentityTransform
Transforming lifecycle-common-java8-2.8.7.jar (androidx.lifecycle:lifecycle-common-java8:2.8.7) with EnumerateClassesTransform
Transforming lifecycle-viewmodel-release.aar (androidx.lifecycle:lifecycle-viewmodel-android:2.8.7) with EnumerateClassesTransform
Transforming lifecycle-common-jvm-2.8.7.jar (androidx.lifecycle:lifecycle-common-jvm:2.8.7) with EnumerateClassesTransform
Transforming lifecycle-livedata-core-2.8.7.aar (androidx.lifecycle:lifecycle-livedata-core:2.8.7) with EnumerateClassesTransform
Transforming lifecycle-runtime-release.aar (androidx.lifecycle:lifecycle-runtime-android:2.8.7) with EnumerateClassesTransform
Transforming lifecycle-viewmodel-ktx-2.8.7.aar (androidx.lifecycle:lifecycle-viewmodel-ktx:2.8.7) with EnumerateClassesTransform
Transforming lifecycle-viewmodel-savedstate-2.8.7.aar (androidx.lifecycle:lifecycle-viewmodel-savedstate:2.8.7) with EnumerateClassesTransform
Transforming lifecycle-runtime-compose-release.aar (androidx.lifecycle:lifecycle-runtime-compose-android:2.8.7) with EnumerateClassesTransform
Transforming lifecycle-viewmodel-compose-release.aar (androidx.lifecycle:lifecycle-viewmodel-compose-android:2.8.7) with EnumerateClassesTransform
Transforming lifecycle-runtime-ktx-release.aar (androidx.lifecycle:lifecycle-runtime-ktx-android:2.8.7) with EnumerateClassesTransform
Transforming accompanist-drawablepainter-0.32.0.aar (com.google.accompanist:accompanist-drawablepainter:0.32.0) with EnumerateClassesTransform
Transforming material-icons-core-release.aar (androidx.compose.material:material-icons-core-android:1.7.8) with EnumerateClassesTransform
Transforming material-icons-extended-release.aar (androidx.compose.material:material-icons-extended-android:1.7.8) with EnumerateClassesTransform
Transforming ui-release.aar (androidx.compose.ui:ui-android:1.7.8) with EnumerateClassesTransform
Transforming activity-ktx-1.10.1.aar (androidx.activity:activity-ktx:1.10.1) with EnumerateClassesTransform
Transforming activity-compose-1.10.1.aar (androidx.activity:activity-compose:1.10.1) with EnumerateClassesTransform
Transforming customview-poolingcontainer-1.0.0.aar (androidx.customview:customview-poolingcontainer:1.0.0) with EnumerateClassesTransform
Transforming room-common-2.6.1.jar (androidx.room:room-common:2.6.1) with IdentityTransform
Transforming core-ktx-1.15.0.aar (androidx.core:core-ktx:1.15.0) with EnumerateClassesTransform
Transforming room-common-2.6.1.jar (androidx.room:room-common:2.6.1) with EnumerateClassesTransform
Transforming room-runtime-2.6.1.aar (androidx.room:room-runtime:2.6.1) with EnumerateClassesTransform
Transforming kotlinx-coroutines-core-jvm-1.10.1.jar (org.jetbrains.kotlinx:kotlinx-coroutines-core-jvm:1.10.1) with IdentityTransform
Transforming room-ktx-2.6.1.aar (androidx.room:room-ktx:2.6.1) with EnumerateClassesTransform
Transforming kotlinx-coroutines-core-jvm-1.10.1.jar (org.jetbrains.kotlinx:kotlinx-coroutines-core-jvm:1.10.1) with EnumerateClassesTransform
Transforming runtime-release.aar (androidx.compose.runtime:runtime-android:1.7.8) with EnumerateClassesTransform
Transforming runtime-saveable-release.aar (androidx.compose.runtime:runtime-saveable-android:1.7.8) with EnumerateClassesTransform
Transforming kotlinx-coroutines-android-1.10.1.jar (org.jetbrains.kotlinx:kotlinx-coroutines-android:1.10.1) with IdentityTransform
Transforming kotlinx-serialization-core-jvm-1.8.0.jar (org.jetbrains.kotlinx:kotlinx-serialization-core-jvm:1.8.0) with IdentityTransform
Transforming kotlinx-serialization-json-jvm-1.8.0.jar (org.jetbrains.kotlinx:kotlinx-serialization-json-jvm:1.8.0) with IdentityTransform
Transforming kotlinx-coroutines-android-1.10.1.jar (org.jetbrains.kotlinx:kotlinx-coroutines-android:1.10.1) with EnumerateClassesTransform
Transforming kotlinx-serialization-core-jvm-1.8.0.jar (org.jetbrains.kotlinx:kotlinx-serialization-core-jvm:1.8.0) with EnumerateClassesTransform
Transforming sqlite-framework-2.4.0.aar (androidx.sqlite:sqlite-framework:2.4.0) with EnumerateClassesTransform
Transforming kotlinx-serialization-json-jvm-1.8.0.jar (org.jetbrains.kotlinx:kotlinx-serialization-json-jvm:1.8.0) with EnumerateClassesTransform
Transforming sqlite-2.4.0.aar (androidx.sqlite:sqlite:2.4.0) with EnumerateClassesTransform
Transforming core-runtime-2.2.0.aar (androidx.arch.core:core-runtime:2.2.0) with EnumerateClassesTransform
Transforming interpolator-1.0.0.aar (androidx.interpolator:interpolator:1.0.0) with EnumerateClassesTransform
Transforming interpolator-1.0.0.aar (androidx.interpolator:interpolator:1.0.0) with EnumerateClassesTransform
Transforming profileinstaller-1.4.0.aar (androidx.profileinstaller:profileinstaller:1.4.0) with EnumerateClassesTransform
Transforming startup-runtime-1.1.1.aar (androidx.startup:startup-runtime:1.1.1) with EnumerateClassesTransform
Transforming versionedparcelable-1.1.1.aar (androidx.versionedparcelable:versionedparcelable:1.1.1) with EnumerateClassesTransform
Transforming core-common-2.2.0.jar (androidx.arch.core:core-common:2.2.0) with IdentityTransform
Transforming tracing-1.2.0.aar (androidx.tracing:tracing:1.2.0) with EnumerateClassesTransform
Transforming concurrent-futures-1.1.0.jar (androidx.concurrent:concurrent-futures:1.1.0) with IdentityTransform
Transforming core-common-2.2.0.jar (androidx.arch.core:core-common:2.2.0) with EnumerateClassesTransform
Transforming collection-ktx-1.4.4.jar (androidx.collection:collection-ktx:1.4.4) with IdentityTransform
Transforming exifinterface-1.3.7.aar (androidx.exifinterface:exifinterface:1.3.7) with EnumerateClassesTransform
Transforming collection-jvm-1.4.4.jar (androidx.collection:collection-jvm:1.4.4) with IdentityTransform
Transforming concurrent-futures-1.1.0.jar (androidx.concurrent:concurrent-futures:1.1.0) with EnumerateClassesTransform
Transforming collection-ktx-1.4.4.jar (androidx.collection:collection-ktx:1.4.4) with EnumerateClassesTransform
Transforming annotation-jvm-1.8.1.jar (androidx.annotation:annotation-jvm:1.8.1) with IdentityTransform
Transforming core-viewtree-1.0.0.aar (androidx.core:core-viewtree:1.0.0) with EnumerateClassesTransform
Transforming collection-jvm-1.4.4.jar (androidx.collection:collection-jvm:1.4.4) with EnumerateClassesTransform
Transforming annotation-experimental-1.4.1.aar (androidx.annotation:annotation-experimental:1.4.1) with EnumerateClassesTransform
Transforming okhttp-4.12.0.jar (com.squareup.okhttp3:okhttp:4.12.0) with IdentityTransform
Transforming annotation-jvm-1.8.1.jar (androidx.annotation:annotation-jvm:1.8.1) with EnumerateClassesTransform
Transforming kotlin-stdlib-jdk8-1.9.0.jar (org.jetbrains.kotlin:kotlin-stdlib-jdk8:1.9.0) with IdentityTransform
Transforming okio-jvm-3.9.0.jar (com.squareup.okio:okio-jvm:3.9.0) with IdentityTransform
Transforming okhttp-4.12.0.jar (com.squareup.okhttp3:okhttp:4.12.0) with EnumerateClassesTransform
Transforming kotlin-stdlib-jdk8-1.9.0.jar (org.jetbrains.kotlin:kotlin-stdlib-jdk8:1.9.0) with EnumerateClassesTransform
Transforming kotlin-stdlib-jdk7-1.9.0.jar (org.jetbrains.kotlin:kotlin-stdlib-jdk7:1.9.0) with IdentityTransform
Transforming okio-jvm-3.9.0.jar (com.squareup.okio:okio-jvm:3.9.0) with EnumerateClassesTransform
Transforming kotlin-stdlib-2.1.10.jar (org.jetbrains.kotlin:kotlin-stdlib:2.1.10) with IdentityTransform
Transforming annotations-23.0.0.jar (org.jetbrains:annotations:23.0.0) with IdentityTransform
Transforming kotlin-stdlib-jdk7-1.9.0.jar (org.jetbrains.kotlin:kotlin-stdlib-jdk7:1.9.0) with EnumerateClassesTransform
Transforming kotlin-stdlib-2.1.10.jar (org.jetbrains.kotlin:kotlin-stdlib:2.1.10) with EnumerateClassesTransform
Transforming annotations-23.0.0.jar (org.jetbrains:annotations:23.0.0) with EnumerateClassesTransform
Transforming listenablefuture-1.0.jar (com.google.guava:listenablefuture:1.0) with IdentityTransform
Transforming listenablefuture-1.0.jar (com.google.guava:listenablefuture:1.0) with EnumerateClassesTransform
Caching disabled for task ':app:checkReleaseDuplicateClasses' because:
  Build cache is disabled
  Caching has been disabled for the task
Task ':app:checkReleaseDuplicateClasses' is not up-to-date because:
  No history is available.

> Task :app:buildKotlinToolingMetadata
Caching disabled for task ':app:buildKotlinToolingMetadata' because:
  Build cache is disabled
  Caching has been disabled for the task
Task ':app:buildKotlinToolingMetadata' is not up-to-date because:
  No history is available.
Resolve mutations for :app:checkKotlinGradlePluginConfigurationErrors (Thread[included builds,5,main]) started.
:app:checkKotlinGradlePluginConfigurationErrors (Thread[included builds,5,main]) started.

> Task :app:checkKotlinGradlePluginConfigurationErrors SKIPPED
Skipping task ':app:checkKotlinGradlePluginConfigurationErrors' as task onlyIf 'errorDiagnostics are present' is false.
Resolve mutations for :app:javaPreCompileRelease (Thread[included builds,5,main]) started.
:app:javaPreCompileRelease (Thread[included builds,5,main]) started.
Resolve mutations for :app:desugarReleaseFileDependencies (Thread[Execution worker,5,main]) started.
:app:desugarReleaseFileDependencies (Thread[Execution worker,5,main]) started.

> Task :app:desugarReleaseFileDependencies
Caching disabled for task ':app:desugarReleaseFileDependencies' because:
  Build cache is disabled
Task ':app:desugarReleaseFileDependencies' is not up-to-date because:
  No history is available.

> Task :app:processReleaseManifestForPackage
Custom actions are attached to task ':app:processReleaseManifestForPackage'.
Caching disabled for task ':app:processReleaseManifestForPackage' because:
  Build cache is disabled
Task ':app:processReleaseManifestForPackage' is not up-to-date because:
  No history is available.
Resolve mutations for :app:processReleaseResources (Thread[Execution worker,5,main]) started.
:app:processReleaseResources (Thread[Execution worker Thread 3,5,main]) started.

> Task :app:javaPreCompileRelease
Caching disabled for task ':app:javaPreCompileRelease' because:
  Build cache is disabled
Task ':app:javaPreCompileRelease' is not up-to-date because:
  No history is available.
Resolve mutations for :app:mergeReleaseStartupProfile (Thread[included builds,5,main]) started.
:app:mergeReleaseStartupProfile (Thread[included builds,5,main]) started.

> Task :app:mergeReleaseStartupProfile
Caching disabled for task ':app:mergeReleaseStartupProfile' because:
  Build cache is disabled
  Simple merging task
Task ':app:mergeReleaseStartupProfile' is not up-to-date because:
  No history is available.
Dex optimization based on startup profile is enabled, but there are no input baseline profiles found in the baselineProfiles sources. You should add /home/runner/work/beltflow/beltflow/app/src/main/baselineProfiles/startup-prof.txt, for instance.
Resolve mutations for :app:mergeExtDexRelease (Thread[included builds,5,main]) started.
:app:mergeExtDexRelease (Thread[included builds,5,main]) started.
Resolve mutations for :app:mergeReleaseShaders (Thread[Execution worker,5,main]) started.
:app:mergeReleaseShaders (Thread[Execution worker,5,main]) started.

> Task :app:mergeReleaseShaders
Caching disabled for task ':app:mergeReleaseShaders' because:
  Build cache is disabled
  Simple merging task
Task ':app:mergeReleaseShaders' is not up-to-date because:
  No history is available.
The input changes require a full rebuild for incremental task ':app:mergeReleaseShaders'.
Resolve mutations for :app:compileReleaseShaders (Thread[Execution worker,5,main]) started.
:app:compileReleaseShaders (Thread[Execution worker,5,main]) started.

> Task :app:compileReleaseShaders NO-SOURCE
Skipping task ':app:compileReleaseShaders' as it has no source files and no previous output files.
Resolve mutations for :app:generateReleaseAssets (Thread[Execution worker Thread 2,5,main]) started.
:app:generateReleaseAssets (Thread[Execution worker Thread 2,5,main]) started.

> Task :app:generateReleaseAssets UP-TO-DATE
Skipping task ':app:generateReleaseAssets' as it has no actions.
Resolve mutations for :app:mergeReleaseAssets (Thread[Execution worker Thread 2,5,main]) started.
:app:mergeReleaseAssets (Thread[Execution worker Thread 2,5,main]) started.

> Task :app:mergeReleaseAssets
Transforming navigation-common-2.8.8.aar (androidx.navigation:navigation-common:2.8.8) with ExtractAarTransform
Transforming navigation-common-2.8.8.aar (androidx.navigation:navigation-common:2.8.8) with AarTransform
Transforming navigation-runtime-2.8.8.aar (androidx.navigation:navigation-runtime:2.8.8) with ExtractAarTransform
Transforming navigation-runtime-2.8.8.aar (androidx.navigation:navigation-runtime:2.8.8) with AarTransform
Transforming navigation-common-ktx-2.8.8.aar (androidx.navigation:navigation-common-ktx:2.8.8) with ExtractAarTransform
Transforming navigation-common-ktx-2.8.8.aar (androidx.navigation:navigation-common-ktx:2.8.8) with AarTransform
Transforming navigation-runtime-ktx-2.8.8.aar (androidx.navigation:navigation-runtime-ktx:2.8.8) with ExtractAarTransform
Transforming navigation-runtime-ktx-2.8.8.aar (androidx.navigation:navigation-runtime-ktx:2.8.8) with AarTransform
Transforming navigation-compose-2.8.8.aar (androidx.navigation:navigation-compose:2.8.8) with ExtractAarTransform
Transforming navigation-compose-2.8.8.aar (androidx.navigation:navigation-compose:2.8.8) with AarTransform
Transforming activity-1.10.1.aar (androidx.activity:activity:1.10.1) with ExtractAarTransform
Transforming activity-1.10.1.aar (androidx.activity:activity:1.10.1) with AarTransform
Transforming material3-release.aar (androidx.compose.material3:material3-android:1.3.1) with ExtractAarTransform
Transforming material3-release.aar (androidx.compose.material3:material3-android:1.3.1) with AarTransform
Transforming coil-compose-2.7.0.aar (io.coil-kt:coil-compose:2.7.0) with ExtractAarTransform
Transforming coil-compose-2.7.0.aar (io.coil-kt:coil-compose:2.7.0) with AarTransform
Transforming coil-compose-base-2.7.0.aar (io.coil-kt:coil-compose-base:2.7.0) with ExtractAarTransform
Transforming coil-compose-base-2.7.0.aar (io.coil-kt:coil-compose-base:2.7.0) with AarTransform
Transforming animation-core-release.aar (androidx.compose.animation:animation-core-android:1.7.8) with ExtractAarTransform
Transforming animation-core-release.aar (androidx.compose.animation:animation-core-android:1.7.8) with AarTransform
Transforming material-ripple-release.aar (androidx.compose.material:material-ripple-android:1.7.8) with ExtractAarTransform
Transforming material-ripple-release.aar (androidx.compose.material:material-ripple-android:1.7.8) with AarTransform
Transforming animation-release.aar (androidx.compose.animation:animation-android:1.7.8) with ExtractAarTransform
Transforming animation-release.aar (androidx.compose.animation:animation-android:1.7.8) with AarTransform
Transforming foundation-layout-release.aar (androidx.compose.foundation:foundation-layout-android:1.7.8) with ExtractAarTransform
Transforming foundation-layout-release.aar (androidx.compose.foundation:foundation-layout-android:1.7.8) with AarTransform
Transforming foundation-release.aar (androidx.compose.foundation:foundation-android:1.7.8) with ExtractAarTransform
Transforming foundation-release.aar (androidx.compose.foundation:foundation-android:1.7.8) with AarTransform
Transforming ui-unit-release.aar (androidx.compose.ui:ui-unit-android:1.7.8) with ExtractAarTransform
Transforming ui-unit-release.aar (androidx.compose.ui:ui-unit-android:1.7.8) with AarTransform
Transforming ui-geometry-release.aar (androidx.compose.ui:ui-geometry-android:1.7.8) with ExtractAarTransform
Transforming ui-geometry-release.aar (androidx.compose.ui:ui-geometry-android:1.7.8) with AarTransform
Transforming ui-util-release.aar (androidx.compose.ui:ui-util-android:1.7.8) with ExtractAarTransform
Transforming ui-util-release.aar (androidx.compose.ui:ui-util-android:1.7.8) with AarTransform
Transforming ui-text-release.aar (androidx.compose.ui:ui-text-android:1.7.8) with ExtractAarTransform
Transforming ui-text-release.aar (androidx.compose.ui:ui-text-android:1.7.8) with AarTransform
Transforming ui-tooling-preview-release.aar (androidx.compose.ui:ui-tooling-preview-android:1.7.8) with ExtractAarTransform
Transforming ui-tooling-preview-release.aar (androidx.compose.ui:ui-tooling-preview-android:1.7.8) with AarTransform
Transforming ui-graphics-release.aar (androidx.compose.ui:ui-graphics-android:1.7.8) with ExtractAarTransform
Transforming ui-graphics-release.aar (androidx.compose.ui:ui-graphics-android:1.7.8) with AarTransform
Transforming autofill-1.0.0.aar (androidx.autofill:autofill:1.0.0) with ExtractAarTransform
Transforming autofill-1.0.0.aar (androidx.autofill:autofill:1.0.0) with AarTransform
Transforming graphics-path-1.0.1.aar (androidx.graphics:graphics-path:1.0.1) with ExtractAarTransform
Transforming graphics-path-1.0.1.aar (androidx.graphics:graphics-path:1.0.1) with AarTransform
Transforming coil-2.7.0.aar (io.coil-kt:coil:2.7.0) with ExtractAarTransform
Transforming coil-2.7.0.aar (io.coil-kt:coil:2.7.0) with AarTransform
Transforming coil-base-2.7.0.aar (io.coil-kt:coil-base:2.7.0) with ExtractAarTransform
Transforming coil-base-2.7.0.aar (io.coil-kt:coil-base:2.7.0) with AarTransform
Transforming appcompat-resources-1.6.1.aar (androidx.appcompat:appcompat-resources:1.6.1) with ExtractAarTransform
Transforming appcompat-resources-1.6.1.aar (androidx.appcompat:appcompat-resources:1.6.1) with AarTransform
Transforming vectordrawable-animated-1.1.0.aar (androidx.vectordrawable:vectordrawable-animated:1.1.0) with ExtractAarTransform
Transforming vectordrawable-animated-1.1.0.aar (androidx.vectordrawable:vectordrawable-animated:1.1.0) with AarTransform
Transforming vectordrawable-1.1.0.aar (androidx.vectordrawable:vectordrawable:1.1.0) with ExtractAarTransform
Transforming vectordrawable-1.1.0.aar (androidx.vectordrawable:vectordrawable:1.1.0) with AarTransform
Transforming vectordrawable-1.1.0.aar (androidx.vectordrawable:vectordrawable:1.1.0) with ExtractAarTransform
Transforming vectordrawable-1.1.0.aar (androidx.vectordrawable:vectordrawable:1.1.0) with AarTransform
Transforming emoji2-1.3.0.aar (androidx.emoji2:emoji2:1.3.0) with ExtractAarTransform
Transforming emoji2-1.3.0.aar (androidx.emoji2:emoji2:1.3.0) with AarTransform
Transforming core-1.15.0.aar (androidx.core:core:1.15.0) with ExtractAarTransform
Transforming core-1.15.0.aar (androidx.core:core:1.15.0) with AarTransform
Transforming core-1.15.0.aar (androidx.core:core:1.15.0) with ExtractAarTransform
Transforming core-1.15.0.aar (androidx.core:core:1.15.0) with AarTransform
Transforming core-1.15.0.aar (androidx.core:core:1.15.0) with ExtractAarTransform
Transforming core-1.15.0.aar (androidx.core:core:1.15.0) with AarTransform
Transforming savedstate-ktx-1.2.1.aar (androidx.savedstate:savedstate-ktx:1.2.1) with ExtractAarTransform
Transforming savedstate-ktx-1.2.1.aar (androidx.savedstate:savedstate-ktx:1.2.1) with AarTransform
Transforming savedstate-1.2.1.aar (androidx.savedstate:savedstate:1.2.1) with ExtractAarTransform
Transforming savedstate-1.2.1.aar (androidx.savedstate:savedstate:1.2.1) with AarTransform
Transforming lifecycle-process-2.8.7.aar (androidx.lifecycle:lifecycle-process:2.8.7) with ExtractAarTransform
Transforming lifecycle-process-2.8.7.aar (androidx.lifecycle:lifecycle-process:2.8.7) with AarTransform
Transforming lifecycle-livedata-core-2.8.7.aar (androidx.lifecycle:lifecycle-livedata-core:2.8.7) with ExtractAarTransform
Transforming lifecycle-livedata-core-2.8.7.aar (androidx.lifecycle:lifecycle-livedata-core:2.8.7) with AarTransform
Transforming lifecycle-viewmodel-release.aar (androidx.lifecycle:lifecycle-viewmodel-android:2.8.7) with ExtractAarTransform
Transforming lifecycle-viewmodel-release.aar (androidx.lifecycle:lifecycle-viewmodel-android:2.8.7) with AarTransform
Transforming lifecycle-runtime-release.aar (androidx.lifecycle:lifecycle-runtime-android:2.8.7) with ExtractAarTransform
Transforming lifecycle-runtime-release.aar (androidx.lifecycle:lifecycle-runtime-android:2.8.7) with AarTransform
Transforming lifecycle-viewmodel-ktx-2.8.7.aar (androidx.lifecycle:lifecycle-viewmodel-ktx:2.8.7) with ExtractAarTransform
Transforming lifecycle-viewmodel-ktx-2.8.7.aar (androidx.lifecycle:lifecycle-viewmodel-ktx:2.8.7) with AarTransform
Transforming lifecycle-viewmodel-savedstate-2.8.7.aar (androidx.lifecycle:lifecycle-viewmodel-savedstate:2.8.7) with ExtractAarTransform
Transforming lifecycle-viewmodel-savedstate-2.8.7.aar (androidx.lifecycle:lifecycle-viewmodel-savedstate:2.8.7) with AarTransform
Transforming lifecycle-runtime-compose-release.aar (androidx.lifecycle:lifecycle-runtime-compose-android:2.8.7) with ExtractAarTransform
Transforming lifecycle-runtime-compose-release.aar (androidx.lifecycle:lifecycle-runtime-compose-android:2.8.7) with AarTransform
Transforming lifecycle-runtime-ktx-release.aar (androidx.lifecycle:lifecycle-runtime-ktx-android:2.8.7) with ExtractAarTransform
Transforming lifecycle-runtime-ktx-release.aar (androidx.lifecycle:lifecycle-runtime-ktx-android:2.8.7) with AarTransform
Transforming lifecycle-viewmodel-compose-release.aar (androidx.lifecycle:lifecycle-viewmodel-compose-android:2.8.7) with ExtractAarTransform
Transforming lifecycle-viewmodel-compose-release.aar (androidx.lifecycle:lifecycle-viewmodel-compose-android:2.8.7) with AarTransform
Transforming accompanist-drawablepainter-0.32.0.aar (com.google.accompanist:accompanist-drawablepainter:0.32.0) with ExtractAarTransform
Transforming accompanist-drawablepainter-0.32.0.aar (com.google.accompanist:accompanist-drawablepainter:0.32.0) with AarTransform
Transforming material-icons-extended-release.aar (androidx.compose.material:material-icons-extended-android:1.7.8) with ExtractAarTransform
Transforming material-icons-extended-release.aar (androidx.compose.material:material-icons-extended-android:1.7.8) with AarTransform
Transforming material-icons-core-release.aar (androidx.compose.material:material-icons-core-android:1.7.8) with ExtractAarTransform
Transforming material-icons-core-release.aar (androidx.compose.material:material-icons-core-android:1.7.8) with AarTransform
Transforming ui-release.aar (androidx.compose.ui:ui-android:1.7.8) with ExtractAarTransform
Transforming ui-release.aar (androidx.compose.ui:ui-android:1.7.8) with AarTransform
Transforming activity-ktx-1.10.1.aar (androidx.activity:activity-ktx:1.10.1) with ExtractAarTransform
Transforming activity-ktx-1.10.1.aar (androidx.activity:activity-ktx:1.10.1) with AarTransform
Transforming activity-compose-1.10.1.aar (androidx.activity:activity-compose:1.10.1) with ExtractAarTransform
Transforming activity-compose-1.10.1.aar (androidx.activity:activity-compose:1.10.1) with AarTransform
Transforming customview-poolingcontainer-1.0.0.aar (androidx.customview:customview-poolingcontainer:1.0.0) with ExtractAarTransform
Transforming customview-poolingcontainer-1.0.0.aar (androidx.customview:customview-poolingcontainer:1.0.0) with AarTransform
Transforming core-ktx-1.15.0.aar (androidx.core:core-ktx:1.15.0) with ExtractAarTransform
Transforming core-ktx-1.15.0.aar (androidx.core:core-ktx:1.15.0) with AarTransform
Transforming room-runtime-2.6.1.aar (androidx.room:room-runtime:2.6.1) with ExtractAarTransform
Transforming room-runtime-2.6.1.aar (androidx.room:room-runtime:2.6.1) with AarTransform
Transforming room-ktx-2.6.1.aar (androidx.room:room-ktx:2.6.1) with ExtractAarTransform
Transforming room-ktx-2.6.1.aar (androidx.room:room-ktx:2.6.1) with AarTransform
Transforming runtime-saveable-release.aar (androidx.compose.runtime:runtime-saveable-android:1.7.8) with ExtractAarTransform
Transforming runtime-saveable-release.aar (androidx.compose.runtime:runtime-saveable-android:1.7.8) with AarTransform
Transforming runtime-release.aar (androidx.compose.runtime:runtime-android:1.7.8) with ExtractAarTransform
Transforming runtime-release.aar (androidx.compose.runtime:runtime-android:1.7.8) with AarTransform
Transforming sqlite-framework-2.4.0.aar (androidx.sqlite:sqlite-framework:2.4.0) with ExtractAarTransform
Transforming sqlite-framework-2.4.0.aar (androidx.sqlite:sqlite-framework:2.4.0) with AarTransform
Transforming sqlite-2.4.0.aar (androidx.sqlite:sqlite:2.4.0) with ExtractAarTransform
Transforming sqlite-2.4.0.aar (androidx.sqlite:sqlite:2.4.0) with AarTransform
Transforming core-runtime-2.2.0.aar (androidx.arch.core:core-runtime:2.2.0) with ExtractAarTransform
Transforming core-runtime-2.2.0.aar (androidx.arch.core:core-runtime:2.2.0) with AarTransform
Transforming interpolator-1.0.0.aar (androidx.interpolator:interpolator:1.0.0) with ExtractAarTransform
Transforming interpolator-1.0.0.aar (androidx.interpolator:interpolator:1.0.0) with AarTransform
Transforming interpolator-1.0.0.aar (androidx.interpolator:interpolator:1.0.0) with ExtractAarTransform
Transforming interpolator-1.0.0.aar (androidx.interpolator:interpolator:1.0.0) with AarTransform
Transforming profileinstaller-1.4.0.aar (androidx.profileinstaller:profileinstaller:1.4.0) with ExtractAarTransform
Transforming profileinstaller-1.4.0.aar (androidx.profileinstaller:profileinstaller:1.4.0) with AarTransform
Transforming startup-runtime-1.1.1.aar (androidx.startup:startup-runtime:1.1.1) with ExtractAarTransform
Transforming startup-runtime-1.1.1.aar (androidx.startup:startup-runtime:1.1.1) with AarTransform
Transforming tracing-1.2.0.aar (androidx.tracing:tracing:1.2.0) with ExtractAarTransform
Transforming tracing-1.2.0.aar (androidx.tracing:tracing:1.2.0) with AarTransform
Transforming versionedparcelable-1.1.1.aar (androidx.versionedparcelable:versionedparcelable:1.1.1) with ExtractAarTransform
Transforming versionedparcelable-1.1.1.aar (androidx.versionedparcelable:versionedparcelable:1.1.1) with AarTransform
Transforming exifinterface-1.3.7.aar (androidx.exifinterface:exifinterface:1.3.7) with ExtractAarTransform
Transforming exifinterface-1.3.7.aar (androidx.exifinterface:exifinterface:1.3.7) with AarTransform
Transforming annotation-experimental-1.4.1.aar (androidx.annotation:annotation-experimental:1.4.1) with ExtractAarTransform
Transforming annotation-experimental-1.4.1.aar (androidx.annotation:annotation-experimental:1.4.1) with AarTransform
Transforming core-viewtree-1.0.0.aar (androidx.core:core-viewtree:1.0.0) with ExtractAarTransform
Transforming core-viewtree-1.0.0.aar (androidx.core:core-viewtree:1.0.0) with AarTransform
Caching disabled for task ':app:mergeReleaseAssets' because:
  Build cache is disabled
  Simple merging task
Task ':app:mergeReleaseAssets' is not up-to-date because:
  No history is available.
The input changes require a full rebuild for incremental task ':app:mergeReleaseAssets'.
Resolve mutations for :app:mergeReleaseJniLibFolders (Thread[Execution worker,5,main]) started.
:app:mergeReleaseJniLibFolders (Thread[Execution worker,5,main]) started.

> Task :app:mergeReleaseJniLibFolders
Caching disabled for task ':app:mergeReleaseJniLibFolders' because:
  Build cache is disabled
  Simple merging task
Task ':app:mergeReleaseJniLibFolders' is not up-to-date because:
  No history is available.
The input changes require a full rebuild for incremental task ':app:mergeReleaseJniLibFolders'.
Resolve mutations for :app:mergeReleaseNativeLibs (Thread[Execution worker,5,main]) started.
:app:mergeReleaseNativeLibs (Thread[Execution worker,5,main]) started.
Resolve mutations for :app:writeReleaseAppMetadata (Thread[Execution worker Thread 2,5,main]) started.
:app:writeReleaseAppMetadata (Thread[Execution worker Thread 2,5,main]) started.

> Task :app:writeReleaseAppMetadata
Caching disabled for task ':app:writeReleaseAppMetadata' because:
  Build cache is disabled
  Caching has been disabled for the task
Task ':app:writeReleaseAppMetadata' is not up-to-date because:
  No history is available.
Resolve mutations for :app:mergeReleaseArtProfile (Thread[Execution worker Thread 2,5,main]) started.
:app:mergeReleaseArtProfile (Thread[Execution worker Thread 2,5,main]) started.

> Task :app:processReleaseResources
Transforming navigation-common-2.8.8.aar (androidx.navigation:navigation-common:2.8.8) with ExtractAarTransform
Transforming navigation-common-2.8.8.aar (androidx.navigation:navigation-common:2.8.8) with AarResourcesCompilerTransform
Transforming navigation-runtime-2.8.8.aar (androidx.navigation:navigation-runtime:2.8.8) with ExtractAarTransform
Transforming navigation-runtime-2.8.8.aar (androidx.navigation:navigation-runtime:2.8.8) with AarResourcesCompilerTransform
Transforming navigation-common-ktx-2.8.8.aar (androidx.navigation:navigation-common-ktx:2.8.8) with ExtractAarTransform
Transforming navigation-common-ktx-2.8.8.aar (androidx.navigation:navigation-common-ktx:2.8.8) with AarResourcesCompilerTransform
Transforming navigation-runtime-ktx-2.8.8.aar (androidx.navigation:navigation-runtime-ktx:2.8.8) with ExtractAarTransform
Transforming navigation-runtime-ktx-2.8.8.aar (androidx.navigation:navigation-runtime-ktx:2.8.8) with AarResourcesCompilerTransform
Transforming navigation-compose-2.8.8.aar (androidx.navigation:navigation-compose:2.8.8) with ExtractAarTransform
Transforming navigation-compose-2.8.8.aar (androidx.navigation:navigation-compose:2.8.8) with AarResourcesCompilerTransform
Transforming activity-1.10.1.aar (androidx.activity:activity:1.10.1) with ExtractAarTransform
Transforming activity-1.10.1.aar (androidx.activity:activity:1.10.1) with AarResourcesCompilerTransform
Transforming material3-release.aar (androidx.compose.material3:material3-android:1.3.1) with ExtractAarTransform
Transforming material3-release.aar (androidx.compose.material3:material3-android:1.3.1) with AarResourcesCompilerTransform
Transforming coil-compose-2.7.0.aar (io.coil-kt:coil-compose:2.7.0) with ExtractAarTransform
Transforming coil-compose-2.7.0.aar (io.coil-kt:coil-compose:2.7.0) with AarResourcesCompilerTransform
Transforming coil-compose-base-2.7.0.aar (io.coil-kt:coil-compose-base:2.7.0) with ExtractAarTransform
Transforming coil-compose-base-2.7.0.aar (io.coil-kt:coil-compose-base:2.7.0) with AarResourcesCompilerTransform
Transforming animation-core-release.aar (androidx.compose.animation:animation-core-android:1.7.8) with ExtractAarTransform
Transforming animation-core-release.aar (androidx.compose.animation:animation-core-android:1.7.8) with AarResourcesCompilerTransform
Transforming material-ripple-release.aar (androidx.compose.material:material-ripple-android:1.7.8) with ExtractAarTransform
Transforming material-ripple-release.aar (androidx.compose.material:material-ripple-android:1.7.8) with AarResourcesCompilerTransform
Transforming animation-release.aar (androidx.compose.animation:animation-android:1.7.8) with ExtractAarTransform
Transforming animation-release.aar (androidx.compose.animation:animation-android:1.7.8) with AarResourcesCompilerTransform
Transforming foundation-layout-release.aar (androidx.compose.foundation:foundation-layout-android:1.7.8) with ExtractAarTransform
Transforming foundation-layout-release.aar (androidx.compose.foundation:foundation-layout-android:1.7.8) with AarResourcesCompilerTransform
Transforming foundation-release.aar (androidx.compose.foundation:foundation-android:1.7.8) with ExtractAarTransform
Transforming foundation-release.aar (androidx.compose.foundation:foundation-android:1.7.8) with AarResourcesCompilerTransform
Transforming ui-unit-release.aar (androidx.compose.ui:ui-unit-android:1.7.8) with ExtractAarTransform
Transforming ui-unit-release.aar (androidx.compose.ui:ui-unit-android:1.7.8) with AarResourcesCompilerTransform
Transforming ui-geometry-release.aar (androidx.compose.ui:ui-geometry-android:1.7.8) with ExtractAarTransform
Transforming ui-geometry-release.aar (androidx.compose.ui:ui-geometry-android:1.7.8) with AarResourcesCompilerTransform
Transforming ui-util-release.aar (androidx.compose.ui:ui-util-android:1.7.8) with ExtractAarTransform
Transforming ui-util-release.aar (androidx.compose.ui:ui-util-android:1.7.8) with AarResourcesCompilerTransform
Transforming ui-text-release.aar (androidx.compose.ui:ui-text-android:1.7.8) with ExtractAarTransform
Transforming ui-text-release.aar (androidx.compose.ui:ui-text-android:1.7.8) with AarResourcesCompilerTransform
Transforming ui-tooling-preview-release.aar (androidx.compose.ui:ui-tooling-preview-android:1.7.8) with ExtractAarTransform
Transforming ui-tooling-preview-release.aar (androidx.compose.ui:ui-tooling-preview-android:1.7.8) with AarResourcesCompilerTransform
Transforming ui-graphics-release.aar (androidx.compose.ui:ui-graphics-android:1.7.8) with ExtractAarTransform
Transforming ui-graphics-release.aar (androidx.compose.ui:ui-graphics-android:1.7.8) with AarResourcesCompilerTransform
Transforming autofill-1.0.0.aar (androidx.autofill:autofill:1.0.0) with ExtractAarTransform
Transforming autofill-1.0.0.aar (androidx.autofill:autofill:1.0.0) with AarResourcesCompilerTransform
Transforming graphics-path-1.0.1.aar (androidx.graphics:graphics-path:1.0.1) with ExtractAarTransform
Transforming graphics-path-1.0.1.aar (androidx.graphics:graphics-path:1.0.1) with AarResourcesCompilerTransform
Transforming coil-2.7.0.aar (io.coil-kt:coil:2.7.0) with ExtractAarTransform
Transforming coil-2.7.0.aar (io.coil-kt:coil:2.7.0) with AarResourcesCompilerTransform
Transforming coil-base-2.7.0.aar (io.coil-kt:coil-base:2.7.0) with ExtractAarTransform
Transforming coil-base-2.7.0.aar (io.coil-kt:coil-base:2.7.0) with AarResourcesCompilerTransform
Transforming appcompat-resources-1.6.1.aar (androidx.appcompat:appcompat-resources:1.6.1) with ExtractAarTransform
Transforming appcompat-resources-1.6.1.aar (androidx.appcompat:appcompat-resources:1.6.1) with AarResourcesCompilerTransform
Transforming vectordrawable-animated-1.1.0.aar (androidx.vectordrawable:vectordrawable-animated:1.1.0) with ExtractAarTransform
Transforming vectordrawable-animated-1.1.0.aar (androidx.vectordrawable:vectordrawable-animated:1.1.0) with AarResourcesCompilerTransform
Transforming vectordrawable-1.1.0.aar (androidx.vectordrawable:vectordrawable:1.1.0) with ExtractAarTransform
Transforming vectordrawable-1.1.0.aar (androidx.vectordrawable:vectordrawable:1.1.0) with AarResourcesCompilerTransform
Transforming vectordrawable-1.1.0.aar (androidx.vectordrawable:vectordrawable:1.1.0) with ExtractAarTransform
Transforming vectordrawable-1.1.0.aar (androidx.vectordrawable:vectordrawable:1.1.0) with AarResourcesCompilerTransform
Transforming emoji2-1.3.0.aar (androidx.emoji2:emoji2:1.3.0) with ExtractAarTransform
Transforming emoji2-1.3.0.aar (androidx.emoji2:emoji2:1.3.0) with AarResourcesCompilerTransform
Transforming core-1.15.0.aar (androidx.core:core:1.15.0) with ExtractAarTransform
Transforming core-1.15.0.aar (androidx.core:core:1.15.0) with AarResourcesCompilerTransform
Transforming core-1.15.0.aar (androidx.core:core:1.15.0) with ExtractAarTransform
Transforming core-1.15.0.aar (androidx.core:core:1.15.0) with AarResourcesCompilerTransform
Transforming core-1.15.0.aar (androidx.core:core:1.15.0) with ExtractAarTransform
Transforming core-1.15.0.aar (androidx.core:core:1.15.0) with AarResourcesCompilerTransform
Transforming savedstate-ktx-1.2.1.aar (androidx.savedstate:savedstate-ktx:1.2.1) with ExtractAarTransform
Transforming savedstate-ktx-1.2.1.aar (androidx.savedstate:savedstate-ktx:1.2.1) with AarResourcesCompilerTransform
Transforming savedstate-1.2.1.aar (androidx.savedstate:savedstate:1.2.1) with ExtractAarTransform
Transforming savedstate-1.2.1.aar (androidx.savedstate:savedstate:1.2.1) with AarResourcesCompilerTransform
Transforming lifecycle-process-2.8.7.aar (androidx.lifecycle:lifecycle-process:2.8.7) with ExtractAarTransform
Transforming lifecycle-process-2.8.7.aar (androidx.lifecycle:lifecycle-process:2.8.7) with AarResourcesCompilerTransform
Transforming lifecycle-livedata-core-2.8.7.aar (androidx.lifecycle:lifecycle-livedata-core:2.8.7) with ExtractAarTransform
Transforming lifecycle-livedata-core-2.8.7.aar (androidx.lifecycle:lifecycle-livedata-core:2.8.7) with AarResourcesCompilerTransform
Transforming lifecycle-viewmodel-release.aar (androidx.lifecycle:lifecycle-viewmodel-android:2.8.7) with ExtractAarTransform
Transforming lifecycle-viewmodel-release.aar (androidx.lifecycle:lifecycle-viewmodel-android:2.8.7) with AarResourcesCompilerTransform
Transforming lifecycle-runtime-release.aar (androidx.lifecycle:lifecycle-runtime-android:2.8.7) with ExtractAarTransform
Transforming lifecycle-runtime-release.aar (androidx.lifecycle:lifecycle-runtime-android:2.8.7) with AarResourcesCompilerTransform
Transforming lifecycle-viewmodel-ktx-2.8.7.aar (androidx.lifecycle:lifecycle-viewmodel-ktx:2.8.7) with ExtractAarTransform
Transforming lifecycle-viewmodel-ktx-2.8.7.aar (androidx.lifecycle:lifecycle-viewmodel-ktx:2.8.7) with AarResourcesCompilerTransform
Transforming lifecycle-viewmodel-savedstate-2.8.7.aar (androidx.lifecycle:lifecycle-viewmodel-savedstate:2.8.7) with ExtractAarTransform
Transforming lifecycle-viewmodel-savedstate-2.8.7.aar (androidx.lifecycle:lifecycle-viewmodel-savedstate:2.8.7) with AarResourcesCompilerTransform
Transforming lifecycle-runtime-compose-release.aar (androidx.lifecycle:lifecycle-runtime-compose-android:2.8.7) with ExtractAarTransform
Transforming lifecycle-runtime-compose-release.aar (androidx.lifecycle:lifecycle-runtime-compose-android:2.8.7) with AarResourcesCompilerTransform
Transforming lifecycle-runtime-ktx-release.aar (androidx.lifecycle:lifecycle-runtime-ktx-android:2.8.7) with ExtractAarTransform
Transforming lifecycle-runtime-ktx-release.aar (androidx.lifecycle:lifecycle-runtime-ktx-android:2.8.7) with AarResourcesCompilerTransform
Transforming lifecycle-viewmodel-compose-release.aar (androidx.lifecycle:lifecycle-viewmodel-compose-android:2.8.7) with ExtractAarTransform
Transforming lifecycle-viewmodel-compose-release.aar (androidx.lifecycle:lifecycle-viewmodel-compose-android:2.8.7) with AarResourcesCompilerTransform
Transforming accompanist-drawablepainter-0.32.0.aar (com.google.accompanist:accompanist-drawablepainter:0.32.0) with ExtractAarTransform
Transforming accompanist-drawablepainter-0.32.0.aar (com.google.accompanist:accompanist-drawablepainter:0.32.0) with AarResourcesCompilerTransform
Transforming material-icons-extended-release.aar (androidx.compose.material:material-icons-extended-android:1.7.8) with ExtractAarTransform
Transforming material-icons-extended-release.aar (androidx.compose.material:material-icons-extended-android:1.7.8) with AarResourcesCompilerTransform
Transforming material-icons-core-release.aar (androidx.compose.material:material-icons-core-android:1.7.8) with ExtractAarTransform
Transforming material-icons-core-release.aar (androidx.compose.material:material-icons-core-android:1.7.8) with AarResourcesCompilerTransform
Transforming ui-release.aar (androidx.compose.ui:ui-android:1.7.8) with ExtractAarTransform
Transforming ui-release.aar (androidx.compose.ui:ui-android:1.7.8) with AarResourcesCompilerTransform
Transforming activity-ktx-1.10.1.aar (androidx.activity:activity-ktx:1.10.1) with ExtractAarTransform
Transforming activity-ktx-1.10.1.aar (androidx.activity:activity-ktx:1.10.1) with AarResourcesCompilerTransform
Transforming activity-compose-1.10.1.aar (androidx.activity:activity-compose:1.10.1) with ExtractAarTransform
Transforming activity-compose-1.10.1.aar (androidx.activity:activity-compose:1.10.1) with AarResourcesCompilerTransform
Transforming customview-poolingcontainer-1.0.0.aar (androidx.customview:customview-poolingcontainer:1.0.0) with ExtractAarTransform
Transforming customview-poolingcontainer-1.0.0.aar (androidx.customview:customview-poolingcontainer:1.0.0) with AarResourcesCompilerTransform
Transforming core-ktx-1.15.0.aar (androidx.core:core-ktx:1.15.0) with ExtractAarTransform
Transforming core-ktx-1.15.0.aar (androidx.core:core-ktx:1.15.0) with AarResourcesCompilerTransform
Transforming room-runtime-2.6.1.aar (androidx.room:room-runtime:2.6.1) with ExtractAarTransform
Transforming room-runtime-2.6.1.aar (androidx.room:room-runtime:2.6.1) with AarResourcesCompilerTransform
Transforming room-ktx-2.6.1.aar (androidx.room:room-ktx:2.6.1) with ExtractAarTransform
Transforming room-ktx-2.6.1.aar (androidx.room:room-ktx:2.6.1) with AarResourcesCompilerTransform
Transforming runtime-saveable-release.aar (androidx.compose.runtime:runtime-saveable-android:1.7.8) with ExtractAarTransform
Transforming runtime-saveable-release.aar (androidx.compose.runtime:runtime-saveable-android:1.7.8) with AarResourcesCompilerTransform
Transforming runtime-release.aar (androidx.compose.runtime:runtime-android:1.7.8) with ExtractAarTransform
Transforming runtime-release.aar (androidx.compose.runtime:runtime-android:1.7.8) with AarResourcesCompilerTransform
Transforming sqlite-framework-2.4.0.aar (androidx.sqlite:sqlite-framework:2.4.0) with ExtractAarTransform
Transforming sqlite-framework-2.4.0.aar (androidx.sqlite:sqlite-framework:2.4.0) with AarResourcesCompilerTransform
Transforming sqlite-2.4.0.aar (androidx.sqlite:sqlite:2.4.0) with ExtractAarTransform
Transforming sqlite-2.4.0.aar (androidx.sqlite:sqlite:2.4.0) with AarResourcesCompilerTransform
Transforming core-runtime-2.2.0.aar (androidx.arch.core:core-runtime:2.2.0) with ExtractAarTransform
Transforming core-runtime-2.2.0.aar (androidx.arch.core:core-runtime:2.2.0) with AarResourcesCompilerTransform
Transforming interpolator-1.0.0.aar (androidx.interpolator:interpolator:1.0.0) with ExtractAarTransform
Transforming interpolator-1.0.0.aar (androidx.interpolator:interpolator:1.0.0) with AarResourcesCompilerTransform
Transforming interpolator-1.0.0.aar (androidx.interpolator:interpolator:1.0.0) with ExtractAarTransform
Transforming interpolator-1.0.0.aar (androidx.interpolator:interpolator:1.0.0) with AarResourcesCompilerTransform
Transforming profileinstaller-1.4.0.aar (androidx.profileinstaller:profileinstaller:1.4.0) with ExtractAarTransform
Transforming profileinstaller-1.4.0.aar (androidx.profileinstaller:profileinstaller:1.4.0) with AarResourcesCompilerTransform
Transforming startup-runtime-1.1.1.aar (androidx.startup:startup-runtime:1.1.1) with ExtractAarTransform
Transforming startup-runtime-1.1.1.aar (androidx.startup:startup-runtime:1.1.1) with AarResourcesCompilerTransform
Transforming tracing-1.2.0.aar (androidx.tracing:tracing:1.2.0) with ExtractAarTransform
Transforming tracing-1.2.0.aar (androidx.tracing:tracing:1.2.0) with AarResourcesCompilerTransform
Transforming versionedparcelable-1.1.1.aar (androidx.versionedparcelable:versionedparcelable:1.1.1) with ExtractAarTransform
Transforming versionedparcelable-1.1.1.aar (androidx.versionedparcelable:versionedparcelable:1.1.1) with AarResourcesCompilerTransform
Transforming exifinterface-1.3.7.aar (androidx.exifinterface:exifinterface:1.3.7) with ExtractAarTransform
Transforming exifinterface-1.3.7.aar (androidx.exifinterface:exifinterface:1.3.7) with AarResourcesCompilerTransform
Transforming annotation-experimental-1.4.1.aar (androidx.annotation:annotation-experimental:1.4.1) with ExtractAarTransform
Transforming annotation-experimental-1.4.1.aar (androidx.annotation:annotation-experimental:1.4.1) with AarResourcesCompilerTransform
Transforming core-viewtree-1.0.0.aar (androidx.core:core-viewtree:1.0.0) with ExtractAarTransform
Transforming core-viewtree-1.0.0.aar (androidx.core:core-viewtree:1.0.0) with AarResourcesCompilerTransform
Transforming navigation-common-2.8.8.aar (androidx.navigation:navigation-common:2.8.8) with ExtractAarTransform
Transforming navigation-common-2.8.8.aar (androidx.navigation:navigation-common:2.8.8) with LibrarySymbolTableTransform
Transforming navigation-runtime-2.8.8.aar (androidx.navigation:navigation-runtime:2.8.8) with ExtractAarTransform
Transforming navigation-runtime-2.8.8.aar (androidx.navigation:navigation-runtime:2.8.8) with LibrarySymbolTableTransform
Transforming navigation-common-ktx-2.8.8.aar (androidx.navigation:navigation-common-ktx:2.8.8) with ExtractAarTransform
Transforming navigation-common-ktx-2.8.8.aar (androidx.navigation:navigation-common-ktx:2.8.8) with LibrarySymbolTableTransform
Transforming navigation-runtime-ktx-2.8.8.aar (androidx.navigation:navigation-runtime-ktx:2.8.8) with ExtractAarTransform
Transforming navigation-runtime-ktx-2.8.8.aar (androidx.navigation:navigation-runtime-ktx:2.8.8) with LibrarySymbolTableTransform
Transforming navigation-compose-2.8.8.aar (androidx.navigation:navigation-compose:2.8.8) with ExtractAarTransform
Transforming navigation-compose-2.8.8.aar (androidx.navigation:navigation-compose:2.8.8) with LibrarySymbolTableTransform
Transforming activity-1.10.1.aar (androidx.activity:activity:1.10.1) with ExtractAarTransform
Transforming activity-1.10.1.aar (androidx.activity:activity:1.10.1) with LibrarySymbolTableTransform
Transforming material3-release.aar (androidx.compose.material3:material3-android:1.3.1) with ExtractAarTransform
Transforming material3-release.aar (androidx.compose.material3:material3-android:1.3.1) with LibrarySymbolTableTransform
Transforming coil-compose-2.7.0.aar (io.coil-kt:coil-compose:2.7.0) with ExtractAarTransform
Transforming coil-compose-2.7.0.aar (io.coil-kt:coil-compose:2.7.0) with LibrarySymbolTableTransform
Transforming coil-compose-base-2.7.0.aar (io.coil-kt:coil-compose-base:2.7.0) with ExtractAarTransform
Transforming coil-compose-base-2.7.0.aar (io.coil-kt:coil-compose-base:2.7.0) with LibrarySymbolTableTransform
Transforming animation-core-release.aar (androidx.compose.animation:animation-core-android:1.7.8) with ExtractAarTransform
Transforming animation-core-release.aar (androidx.compose.animation:animation-core-android:1.7.8) with LibrarySymbolTableTransform
Transforming material-ripple-release.aar (androidx.compose.material:material-ripple-android:1.7.8) with ExtractAarTransform
Transforming material-ripple-release.aar (androidx.compose.material:material-ripple-android:1.7.8) with LibrarySymbolTableTransform
Transforming animation-release.aar (androidx.compose.animation:animation-android:1.7.8) with ExtractAarTransform
Transforming animation-release.aar (androidx.compose.animation:animation-android:1.7.8) with LibrarySymbolTableTransform
Transforming foundation-layout-release.aar (androidx.compose.foundation:foundation-layout-android:1.7.8) with ExtractAarTransform
Transforming foundation-layout-release.aar (androidx.compose.foundation:foundation-layout-android:1.7.8) with LibrarySymbolTableTransform
Transforming foundation-release.aar (androidx.compose.foundation:foundation-android:1.7.8) with ExtractAarTransform
Transforming foundation-release.aar (androidx.compose.foundation:foundation-android:1.7.8) with LibrarySymbolTableTransform
Transforming ui-unit-release.aar (androidx.compose.ui:ui-unit-android:1.7.8) with ExtractAarTransform
Transforming ui-unit-release.aar (androidx.compose.ui:ui-unit-android:1.7.8) with LibrarySymbolTableTransform
Transforming ui-geometry-release.aar (androidx.compose.ui:ui-geometry-android:1.7.8) with ExtractAarTransform
Transforming ui-geometry-release.aar (androidx.compose.ui:ui-geometry-android:1.7.8) with LibrarySymbolTableTransform
Transforming ui-util-release.aar (androidx.compose.ui:ui-util-android:1.7.8) with ExtractAarTransform
Transforming ui-util-release.aar (androidx.compose.ui:ui-util-android:1.7.8) with LibrarySymbolTableTransform
Transforming ui-text-release.aar (androidx.compose.ui:ui-text-android:1.7.8) with ExtractAarTransform
Transforming ui-text-release.aar (androidx.compose.ui:ui-text-android:1.7.8) with LibrarySymbolTableTransform
Transforming ui-tooling-preview-release.aar (androidx.compose.ui:ui-tooling-preview-android:1.7.8) with ExtractAarTransform
Transforming ui-tooling-preview-release.aar (androidx.compose.ui:ui-tooling-preview-android:1.7.8) with LibrarySymbolTableTransform
Transforming ui-graphics-release.aar (androidx.compose.ui:ui-graphics-android:1.7.8) with ExtractAarTransform
Transforming ui-graphics-release.aar (androidx.compose.ui:ui-graphics-android:1.7.8) with LibrarySymbolTableTransform
Transforming autofill-1.0.0.aar (androidx.autofill:autofill:1.0.0) with ExtractAarTransform
Transforming autofill-1.0.0.aar (androidx.autofill:autofill:1.0.0) with LibrarySymbolTableTransform
Transforming graphics-path-1.0.1.aar (androidx.graphics:graphics-path:1.0.1) with ExtractAarTransform
Transforming graphics-path-1.0.1.aar (androidx.graphics:graphics-path:1.0.1) with LibrarySymbolTableTransform
Transforming coil-2.7.0.aar (io.coil-kt:coil:2.7.0) with ExtractAarTransform
Transforming coil-2.7.0.aar (io.coil-kt:coil:2.7.0) with LibrarySymbolTableTransform
Transforming coil-base-2.7.0.aar (io.coil-kt:coil-base:2.7.0) with ExtractAarTransform
Transforming coil-base-2.7.0.aar (io.coil-kt:coil-base:2.7.0) with LibrarySymbolTableTransform
Transforming appcompat-resources-1.6.1.aar (androidx.appcompat:appcompat-resources:1.6.1) with ExtractAarTransform
Transforming appcompat-resources-1.6.1.aar (androidx.appcompat:appcompat-resources:1.6.1) with LibrarySymbolTableTransform
Transforming vectordrawable-animated-1.1.0.aar (androidx.vectordrawable:vectordrawable-animated:1.1.0) with ExtractAarTransform
Transforming vectordrawable-animated-1.1.0.aar (androidx.vectordrawable:vectordrawable-animated:1.1.0) with LibrarySymbolTableTransform
Transforming vectordrawable-1.1.0.aar (androidx.vectordrawable:vectordrawable:1.1.0) with ExtractAarTransform
Transforming vectordrawable-1.1.0.aar (androidx.vectordrawable:vectordrawable:1.1.0) with LibrarySymbolTableTransform
Transforming vectordrawable-1.1.0.aar (androidx.vectordrawable:vectordrawable:1.1.0) with ExtractAarTransform
Transforming vectordrawable-1.1.0.aar (androidx.vectordrawable:vectordrawable:1.1.0) with LibrarySymbolTableTransform
Transforming emoji2-1.3.0.aar (androidx.emoji2:emoji2:1.3.0) with ExtractAarTransform
Transforming emoji2-1.3.0.aar (androidx.emoji2:emoji2:1.3.0) with LibrarySymbolTableTransform
Transforming core-1.15.0.aar (androidx.core:core:1.15.0) with ExtractAarTransform
Transforming core-1.15.0.aar (androidx.core:core:1.15.0) with LibrarySymbolTableTransform
Transforming core-1.15.0.aar (androidx.core:core:1.15.0) with ExtractAarTransform
Transforming core-1.15.0.aar (androidx.core:core:1.15.0) with LibrarySymbolTableTransform
Transforming core-1.15.0.aar (androidx.core:core:1.15.0) with ExtractAarTransform
Transforming core-1.15.0.aar (androidx.core:core:1.15.0) with LibrarySymbolTableTransform
Transforming savedstate-ktx-1.2.1.aar (androidx.savedstate:savedstate-ktx:1.2.1) with ExtractAarTransform
Transforming savedstate-ktx-1.2.1.aar (androidx.savedstate:savedstate-ktx:1.2.1) with LibrarySymbolTableTransform
Transforming savedstate-1.2.1.aar (androidx.savedstate:savedstate:1.2.1) with ExtractAarTransform
Transforming savedstate-1.2.1.aar (androidx.savedstate:savedstate:1.2.1) with LibrarySymbolTableTransform
Transforming lifecycle-process-2.8.7.aar (androidx.lifecycle:lifecycle-process:2.8.7) with ExtractAarTransform
Transforming lifecycle-process-2.8.7.aar (androidx.lifecycle:lifecycle-process:2.8.7) with LibrarySymbolTableTransform
Transforming lifecycle-livedata-core-2.8.7.aar (androidx.lifecycle:lifecycle-livedata-core:2.8.7) with ExtractAarTransform
Transforming lifecycle-livedata-core-2.8.7.aar (androidx.lifecycle:lifecycle-livedata-core:2.8.7) with LibrarySymbolTableTransform
Transforming lifecycle-viewmodel-release.aar (androidx.lifecycle:lifecycle-viewmodel-android:2.8.7) with ExtractAarTransform
Transforming lifecycle-viewmodel-release.aar (androidx.lifecycle:lifecycle-viewmodel-android:2.8.7) with LibrarySymbolTableTransform
Transforming lifecycle-runtime-release.aar (androidx.lifecycle:lifecycle-runtime-android:2.8.7) with ExtractAarTransform
Transforming lifecycle-runtime-release.aar (androidx.lifecycle:lifecycle-runtime-android:2.8.7) with LibrarySymbolTableTransform
Transforming lifecycle-viewmodel-ktx-2.8.7.aar (androidx.lifecycle:lifecycle-viewmodel-ktx:2.8.7) with ExtractAarTransform
Transforming lifecycle-viewmodel-ktx-2.8.7.aar (androidx.lifecycle:lifecycle-viewmodel-ktx:2.8.7) with LibrarySymbolTableTransform
Transforming lifecycle-viewmodel-savedstate-2.8.7.aar (androidx.lifecycle:lifecycle-viewmodel-savedstate:2.8.7) with ExtractAarTransform
Transforming lifecycle-viewmodel-savedstate-2.8.7.aar (androidx.lifecycle:lifecycle-viewmodel-savedstate:2.8.7) with LibrarySymbolTableTransform
Transforming lifecycle-runtime-compose-release.aar (androidx.lifecycle:lifecycle-runtime-compose-android:2.8.7) with ExtractAarTransform
Transforming lifecycle-runtime-compose-release.aar (androidx.lifecycle:lifecycle-runtime-compose-android:2.8.7) with LibrarySymbolTableTransform
Transforming lifecycle-runtime-ktx-release.aar (androidx.lifecycle:lifecycle-runtime-ktx-android:2.8.7) with ExtractAarTransform
Transforming lifecycle-runtime-ktx-release.aar (androidx.lifecycle:lifecycle-runtime-ktx-android:2.8.7) with LibrarySymbolTableTransform
Transforming lifecycle-viewmodel-compose-release.aar (androidx.lifecycle:lifecycle-viewmodel-compose-android:2.8.7) with ExtractAarTransform
Transforming lifecycle-viewmodel-compose-release.aar (androidx.lifecycle:lifecycle-viewmodel-compose-android:2.8.7) with LibrarySymbolTableTransform
Transforming accompanist-drawablepainter-0.32.0.aar (com.google.accompanist:accompanist-drawablepainter:0.32.0) with ExtractAarTransform
Transforming accompanist-drawablepainter-0.32.0.aar (com.google.accompanist:accompanist-drawablepainter:0.32.0) with LibrarySymbolTableTransform
Transforming material-icons-extended-release.aar (androidx.compose.material:material-icons-extended-android:1.7.8) with ExtractAarTransform
Transforming material-icons-extended-release.aar (androidx.compose.material:material-icons-extended-android:1.7.8) with LibrarySymbolTableTransform
Transforming material-icons-core-release.aar (androidx.compose.material:material-icons-core-android:1.7.8) with ExtractAarTransform
Transforming material-icons-core-release.aar (androidx.compose.material:material-icons-core-android:1.7.8) with LibrarySymbolTableTransform
Transforming ui-release.aar (androidx.compose.ui:ui-android:1.7.8) with ExtractAarTransform
Transforming ui-release.aar (androidx.compose.ui:ui-android:1.7.8) with LibrarySymbolTableTransform
Transforming activity-ktx-1.10.1.aar (androidx.activity:activity-ktx:1.10.1) with ExtractAarTransform
Transforming activity-ktx-1.10.1.aar (androidx.activity:activity-ktx:1.10.1) with LibrarySymbolTableTransform
Transforming activity-compose-1.10.1.aar (androidx.activity:activity-compose:1.10.1) with ExtractAarTransform
Transforming activity-compose-1.10.1.aar (androidx.activity:activity-compose:1.10.1) with LibrarySymbolTableTransform
Transforming customview-poolingcontainer-1.0.0.aar (androidx.customview:customview-poolingcontainer:1.0.0) with ExtractAarTransform
Transforming customview-poolingcontainer-1.0.0.aar (androidx.customview:customview-poolingcontainer:1.0.0) with LibrarySymbolTableTransform
Transforming core-ktx-1.15.0.aar (androidx.core:core-ktx:1.15.0) with ExtractAarTransform
Transforming core-ktx-1.15.0.aar (androidx.core:core-ktx:1.15.0) with LibrarySymbolTableTransform
Transforming room-runtime-2.6.1.aar (androidx.room:room-runtime:2.6.1) with ExtractAarTransform
Transforming room-runtime-2.6.1.aar (androidx.room:room-runtime:2.6.1) with LibrarySymbolTableTransform
Transforming room-ktx-2.6.1.aar (androidx.room:room-ktx:2.6.1) with ExtractAarTransform
Transforming room-ktx-2.6.1.aar (androidx.room:room-ktx:2.6.1) with LibrarySymbolTableTransform
Transforming runtime-saveable-release.aar (androidx.compose.runtime:runtime-saveable-android:1.7.8) with ExtractAarTransform
Transforming runtime-saveable-release.aar (androidx.compose.runtime:runtime-saveable-android:1.7.8) with LibrarySymbolTableTransform
Transforming runtime-release.aar (androidx.compose.runtime:runtime-android:1.7.8) with ExtractAarTransform
Transforming runtime-release.aar (androidx.compose.runtime:runtime-android:1.7.8) with LibrarySymbolTableTransform
Transforming sqlite-framework-2.4.0.aar (androidx.sqlite:sqlite-framework:2.4.0) with ExtractAarTransform
Transforming sqlite-framework-2.4.0.aar (androidx.sqlite:sqlite-framework:2.4.0) with LibrarySymbolTableTransform
Transforming sqlite-2.4.0.aar (androidx.sqlite:sqlite:2.4.0) with ExtractAarTransform
Transforming sqlite-2.4.0.aar (androidx.sqlite:sqlite:2.4.0) with LibrarySymbolTableTransform
Transforming core-runtime-2.2.0.aar (androidx.arch.core:core-runtime:2.2.0) with ExtractAarTransform
Transforming core-runtime-2.2.0.aar (androidx.arch.core:core-runtime:2.2.0) with LibrarySymbolTableTransform
Transforming interpolator-1.0.0.aar (androidx.interpolator:interpolator:1.0.0) with ExtractAarTransform
Transforming interpolator-1.0.0.aar (androidx.interpolator:interpolator:1.0.0) with LibrarySymbolTableTransform
Transforming interpolator-1.0.0.aar (androidx.interpolator:interpolator:1.0.0) with ExtractAarTransform
Transforming interpolator-1.0.0.aar (androidx.interpolator:interpolator:1.0.0) with LibrarySymbolTableTransform
Transforming profileinstaller-1.4.0.aar (androidx.profileinstaller:profileinstaller:1.4.0) with ExtractAarTransform
Transforming profileinstaller-1.4.0.aar (androidx.profileinstaller:profileinstaller:1.4.0) with LibrarySymbolTableTransform
Transforming startup-runtime-1.1.1.aar (androidx.startup:startup-runtime:1.1.1) with ExtractAarTransform
Transforming startup-runtime-1.1.1.aar (androidx.startup:startup-runtime:1.1.1) with LibrarySymbolTableTransform
Transforming tracing-1.2.0.aar (androidx.tracing:tracing:1.2.0) with ExtractAarTransform
Transforming tracing-1.2.0.aar (androidx.tracing:tracing:1.2.0) with LibrarySymbolTableTransform
Transforming versionedparcelable-1.1.1.aar (androidx.versionedparcelable:versionedparcelable:1.1.1) with ExtractAarTransform
Transforming versionedparcelable-1.1.1.aar (androidx.versionedparcelable:versionedparcelable:1.1.1) with LibrarySymbolTableTransform
Transforming exifinterface-1.3.7.aar (androidx.exifinterface:exifinterface:1.3.7) with ExtractAarTransform
Transforming exifinterface-1.3.7.aar (androidx.exifinterface:exifinterface:1.3.7) with LibrarySymbolTableTransform
Transforming annotation-experimental-1.4.1.aar (androidx.annotation:annotation-experimental:1.4.1) with ExtractAarTransform
Transforming annotation-experimental-1.4.1.aar (androidx.annotation:annotation-experimental:1.4.1) with LibrarySymbolTableTransform
Transforming core-viewtree-1.0.0.aar (androidx.core:core-viewtree:1.0.0) with ExtractAarTransform
Transforming core-viewtree-1.0.0.aar (androidx.core:core-viewtree:1.0.0) with LibrarySymbolTableTransform
Caching disabled for task ':app:processReleaseResources' because:
  Build cache is disabled
Task ':app:processReleaseResources' is not up-to-date because:
  No history is available.
The input changes require a full rebuild for incremental task ':app:processReleaseResources'.
Aapt output file /home/runner/work/beltflow/beltflow/app/build/intermediates/linked_resources_binary_format/release/processReleaseResources/linked-resources-binary-format-release.ap_

> Task :app:mergeReleaseNativeLibs
Transforming navigation-common-2.8.8.aar (androidx.navigation:navigation-common:2.8.8) with ExtractAarTransform
Transforming navigation-common-2.8.8.aar (androidx.navigation:navigation-common:2.8.8) with AarTransform
Transforming navigation-runtime-2.8.8.aar (androidx.navigation:navigation-runtime:2.8.8) with ExtractAarTransform
Transforming navigation-runtime-2.8.8.aar (androidx.navigation:navigation-runtime:2.8.8) with AarTransform
Transforming navigation-common-ktx-2.8.8.aar (androidx.navigation:navigation-common-ktx:2.8.8) with ExtractAarTransform
Transforming navigation-common-ktx-2.8.8.aar (androidx.navigation:navigation-common-ktx:2.8.8) with AarTransform
Transforming navigation-runtime-ktx-2.8.8.aar (androidx.navigation:navigation-runtime-ktx:2.8.8) with ExtractAarTransform
Transforming navigation-runtime-ktx-2.8.8.aar (androidx.navigation:navigation-runtime-ktx:2.8.8) with AarTransform
Transforming navigation-compose-2.8.8.aar (androidx.navigation:navigation-compose:2.8.8) with ExtractAarTransform
Transforming navigation-compose-2.8.8.aar (androidx.navigation:navigation-compose:2.8.8) with AarTransform
Transforming activity-1.10.1.aar (androidx.activity:activity:1.10.1) with ExtractAarTransform
Transforming activity-1.10.1.aar (androidx.activity:activity:1.10.1) with AarTransform
Transforming material3-release.aar (androidx.compose.material3:material3-android:1.3.1) with ExtractAarTransform
Transforming material3-release.aar (androidx.compose.material3:material3-android:1.3.1) with AarTransform
Transforming coil-compose-2.7.0.aar (io.coil-kt:coil-compose:2.7.0) with ExtractAarTransform
Transforming coil-compose-2.7.0.aar (io.coil-kt:coil-compose:2.7.0) with AarTransform
Transforming coil-compose-base-2.7.0.aar (io.coil-kt:coil-compose-base:2.7.0) with ExtractAarTransform
Transforming coil-compose-base-2.7.0.aar (io.coil-kt:coil-compose-base:2.7.0) with AarTransform
Transforming animation-core-release.aar (androidx.compose.animation:animation-core-android:1.7.8) with ExtractAarTransform
Transforming animation-core-release.aar (androidx.compose.animation:animation-core-android:1.7.8) with AarTransform
Transforming material-ripple-release.aar (androidx.compose.material:material-ripple-android:1.7.8) with ExtractAarTransform
Transforming material-ripple-release.aar (androidx.compose.material:material-ripple-android:1.7.8) with AarTransform
Transforming animation-release.aar (androidx.compose.animation:animation-android:1.7.8) with ExtractAarTransform
Transforming animation-release.aar (androidx.compose.animation:animation-android:1.7.8) with AarTransform
Transforming foundation-layout-release.aar (androidx.compose.foundation:foundation-layout-android:1.7.8) with ExtractAarTransform
Transforming foundation-layout-release.aar (androidx.compose.foundation:foundation-layout-android:1.7.8) with AarTransform
Transforming foundation-release.aar (androidx.compose.foundation:foundation-android:1.7.8) with ExtractAarTransform
Transforming foundation-release.aar (androidx.compose.foundation:foundation-android:1.7.8) with AarTransform
Transforming ui-unit-release.aar (androidx.compose.ui:ui-unit-android:1.7.8) with ExtractAarTransform
Transforming ui-unit-release.aar (androidx.compose.ui:ui-unit-android:1.7.8) with AarTransform
Transforming ui-geometry-release.aar (androidx.compose.ui:ui-geometry-android:1.7.8) with ExtractAarTransform
Transforming ui-geometry-release.aar (androidx.compose.ui:ui-geometry-android:1.7.8) with AarTransform
Transforming ui-util-release.aar (androidx.compose.ui:ui-util-android:1.7.8) with ExtractAarTransform
Transforming ui-util-release.aar (androidx.compose.ui:ui-util-android:1.7.8) with AarTransform
Transforming ui-text-release.aar (androidx.compose.ui:ui-text-android:1.7.8) with ExtractAarTransform
Transforming ui-text-release.aar (androidx.compose.ui:ui-text-android:1.7.8) with AarTransform
Transforming ui-tooling-preview-release.aar (androidx.compose.ui:ui-tooling-preview-android:1.7.8) with ExtractAarTransform
Transforming ui-tooling-preview-release.aar (androidx.compose.ui:ui-tooling-preview-android:1.7.8) with AarTransform
Transforming ui-graphics-release.aar (androidx.compose.ui:ui-graphics-android:1.7.8) with ExtractAarTransform
Transforming ui-graphics-release.aar (androidx.compose.ui:ui-graphics-android:1.7.8) with AarTransform
Transforming autofill-1.0.0.aar (androidx.autofill:autofill:1.0.0) with ExtractAarTransform
Transforming autofill-1.0.0.aar (androidx.autofill:autofill:1.0.0) with AarTransform
Transforming graphics-path-1.0.1.aar (androidx.graphics:graphics-path:1.0.1) with ExtractAarTransform
Transforming graphics-path-1.0.1.aar (androidx.graphics:graphics-path:1.0.1) with AarTransform
Transforming coil-2.7.0.aar (io.coil-kt:coil:2.7.0) with ExtractAarTransform
Transforming coil-2.7.0.aar (io.coil-kt:coil:2.7.0) with AarTransform
Transforming coil-base-2.7.0.aar (io.coil-kt:coil-base:2.7.0) with ExtractAarTransform
Transforming coil-base-2.7.0.aar (io.coil-kt:coil-base:2.7.0) with AarTransform
Transforming appcompat-resources-1.6.1.aar (androidx.appcompat:appcompat-resources:1.6.1) with ExtractAarTransform
Transforming appcompat-resources-1.6.1.aar (androidx.appcompat:appcompat-resources:1.6.1) with AarTransform
Transforming vectordrawable-animated-1.1.0.aar (androidx.vectordrawable:vectordrawable-animated:1.1.0) with ExtractAarTransform
Transforming vectordrawable-animated-1.1.0.aar (androidx.vectordrawable:vectordrawable-animated:1.1.0) with AarTransform
Transforming vectordrawable-1.1.0.aar (androidx.vectordrawable:vectordrawable:1.1.0) with ExtractAarTransform
Transforming vectordrawable-1.1.0.aar (androidx.vectordrawable:vectordrawable:1.1.0) with AarTransform
Transforming vectordrawable-1.1.0.aar (androidx.vectordrawable:vectordrawable:1.1.0) with ExtractAarTransform
Transforming vectordrawable-1.1.0.aar (androidx.vectordrawable:vectordrawable:1.1.0) with AarTransform
Transforming emoji2-1.3.0.aar (androidx.emoji2:emoji2:1.3.0) with ExtractAarTransform
Transforming emoji2-1.3.0.aar (androidx.emoji2:emoji2:1.3.0) with AarTransform
Transforming core-1.15.0.aar (androidx.core:core:1.15.0) with ExtractAarTransform
Transforming core-1.15.0.aar (androidx.core:core:1.15.0) with AarTransform
Transforming core-1.15.0.aar (androidx.core:core:1.15.0) with ExtractAarTransform
Transforming core-1.15.0.aar (androidx.core:core:1.15.0) with AarTransform
Transforming core-1.15.0.aar (androidx.core:core:1.15.0) with ExtractAarTransform
Transforming core-1.15.0.aar (androidx.core:core:1.15.0) with AarTransform
Transforming savedstate-ktx-1.2.1.aar (androidx.savedstate:savedstate-ktx:1.2.1) with ExtractAarTransform
Transforming savedstate-ktx-1.2.1.aar (androidx.savedstate:savedstate-ktx:1.2.1) with AarTransform
Transforming savedstate-1.2.1.aar (androidx.savedstate:savedstate:1.2.1) with ExtractAarTransform
Transforming savedstate-1.2.1.aar (androidx.savedstate:savedstate:1.2.1) with AarTransform
Transforming lifecycle-process-2.8.7.aar (androidx.lifecycle:lifecycle-process:2.8.7) with ExtractAarTransform
Transforming lifecycle-process-2.8.7.aar (androidx.lifecycle:lifecycle-process:2.8.7) with AarTransform
Transforming lifecycle-common-java8-2.8.7.jar (androidx.lifecycle:lifecycle-common-java8:2.8.7) with ExtractJniTransform
Transforming lifecycle-livedata-core-2.8.7.aar (androidx.lifecycle:lifecycle-livedata-core:2.8.7) with ExtractAarTransform
Transforming lifecycle-livedata-core-2.8.7.aar (androidx.lifecycle:lifecycle-livedata-core:2.8.7) with AarTransform
Transforming lifecycle-viewmodel-release.aar (androidx.lifecycle:lifecycle-viewmodel-android:2.8.7) with ExtractAarTransform
Transforming lifecycle-viewmodel-release.aar (androidx.lifecycle:lifecycle-viewmodel-android:2.8.7) with AarTransform
Transforming lifecycle-common-jvm-2.8.7.jar (androidx.lifecycle:lifecycle-common-jvm:2.8.7) with ExtractJniTransform
Transforming lifecycle-runtime-release.aar (androidx.lifecycle:lifecycle-runtime-android:2.8.7) with ExtractAarTransform
Transforming lifecycle-runtime-release.aar (androidx.lifecycle:lifecycle-runtime-android:2.8.7) with AarTransform
Transforming lifecycle-viewmodel-ktx-2.8.7.aar (androidx.lifecycle:lifecycle-viewmodel-ktx:2.8.7) with ExtractAarTransform
Transforming lifecycle-viewmodel-ktx-2.8.7.aar (androidx.lifecycle:lifecycle-viewmodel-ktx:2.8.7) with AarTransform
Transforming lifecycle-viewmodel-savedstate-2.8.7.aar (androidx.lifecycle:lifecycle-viewmodel-savedstate:2.8.7) with ExtractAarTransform
Transforming lifecycle-viewmodel-savedstate-2.8.7.aar (androidx.lifecycle:lifecycle-viewmodel-savedstate:2.8.7) with AarTransform
Transforming lifecycle-runtime-compose-release.aar (androidx.lifecycle:lifecycle-runtime-compose-android:2.8.7) with ExtractAarTransform
Transforming lifecycle-runtime-compose-release.aar (androidx.lifecycle:lifecycle-runtime-compose-android:2.8.7) with AarTransform
Transforming lifecycle-runtime-ktx-release.aar (androidx.lifecycle:lifecycle-runtime-ktx-android:2.8.7) with ExtractAarTransform
Transforming lifecycle-runtime-ktx-release.aar (androidx.lifecycle:lifecycle-runtime-ktx-android:2.8.7) with AarTransform
Transforming lifecycle-viewmodel-compose-release.aar (androidx.lifecycle:lifecycle-viewmodel-compose-android:2.8.7) with ExtractAarTransform
Transforming lifecycle-viewmodel-compose-release.aar (androidx.lifecycle:lifecycle-viewmodel-compose-android:2.8.7) with AarTransform
Transforming accompanist-drawablepainter-0.32.0.aar (com.google.accompanist:accompanist-drawablepainter:0.32.0) with ExtractAarTransform
Transforming accompanist-drawablepainter-0.32.0.aar (com.google.accompanist:accompanist-drawablepainter:0.32.0) with AarTransform
Transforming material-icons-extended-release.aar (androidx.compose.material:material-icons-extended-android:1.7.8) with ExtractAarTransform
Transforming material-icons-extended-release.aar (androidx.compose.material:material-icons-extended-android:1.7.8) with AarTransform
Transforming material-icons-core-release.aar (androidx.compose.material:material-icons-core-android:1.7.8) with ExtractAarTransform
Transforming material-icons-core-release.aar (androidx.compose.material:material-icons-core-android:1.7.8) with AarTransform
Transforming ui-release.aar (androidx.compose.ui:ui-android:1.7.8) with ExtractAarTransform
Transforming ui-release.aar (androidx.compose.ui:ui-android:1.7.8) with AarTransform
Transforming activity-ktx-1.10.1.aar (androidx.activity:activity-ktx:1.10.1) with ExtractAarTransform
Transforming activity-ktx-1.10.1.aar (androidx.activity:activity-ktx:1.10.1) with AarTransform
Transforming activity-compose-1.10.1.aar (androidx.activity:activity-compose:1.10.1) with ExtractAarTransform
Transforming activity-compose-1.10.1.aar (androidx.activity:activity-compose:1.10.1) with AarTransform
Transforming customview-poolingcontainer-1.0.0.aar (androidx.customview:customview-poolingcontainer:1.0.0) with ExtractAarTransform
Transforming customview-poolingcontainer-1.0.0.aar (androidx.customview:customview-poolingcontainer:1.0.0) with AarTransform
Transforming core-ktx-1.15.0.aar (androidx.core:core-ktx:1.15.0) with ExtractAarTransform
Transforming core-ktx-1.15.0.aar (androidx.core:core-ktx:1.15.0) with AarTransform
Transforming room-common-2.6.1.jar (androidx.room:room-common:2.6.1) with ExtractJniTransform
Transforming room-runtime-2.6.1.aar (androidx.room:room-runtime:2.6.1) with ExtractAarTransform
Transforming room-runtime-2.6.1.aar (androidx.room:room-runtime:2.6.1) with AarTransform
Transforming room-ktx-2.6.1.aar (androidx.room:room-ktx:2.6.1) with ExtractAarTransform
Transforming room-ktx-2.6.1.aar (androidx.room:room-ktx:2.6.1) with AarTransform
Transforming runtime-saveable-release.aar (androidx.compose.runtime:runtime-saveable-android:1.7.8) with ExtractAarTransform
Transforming runtime-saveable-release.aar (androidx.compose.runtime:runtime-saveable-android:1.7.8) with AarTransform
Transforming runtime-release.aar (androidx.compose.runtime:runtime-android:1.7.8) with ExtractAarTransform
Transforming runtime-release.aar (androidx.compose.runtime:runtime-android:1.7.8) with AarTransform
Transforming kotlinx-coroutines-core-jvm-1.10.1.jar (org.jetbrains.kotlinx:kotlinx-coroutines-core-jvm:1.10.1) with ExtractJniTransform
Transforming kotlinx-coroutines-android-1.10.1.jar (org.jetbrains.kotlinx:kotlinx-coroutines-android:1.10.1) with ExtractJniTransform
Transforming kotlinx-serialization-core-jvm-1.8.0.jar (org.jetbrains.kotlinx:kotlinx-serialization-core-jvm:1.8.0) with ExtractJniTransform
Transforming kotlinx-serialization-json-jvm-1.8.0.jar (org.jetbrains.kotlinx:kotlinx-serialization-json-jvm:1.8.0) with ExtractJniTransform
Transforming sqlite-framework-2.4.0.aar (androidx.sqlite:sqlite-framework:2.4.0) with ExtractAarTransform
Transforming sqlite-framework-2.4.0.aar (androidx.sqlite:sqlite-framework:2.4.0) with AarTransform
Transforming sqlite-2.4.0.aar (androidx.sqlite:sqlite:2.4.0) with ExtractAarTransform
Transforming sqlite-2.4.0.aar (androidx.sqlite:sqlite:2.4.0) with AarTransform
Transforming core-runtime-2.2.0.aar (androidx.arch.core:core-runtime:2.2.0) with ExtractAarTransform
Transforming core-runtime-2.2.0.aar (androidx.arch.core:core-runtime:2.2.0) with AarTransform
Transforming interpolator-1.0.0.aar (androidx.interpolator:interpolator:1.0.0) with ExtractAarTransform
Transforming interpolator-1.0.0.aar (androidx.interpolator:interpolator:1.0.0) with AarTransform
Transforming interpolator-1.0.0.aar (androidx.interpolator:interpolator:1.0.0) with ExtractAarTransform
Transforming interpolator-1.0.0.aar (androidx.interpolator:interpolator:1.0.0) with AarTransform
Transforming profileinstaller-1.4.0.aar (androidx.profileinstaller:profileinstaller:1.4.0) with ExtractAarTransform
Transforming profileinstaller-1.4.0.aar (androidx.profileinstaller:profileinstaller:1.4.0) with AarTransform
Transforming startup-runtime-1.1.1.aar (androidx.startup:startup-runtime:1.1.1) with ExtractAarTransform
Transforming startup-runtime-1.1.1.aar (androidx.startup:startup-runtime:1.1.1) with AarTransform
Transforming tracing-1.2.0.aar (androidx.tracing:tracing:1.2.0) with ExtractAarTransform
Transforming tracing-1.2.0.aar (androidx.tracing:tracing:1.2.0) with AarTransform
Transforming versionedparcelable-1.1.1.aar (androidx.versionedparcelable:versionedparcelable:1.1.1) with ExtractAarTransform
Transforming versionedparcelable-1.1.1.aar (androidx.versionedparcelable:versionedparcelable:1.1.1) with AarTransform
Transforming core-common-2.2.0.jar (androidx.arch.core:core-common:2.2.0) with ExtractJniTransform
Transforming exifinterface-1.3.7.aar (androidx.exifinterface:exifinterface:1.3.7) with ExtractAarTransform
Transforming exifinterface-1.3.7.aar (androidx.exifinterface:exifinterface:1.3.7) with AarTransform
Transforming concurrent-futures-1.1.0.jar (androidx.concurrent:concurrent-futures:1.1.0) with ExtractJniTransform
Transforming collection-ktx-1.4.4.jar (androidx.collection:collection-ktx:1.4.4) with ExtractJniTransform
Transforming collection-jvm-1.4.4.jar (androidx.collection:collection-jvm:1.4.4) with ExtractJniTransform
Transforming annotation-jvm-1.8.1.jar (androidx.annotation:annotation-jvm:1.8.1) with ExtractJniTransform
Transforming annotation-experimental-1.4.1.aar (androidx.annotation:annotation-experimental:1.4.1) with ExtractAarTransform
Transforming annotation-experimental-1.4.1.aar (androidx.annotation:annotation-experimental:1.4.1) with AarTransform
Transforming core-viewtree-1.0.0.aar (androidx.core:core-viewtree:1.0.0) with ExtractAarTransform
Transforming core-viewtree-1.0.0.aar (androidx.core:core-viewtree:1.0.0) with AarTransform
Transforming okhttp-4.12.0.jar (com.squareup.okhttp3:okhttp:4.12.0) with ExtractJniTransform
Transforming kotlin-stdlib-jdk8-1.9.0.jar (org.jetbrains.kotlin:kotlin-stdlib-jdk8:1.9.0) with ExtractJniTransform
Transforming okio-jvm-3.9.0.jar (com.squareup.okio:okio-jvm:3.9.0) with ExtractJniTransform
Transforming kotlin-stdlib-jdk7-1.9.0.jar (org.jetbrains.kotlin:kotlin-stdlib-jdk7:1.9.0) with ExtractJniTransform
Transforming kotlin-stdlib-2.1.10.jar (org.jetbrains.kotlin:kotlin-stdlib:2.1.10) with ExtractJniTransform
Transforming annotations-23.0.0.jar (org.jetbrains:annotations:23.0.0) with ExtractJniTransform
Transforming listenablefuture-1.0.jar (com.google.guava:listenablefuture:1.0) with ExtractJniTransform
Caching disabled for task ':app:mergeReleaseNativeLibs' because:
  Build cache is disabled
  Caching has been disabled for the task
Task ':app:mergeReleaseNativeLibs' is not up-to-date because:
  No history is available.
Resolve mutations for :app:bundleReleaseResources (Thread[Execution worker,5,main]) started.
:app:bundleReleaseResources (Thread[Execution worker,5,main]) started.

> Task :app:mergeReleaseArtProfile
Transforming navigation-common-2.8.8.aar (androidx.navigation:navigation-common:2.8.8) with ExtractAarTransform
Transforming navigation-common-2.8.8.aar (androidx.navigation:navigation-common:2.8.8) with AarTransform
Transforming navigation-runtime-2.8.8.aar (androidx.navigation:navigation-runtime:2.8.8) with ExtractAarTransform
Transforming navigation-runtime-2.8.8.aar (androidx.navigation:navigation-runtime:2.8.8) with AarTransform
Transforming navigation-common-ktx-2.8.8.aar (androidx.navigation:navigation-common-ktx:2.8.8) with ExtractAarTransform
Transforming navigation-common-ktx-2.8.8.aar (androidx.navigation:navigation-common-ktx:2.8.8) with AarTransform
Transforming navigation-runtime-ktx-2.8.8.aar (androidx.navigation:navigation-runtime-ktx:2.8.8) with ExtractAarTransform
Transforming navigation-runtime-ktx-2.8.8.aar (androidx.navigation:navigation-runtime-ktx:2.8.8) with AarTransform
Transforming navigation-compose-2.8.8.aar (androidx.navigation:navigation-compose:2.8.8) with ExtractAarTransform
Transforming navigation-compose-2.8.8.aar (androidx.navigation:navigation-compose:2.8.8) with AarTransform
Transforming activity-1.10.1.aar (androidx.activity:activity:1.10.1) with ExtractAarTransform
Transforming activity-1.10.1.aar (androidx.activity:activity:1.10.1) with AarTransform
Transforming material3-release.aar (androidx.compose.material3:material3-android:1.3.1) with ExtractAarTransform
Transforming material3-release.aar (androidx.compose.material3:material3-android:1.3.1) with AarTransform
Transforming coil-compose-2.7.0.aar (io.coil-kt:coil-compose:2.7.0) with ExtractAarTransform
Transforming coil-compose-2.7.0.aar (io.coil-kt:coil-compose:2.7.0) with AarTransform
Transforming coil-compose-base-2.7.0.aar (io.coil-kt:coil-compose-base:2.7.0) with ExtractAarTransform
Transforming coil-compose-base-2.7.0.aar (io.coil-kt:coil-compose-base:2.7.0) with AarTransform
Transforming animation-core-release.aar (androidx.compose.animation:animation-core-android:1.7.8) with ExtractAarTransform
Transforming animation-core-release.aar (androidx.compose.animation:animation-core-android:1.7.8) with AarTransform
Transforming material-ripple-release.aar (androidx.compose.material:material-ripple-android:1.7.8) with ExtractAarTransform
Transforming material-ripple-release.aar (androidx.compose.material:material-ripple-android:1.7.8) with AarTransform
Transforming animation-release.aar (androidx.compose.animation:animation-android:1.7.8) with ExtractAarTransform
Transforming animation-release.aar (androidx.compose.animation:animation-android:1.7.8) with AarTransform
Transforming foundation-layout-release.aar (androidx.compose.foundation:foundation-layout-android:1.7.8) with ExtractAarTransform
Transforming foundation-layout-release.aar (androidx.compose.foundation:foundation-layout-android:1.7.8) with AarTransform
Transforming foundation-release.aar (androidx.compose.foundation:foundation-android:1.7.8) with ExtractAarTransform
Transforming foundation-release.aar (androidx.compose.foundation:foundation-android:1.7.8) with AarTransform
Transforming ui-unit-release.aar (androidx.compose.ui:ui-unit-android:1.7.8) with ExtractAarTransform
Transforming ui-unit-release.aar (androidx.compose.ui:ui-unit-android:1.7.8) with AarTransform
Transforming ui-geometry-release.aar (androidx.compose.ui:ui-geometry-android:1.7.8) with ExtractAarTransform
Transforming ui-geometry-release.aar (androidx.compose.ui:ui-geometry-android:1.7.8) with AarTransform
Transforming ui-util-release.aar (androidx.compose.ui:ui-util-android:1.7.8) with ExtractAarTransform
Transforming ui-util-release.aar (androidx.compose.ui:ui-util-android:1.7.8) with AarTransform
Transforming ui-text-release.aar (androidx.compose.ui:ui-text-android:1.7.8) with ExtractAarTransform
Transforming ui-text-release.aar (androidx.compose.ui:ui-text-android:1.7.8) with AarTransform
Transforming ui-tooling-preview-release.aar (androidx.compose.ui:ui-tooling-preview-android:1.7.8) with ExtractAarTransform
Transforming ui-tooling-preview-release.aar (androidx.compose.ui:ui-tooling-preview-android:1.7.8) with AarTransform
Transforming ui-graphics-release.aar (androidx.compose.ui:ui-graphics-android:1.7.8) with ExtractAarTransform
Transforming ui-graphics-release.aar (androidx.compose.ui:ui-graphics-android:1.7.8) with AarTransform
Transforming autofill-1.0.0.aar (androidx.autofill:autofill:1.0.0) with ExtractAarTransform
Transforming autofill-1.0.0.aar (androidx.autofill:autofill:1.0.0) with AarTransform
Transforming graphics-path-1.0.1.aar (androidx.graphics:graphics-path:1.0.1) with ExtractAarTransform
Transforming graphics-path-1.0.1.aar (androidx.graphics:graphics-path:1.0.1) with AarTransform
Transforming coil-2.7.0.aar (io.coil-kt:coil:2.7.0) with ExtractAarTransform
Transforming coil-2.7.0.aar (io.coil-kt:coil:2.7.0) with AarTransform
Transforming coil-base-2.7.0.aar (io.coil-kt:coil-base:2.7.0) with ExtractAarTransform
Transforming coil-base-2.7.0.aar (io.coil-kt:coil-base:2.7.0) with AarTransform
Transforming appcompat-resources-1.6.1.aar (androidx.appcompat:appcompat-resources:1.6.1) with ExtractAarTransform
Transforming appcompat-resources-1.6.1.aar (androidx.appcompat:appcompat-resources:1.6.1) with AarTransform
Transforming vectordrawable-animated-1.1.0.aar (androidx.vectordrawable:vectordrawable-animated:1.1.0) with ExtractAarTransform
Transforming vectordrawable-animated-1.1.0.aar (androidx.vectordrawable:vectordrawable-animated:1.1.0) with AarTransform
Transforming vectordrawable-1.1.0.aar (androidx.vectordrawable:vectordrawable:1.1.0) with ExtractAarTransform
Transforming vectordrawable-1.1.0.aar (androidx.vectordrawable:vectordrawable:1.1.0) with AarTransform
Transforming vectordrawable-1.1.0.aar (androidx.vectordrawable:vectordrawable:1.1.0) with ExtractAarTransform
Transforming vectordrawable-1.1.0.aar (androidx.vectordrawable:vectordrawable:1.1.0) with AarTransform
Transforming emoji2-1.3.0.aar (androidx.emoji2:emoji2:1.3.0) with ExtractAarTransform
Transforming emoji2-1.3.0.aar (androidx.emoji2:emoji2:1.3.0) with AarTransform
Transforming core-1.15.0.aar (androidx.core:core:1.15.0) with ExtractAarTransform
Transforming core-1.15.0.aar (androidx.core:core:1.15.0) with AarTransform
Transforming core-1.15.0.aar (androidx.core:core:1.15.0) with ExtractAarTransform
Transforming core-1.15.0.aar (androidx.core:core:1.15.0) with AarTransform
Transforming core-1.15.0.aar (androidx.core:core:1.15.0) with ExtractAarTransform
Transforming core-1.15.0.aar (androidx.core:core:1.15.0) with AarTransform
Transforming savedstate-ktx-1.2.1.aar (androidx.savedstate:savedstate-ktx:1.2.1) with ExtractAarTransform
Transforming savedstate-ktx-1.2.1.aar (androidx.savedstate:savedstate-ktx:1.2.1) with AarTransform
Transforming savedstate-1.2.1.aar (androidx.savedstate:savedstate:1.2.1) with ExtractAarTransform
Transforming savedstate-1.2.1.aar (androidx.savedstate:savedstate:1.2.1) with AarTransform
Transforming lifecycle-process-2.8.7.aar (androidx.lifecycle:lifecycle-process:2.8.7) with ExtractAarTransform
Transforming lifecycle-process-2.8.7.aar (androidx.lifecycle:lifecycle-process:2.8.7) with AarTransform
Transforming lifecycle-livedata-core-2.8.7.aar (androidx.lifecycle:lifecycle-livedata-core:2.8.7) with ExtractAarTransform
Transforming lifecycle-livedata-core-2.8.7.aar (androidx.lifecycle:lifecycle-livedata-core:2.8.7) with AarTransform
Transforming lifecycle-viewmodel-release.aar (androidx.lifecycle:lifecycle-viewmodel-android:2.8.7) with ExtractAarTransform
Transforming lifecycle-viewmodel-release.aar (androidx.lifecycle:lifecycle-viewmodel-android:2.8.7) with AarTransform
Transforming lifecycle-runtime-release.aar (androidx.lifecycle:lifecycle-runtime-android:2.8.7) with ExtractAarTransform
Transforming lifecycle-runtime-release.aar (androidx.lifecycle:lifecycle-runtime-android:2.8.7) with AarTransform
Transforming lifecycle-viewmodel-ktx-2.8.7.aar (androidx.lifecycle:lifecycle-viewmodel-ktx:2.8.7) with ExtractAarTransform
Transforming lifecycle-viewmodel-ktx-2.8.7.aar (androidx.lifecycle:lifecycle-viewmodel-ktx:2.8.7) with AarTransform
Transforming lifecycle-viewmodel-savedstate-2.8.7.aar (androidx.lifecycle:lifecycle-viewmodel-savedstate:2.8.7) with ExtractAarTransform
Transforming lifecycle-viewmodel-savedstate-2.8.7.aar (androidx.lifecycle:lifecycle-viewmodel-savedstate:2.8.7) with AarTransform
Transforming lifecycle-runtime-compose-release.aar (androidx.lifecycle:lifecycle-runtime-compose-android:2.8.7) with ExtractAarTransform
Transforming lifecycle-runtime-compose-release.aar (androidx.lifecycle:lifecycle-runtime-compose-android:2.8.7) with AarTransform
Transforming lifecycle-runtime-ktx-release.aar (androidx.lifecycle:lifecycle-runtime-ktx-android:2.8.7) with ExtractAarTransform
Transforming lifecycle-runtime-ktx-release.aar (androidx.lifecycle:lifecycle-runtime-ktx-android:2.8.7) with AarTransform
Transforming lifecycle-viewmodel-compose-release.aar (androidx.lifecycle:lifecycle-viewmodel-compose-android:2.8.7) with ExtractAarTransform
Transforming lifecycle-viewmodel-compose-release.aar (androidx.lifecycle:lifecycle-viewmodel-compose-android:2.8.7) with AarTransform
Transforming accompanist-drawablepainter-0.32.0.aar (com.google.accompanist:accompanist-drawablepainter:0.32.0) with ExtractAarTransform
Transforming accompanist-drawablepainter-0.32.0.aar (com.google.accompanist:accompanist-drawablepainter:0.32.0) with AarTransform
Transforming material-icons-extended-release.aar (androidx.compose.material:material-icons-extended-android:1.7.8) with ExtractAarTransform
Transforming material-icons-extended-release.aar (androidx.compose.material:material-icons-extended-android:1.7.8) with AarTransform
Transforming material-icons-core-release.aar (androidx.compose.material:material-icons-core-android:1.7.8) with ExtractAarTransform
Transforming material-icons-core-release.aar (androidx.compose.material:material-icons-core-android:1.7.8) with AarTransform
Transforming ui-release.aar (androidx.compose.ui:ui-android:1.7.8) with ExtractAarTransform
Transforming ui-release.aar (androidx.compose.ui:ui-android:1.7.8) with AarTransform
Transforming activity-ktx-1.10.1.aar (androidx.activity:activity-ktx:1.10.1) with ExtractAarTransform
Transforming activity-ktx-1.10.1.aar (androidx.activity:activity-ktx:1.10.1) with AarTransform
Transforming activity-compose-1.10.1.aar (androidx.activity:activity-compose:1.10.1) with ExtractAarTransform
Transforming activity-compose-1.10.1.aar (androidx.activity:activity-compose:1.10.1) with AarTransform
Transforming customview-poolingcontainer-1.0.0.aar (androidx.customview:customview-poolingcontainer:1.0.0) with ExtractAarTransform
Transforming customview-poolingcontainer-1.0.0.aar (androidx.customview:customview-poolingcontainer:1.0.0) with AarTransform
Transforming core-ktx-1.15.0.aar (androidx.core:core-ktx:1.15.0) with ExtractAarTransform
Transforming core-ktx-1.15.0.aar (androidx.core:core-ktx:1.15.0) with AarTransform
Transforming room-runtime-2.6.1.aar (androidx.room:room-runtime:2.6.1) with ExtractAarTransform
Transforming room-runtime-2.6.1.aar (androidx.room:room-runtime:2.6.1) with AarTransform
Transforming room-ktx-2.6.1.aar (androidx.room:room-ktx:2.6.1) with ExtractAarTransform
Transforming room-ktx-2.6.1.aar (androidx.room:room-ktx:2.6.1) with AarTransform
Transforming runtime-saveable-release.aar (androidx.compose.runtime:runtime-saveable-android:1.7.8) with ExtractAarTransform
Transforming runtime-saveable-release.aar (androidx.compose.runtime:runtime-saveable-android:1.7.8) with AarTransform
Transforming runtime-release.aar (androidx.compose.runtime:runtime-android:1.7.8) with ExtractAarTransform
Transforming runtime-release.aar (androidx.compose.runtime:runtime-android:1.7.8) with AarTransform
Transforming sqlite-framework-2.4.0.aar (androidx.sqlite:sqlite-framework:2.4.0) with ExtractAarTransform
Transforming sqlite-framework-2.4.0.aar (androidx.sqlite:sqlite-framework:2.4.0) with AarTransform
Transforming sqlite-2.4.0.aar (androidx.sqlite:sqlite:2.4.0) with ExtractAarTransform
Transforming sqlite-2.4.0.aar (androidx.sqlite:sqlite:2.4.0) with AarTransform
Transforming core-runtime-2.2.0.aar (androidx.arch.core:core-runtime:2.2.0) with ExtractAarTransform
Transforming core-runtime-2.2.0.aar (androidx.arch.core:core-runtime:2.2.0) with AarTransform
Transforming interpolator-1.0.0.aar (androidx.interpolator:interpolator:1.0.0) with ExtractAarTransform
Transforming interpolator-1.0.0.aar (androidx.interpolator:interpolator:1.0.0) with AarTransform
Transforming interpolator-1.0.0.aar (androidx.interpolator:interpolator:1.0.0) with ExtractAarTransform
Transforming interpolator-1.0.0.aar (androidx.interpolator:interpolator:1.0.0) with AarTransform
Transforming profileinstaller-1.4.0.aar (androidx.profileinstaller:profileinstaller:1.4.0) with ExtractAarTransform
Transforming profileinstaller-1.4.0.aar (androidx.profileinstaller:profileinstaller:1.4.0) with AarTransform
Transforming startup-runtime-1.1.1.aar (androidx.startup:startup-runtime:1.1.1) with ExtractAarTransform
Transforming startup-runtime-1.1.1.aar (androidx.startup:startup-runtime:1.1.1) with AarTransform
Transforming tracing-1.2.0.aar (androidx.tracing:tracing:1.2.0) with ExtractAarTransform
Transforming tracing-1.2.0.aar (androidx.tracing:tracing:1.2.0) with AarTransform
Transforming versionedparcelable-1.1.1.aar (androidx.versionedparcelable:versionedparcelable:1.1.1) with ExtractAarTransform
Transforming versionedparcelable-1.1.1.aar (androidx.versionedparcelable:versionedparcelable:1.1.1) with AarTransform
Transforming exifinterface-1.3.7.aar (androidx.exifinterface:exifinterface:1.3.7) with ExtractAarTransform
Transforming exifinterface-1.3.7.aar (androidx.exifinterface:exifinterface:1.3.7) with AarTransform
Transforming annotation-experimental-1.4.1.aar (androidx.annotation:annotation-experimental:1.4.1) with ExtractAarTransform
Transforming annotation-experimental-1.4.1.aar (androidx.annotation:annotation-experimental:1.4.1) with AarTransform
Transforming core-viewtree-1.0.0.aar (androidx.core:core-viewtree:1.0.0) with ExtractAarTransform
Transforming core-viewtree-1.0.0.aar (androidx.core:core-viewtree:1.0.0) with AarTransform
Caching disabled for task ':app:mergeReleaseArtProfile' because:
  Build cache is disabled
  Simple merging task
Task ':app:mergeReleaseArtProfile' is not up-to-date because:
  No history is available.
file or directory '/home/runner/work/beltflow/beltflow/app/src/main/baselineProfiles', not found
file or directory '/home/runner/work/beltflow/beltflow/app/src/release/baselineProfiles', not found
Resolve mutations for :app:kspReleaseKotlin (Thread[Execution worker Thread 2,5,main]) started.
:app:kspReleaseKotlin (Thread[Execution worker Thread 3,5,main]) started.

> Task :app:bundleReleaseResources
Caching disabled for task ':app:bundleReleaseResources' because:
  Build cache is disabled
Task ':app:bundleReleaseResources' is not up-to-date because:
  No history is available.
Aapt output file /home/runner/work/beltflow/beltflow/app/build/intermediates/linked_resources_for_bundle_proto_format/release/bundleReleaseResources/linked-resources-proto-format.ap_

> Task :app:mergeExtDexRelease
Transforming navigation-common-2.8.8.aar (androidx.navigation:navigation-common:2.8.8) with AarToClassTransform
Transforming navigation-common-2.8.8.aar (androidx.navigation:navigation-common:2.8.8) with IdentityTransform
Transforming navigation-runtime-2.8.8.aar (androidx.navigation:navigation-runtime:2.8.8) with AarToClassTransform
Transforming navigation-runtime-2.8.8.aar (androidx.navigation:navigation-runtime:2.8.8) with IdentityTransform
Transforming navigation-common-ktx-2.8.8.aar (androidx.navigation:navigation-common-ktx:2.8.8) with AarToClassTransform
Transforming navigation-common-ktx-2.8.8.aar (androidx.navigation:navigation-common-ktx:2.8.8) with IdentityTransform
Transforming navigation-runtime-ktx-2.8.8.aar (androidx.navigation:navigation-runtime-ktx:2.8.8) with AarToClassTransform
Transforming navigation-runtime-ktx-2.8.8.aar (androidx.navigation:navigation-runtime-ktx:2.8.8) with IdentityTransform
Transforming navigation-compose-2.8.8.aar (androidx.navigation:navigation-compose:2.8.8) with AarToClassTransform
Transforming navigation-compose-2.8.8.aar (androidx.navigation:navigation-compose:2.8.8) with IdentityTransform
Transforming activity-1.10.1.aar (androidx.activity:activity:1.10.1) with AarToClassTransform
Transforming activity-1.10.1.aar (androidx.activity:activity:1.10.1) with IdentityTransform
Transforming material3-release.aar (androidx.compose.material3:material3-android:1.3.1) with AarToClassTransform
Transforming material3-release.aar (androidx.compose.material3:material3-android:1.3.1) with IdentityTransform
Transforming coil-compose-2.7.0.aar (io.coil-kt:coil-compose:2.7.0) with AarToClassTransform
Transforming coil-compose-2.7.0.aar (io.coil-kt:coil-compose:2.7.0) with IdentityTransform
Transforming coil-compose-base-2.7.0.aar (io.coil-kt:coil-compose-base:2.7.0) with AarToClassTransform
Transforming coil-compose-base-2.7.0.aar (io.coil-kt:coil-compose-base:2.7.0) with IdentityTransform
Transforming animation-core-release.aar (androidx.compose.animation:animation-core-android:1.7.8) with AarToClassTransform
Transforming animation-core-release.aar (androidx.compose.animation:animation-core-android:1.7.8) with IdentityTransform
Transforming navigation-common-2.8.8.aar (androidx.navigation:navigation-common:2.8.8) with DexingNoClasspathTransform
Transforming material-ripple-release.aar (androidx.compose.material:material-ripple-android:1.7.8) with AarToClassTransform
Transforming material-ripple-release.aar (androidx.compose.material:material-ripple-android:1.7.8) with IdentityTransform
Transforming animation-release.aar (androidx.compose.animation:animation-android:1.7.8) with AarToClassTransform
Transforming animation-release.aar (androidx.compose.animation:animation-android:1.7.8) with IdentityTransform
Transforming foundation-layout-release.aar (androidx.compose.foundation:foundation-layout-android:1.7.8) with AarToClassTransform
Transforming foundation-layout-release.aar (androidx.compose.foundation:foundation-layout-android:1.7.8) with IdentityTransform
Transforming foundation-release.aar (androidx.compose.foundation:foundation-android:1.7.8) with AarToClassTransform
Transforming foundation-release.aar (androidx.compose.foundation:foundation-android:1.7.8) with IdentityTransform
Transforming ui-unit-release.aar (androidx.compose.ui:ui-unit-android:1.7.8) with AarToClassTransform
Transforming ui-unit-release.aar (androidx.compose.ui:ui-unit-android:1.7.8) with IdentityTransform
Transforming ui-geometry-release.aar (androidx.compose.ui:ui-geometry-android:1.7.8) with AarToClassTransform
Transforming ui-geometry-release.aar (androidx.compose.ui:ui-geometry-android:1.7.8) with IdentityTransform
Transforming ui-util-release.aar (androidx.compose.ui:ui-util-android:1.7.8) with AarToClassTransform
Transforming navigation-runtime-2.8.8.aar (androidx.navigation:navigation-runtime:2.8.8) with DexingNoClasspathTransform
Transforming navigation-common-2.8.8.aar (androidx.navigation:navigation-common:2.8.8) with DexingOutputSplitTransform
Transforming navigation-runtime-2.8.8.aar (androidx.navigation:navigation-runtime:2.8.8) with DexingOutputSplitTransform
Transforming ui-util-release.aar (androidx.compose.ui:ui-util-android:1.7.8) with IdentityTransform
Transforming ui-text-release.aar (androidx.compose.ui:ui-text-android:1.7.8) with AarToClassTransform
Transforming ui-text-release.aar (androidx.compose.ui:ui-text-android:1.7.8) with IdentityTransform
Transforming navigation-runtime-ktx-2.8.8.aar (androidx.navigation:navigation-runtime-ktx:2.8.8) with DexingNoClasspathTransform
Transforming ui-tooling-preview-release.aar (androidx.compose.ui:ui-tooling-preview-android:1.7.8) with AarToClassTransform
Transforming ui-tooling-preview-release.aar (androidx.compose.ui:ui-tooling-preview-android:1.7.8) with IdentityTransform
Transforming ui-graphics-release.aar (androidx.compose.ui:ui-graphics-android:1.7.8) with AarToClassTransform
Transforming ui-graphics-release.aar (androidx.compose.ui:ui-graphics-android:1.7.8) with IdentityTransform
Transforming autofill-1.0.0.aar (androidx.autofill:autofill:1.0.0) with AarToClassTransform
Transforming autofill-1.0.0.aar (androidx.autofill:autofill:1.0.0) with IdentityTransform
Transforming graphics-path-1.0.1.aar (androidx.graphics:graphics-path:1.0.1) with AarToClassTransform
Transforming graphics-path-1.0.1.aar (androidx.graphics:graphics-path:1.0.1) with IdentityTransform
Transforming coil-2.7.0.aar (io.coil-kt:coil:2.7.0) with AarToClassTransform
Transforming coil-2.7.0.aar (io.coil-kt:coil:2.7.0) with IdentityTransform
Transforming coil-base-2.7.0.aar (io.coil-kt:coil-base:2.7.0) with AarToClassTransform
Transforming coil-base-2.7.0.aar (io.coil-kt:coil-base:2.7.0) with IdentityTransform
Transforming appcompat-resources-1.6.1.aar (androidx.appcompat:appcompat-resources:1.6.1) with AarToClassTransform
Transforming navigation-compose-2.8.8.aar (androidx.navigation:navigation-compose:2.8.8) with DexingNoClasspathTransform
Transforming navigation-runtime-ktx-2.8.8.aar (androidx.navigation:navigation-runtime-ktx:2.8.8) with DexingOutputSplitTransform
Transforming navigation-compose-2.8.8.aar (androidx.navigation:navigation-compose:2.8.8) with DexingOutputSplitTransform
Transforming activity-1.10.1.aar (androidx.activity:activity:1.10.1) with DexingNoClasspathTransform
Transforming appcompat-resources-1.6.1.aar (androidx.appcompat:appcompat-resources:1.6.1) with IdentityTransform
Transforming vectordrawable-animated-1.1.0.aar (androidx.vectordrawable:vectordrawable-animated:1.1.0) with AarToClassTransform
Transforming vectordrawable-animated-1.1.0.aar (androidx.vectordrawable:vectordrawable-animated:1.1.0) with IdentityTransform
Transforming vectordrawable-1.1.0.aar (androidx.vectordrawable:vectordrawable:1.1.0) with AarToClassTransform
Transforming vectordrawable-1.1.0.aar (androidx.vectordrawable:vectordrawable:1.1.0) with IdentityTransform
Transforming vectordrawable-1.1.0.aar (androidx.vectordrawable:vectordrawable:1.1.0) with AarToClassTransform
Transforming vectordrawable-1.1.0.aar (androidx.vectordrawable:vectordrawable:1.1.0) with IdentityTransform
Transforming emoji2-1.3.0.aar (androidx.emoji2:emoji2:1.3.0) with AarToClassTransform
Transforming emoji2-1.3.0.aar (androidx.emoji2:emoji2:1.3.0) with IdentityTransform
Transforming core-1.15.0.aar (androidx.core:core:1.15.0) with AarToClassTransform
Transforming core-1.15.0.aar (androidx.core:core:1.15.0) with IdentityTransform
Transforming material3-release.aar (androidx.compose.material3:material3-android:1.3.1) with DexingNoClasspathTransform
Transforming core-1.15.0.aar (androidx.core:core:1.15.0) with AarToClassTransform
Transforming core-1.15.0.aar (androidx.core:core:1.15.0) with IdentityTransform
Transforming core-1.15.0.aar (androidx.core:core:1.15.0) with AarToClassTransform
Transforming core-1.15.0.aar (androidx.core:core:1.15.0) with IdentityTransform
Transforming savedstate-ktx-1.2.1.aar (androidx.savedstate:savedstate-ktx:1.2.1) with AarToClassTransform
Transforming savedstate-ktx-1.2.1.aar (androidx.savedstate:savedstate-ktx:1.2.1) with IdentityTransform
Transforming savedstate-1.2.1.aar (androidx.savedstate:savedstate:1.2.1) with AarToClassTransform
Transforming savedstate-1.2.1.aar (androidx.savedstate:savedstate:1.2.1) with IdentityTransform
Transforming lifecycle-process-2.8.7.aar (androidx.lifecycle:lifecycle-process:2.8.7) with AarToClassTransform
Transforming lifecycle-process-2.8.7.aar (androidx.lifecycle:lifecycle-process:2.8.7) with IdentityTransform
Transforming activity-1.10.1.aar (androidx.activity:activity:1.10.1) with DexingOutputSplitTransform
Transforming lifecycle-common-java8-2.8.7.jar (androidx.lifecycle:lifecycle-common-java8:2.8.7) with IdentityTransform
Transforming lifecycle-common-java8-2.8.7.jar (androidx.lifecycle:lifecycle-common-java8:2.8.7) with IdentityTransform
Transforming lifecycle-common-java8-2.8.7.jar (androidx.lifecycle:lifecycle-common-java8:2.8.7) with DexingNoClasspathTransform
Transforming lifecycle-livedata-core-2.8.7.aar (androidx.lifecycle:lifecycle-livedata-core:2.8.7) with AarToClassTransform
Transforming lifecycle-livedata-core-2.8.7.aar (androidx.lifecycle:lifecycle-livedata-core:2.8.7) with IdentityTransform
Transforming lifecycle-viewmodel-release.aar (androidx.lifecycle:lifecycle-viewmodel-android:2.8.7) with AarToClassTransform
Transforming lifecycle-viewmodel-release.aar (androidx.lifecycle:lifecycle-viewmodel-android:2.8.7) with IdentityTransform
Transforming lifecycle-common-jvm-2.8.7.jar (androidx.lifecycle:lifecycle-common-jvm:2.8.7) with IdentityTransform
Transforming lifecycle-common-jvm-2.8.7.jar (androidx.lifecycle:lifecycle-common-jvm:2.8.7) with IdentityTransform
Transforming lifecycle-common-jvm-2.8.7.jar (androidx.lifecycle:lifecycle-common-jvm:2.8.7) with DexingNoClasspathTransform
Transforming lifecycle-runtime-release.aar (androidx.lifecycle:lifecycle-runtime-android:2.8.7) with AarToClassTransform
Transforming lifecycle-runtime-release.aar (androidx.lifecycle:lifecycle-runtime-android:2.8.7) with IdentityTransform
Transforming lifecycle-viewmodel-ktx-2.8.7.aar (androidx.lifecycle:lifecycle-viewmodel-ktx:2.8.7) with AarToClassTransform
Transforming lifecycle-viewmodel-ktx-2.8.7.aar (androidx.lifecycle:lifecycle-viewmodel-ktx:2.8.7) with IdentityTransform
Transforming lifecycle-viewmodel-savedstate-2.8.7.aar (androidx.lifecycle:lifecycle-viewmodel-savedstate:2.8.7) with AarToClassTransform
Transforming lifecycle-viewmodel-savedstate-2.8.7.aar (androidx.lifecycle:lifecycle-viewmodel-savedstate:2.8.7) with IdentityTransform
Transforming material3-release.aar (androidx.compose.material3:material3-android:1.3.1) with DexingOutputSplitTransform
Transforming lifecycle-runtime-compose-release.aar (androidx.lifecycle:lifecycle-runtime-compose-android:2.8.7) with AarToClassTransform
Transforming lifecycle-runtime-compose-release.aar (androidx.lifecycle:lifecycle-runtime-compose-android:2.8.7) with IdentityTransform
Transforming lifecycle-runtime-ktx-release.aar (androidx.lifecycle:lifecycle-runtime-ktx-android:2.8.7) with AarToClassTransform
Transforming lifecycle-runtime-ktx-release.aar (androidx.lifecycle:lifecycle-runtime-ktx-android:2.8.7) with IdentityTransform
Transforming lifecycle-viewmodel-compose-release.aar (androidx.lifecycle:lifecycle-viewmodel-compose-android:2.8.7) with AarToClassTransform
Transforming lifecycle-viewmodel-compose-release.aar (androidx.lifecycle:lifecycle-viewmodel-compose-android:2.8.7) with IdentityTransform
Transforming accompanist-drawablepainter-0.32.0.aar (com.google.accompanist:accompanist-drawablepainter:0.32.0) with AarToClassTransform
Transforming accompanist-drawablepainter-0.32.0.aar (com.google.accompanist:accompanist-drawablepainter:0.32.0) with IdentityTransform
Transforming material-icons-extended-release.aar (androidx.compose.material:material-icons-extended-android:1.7.8) with AarToClassTransform
Transforming coil-compose-2.7.0.aar (io.coil-kt:coil-compose:2.7.0) with DexingNoClasspathTransform
Transforming coil-compose-base-2.7.0.aar (io.coil-kt:coil-compose-base:2.7.0) with DexingNoClasspathTransform
Transforming material-icons-extended-release.aar (androidx.compose.material:material-icons-extended-android:1.7.8) with IdentityTransform
Transforming material-icons-core-release.aar (androidx.compose.material:material-icons-core-android:1.7.8) with AarToClassTransform
Transforming coil-compose-2.7.0.aar (io.coil-kt:coil-compose:2.7.0) with DexingOutputSplitTransform
Transforming material-icons-core-release.aar (androidx.compose.material:material-icons-core-android:1.7.8) with IdentityTransform
Transforming ui-release.aar (androidx.compose.ui:ui-android:1.7.8) with AarToClassTransform
Transforming ui-release.aar (androidx.compose.ui:ui-android:1.7.8) with IdentityTransform
Transforming activity-ktx-1.10.1.aar (androidx.activity:activity-ktx:1.10.1) with AarToClassTransform
Transforming activity-ktx-1.10.1.aar (androidx.activity:activity-ktx:1.10.1) with IdentityTransform
Transforming activity-compose-1.10.1.aar (androidx.activity:activity-compose:1.10.1) with AarToClassTransform
Transforming activity-compose-1.10.1.aar (androidx.activity:activity-compose:1.10.1) with IdentityTransform
Transforming customview-poolingcontainer-1.0.0.aar (androidx.customview:customview-poolingcontainer:1.0.0) with AarToClassTransform
Transforming customview-poolingcontainer-1.0.0.aar (androidx.customview:customview-poolingcontainer:1.0.0) with IdentityTransform
Transforming core-ktx-1.15.0.aar (androidx.core:core-ktx:1.15.0) with AarToClassTransform
Transforming core-ktx-1.15.0.aar (androidx.core:core-ktx:1.15.0) with IdentityTransform
Transforming room-common-2.6.1.jar (androidx.room:room-common:2.6.1) with IdentityTransform
Transforming room-common-2.6.1.jar (androidx.room:room-common:2.6.1) with IdentityTransform
Transforming room-common-2.6.1.jar (androidx.room:room-common:2.6.1) with DexingNoClasspathTransform
Transforming coil-compose-base-2.7.0.aar (io.coil-kt:coil-compose-base:2.7.0) with DexingOutputSplitTransform
Transforming room-runtime-2.6.1.aar (androidx.room:room-runtime:2.6.1) with AarToClassTransform
Transforming room-runtime-2.6.1.aar (androidx.room:room-runtime:2.6.1) with IdentityTransform
Transforming room-ktx-2.6.1.aar (androidx.room:room-ktx:2.6.1) with AarToClassTransform
Transforming room-ktx-2.6.1.aar (androidx.room:room-ktx:2.6.1) with IdentityTransform
Transforming runtime-saveable-release.aar (androidx.compose.runtime:runtime-saveable-android:1.7.8) with AarToClassTransform
Transforming runtime-saveable-release.aar (androidx.compose.runtime:runtime-saveable-android:1.7.8) with IdentityTransform
Transforming runtime-release.aar (androidx.compose.runtime:runtime-android:1.7.8) with AarToClassTransform
Transforming runtime-release.aar (androidx.compose.runtime:runtime-android:1.7.8) with IdentityTransform
Transforming kotlinx-coroutines-core-jvm-1.10.1.jar (org.jetbrains.kotlinx:kotlinx-coroutines-core-jvm:1.10.1) with IdentityTransform
Transforming kotlinx-coroutines-core-jvm-1.10.1.jar (org.jetbrains.kotlinx:kotlinx-coroutines-core-jvm:1.10.1) with IdentityTransform
Transforming kotlinx-coroutines-core-jvm-1.10.1.jar (org.jetbrains.kotlinx:kotlinx-coroutines-core-jvm:1.10.1) with DexingNoClasspathTransform
Transforming kotlinx-coroutines-android-1.10.1.jar (org.jetbrains.kotlinx:kotlinx-coroutines-android:1.10.1) with IdentityTransform
Transforming kotlinx-coroutines-android-1.10.1.jar (org.jetbrains.kotlinx:kotlinx-coroutines-android:1.10.1) with IdentityTransform
Transforming kotlinx-coroutines-android-1.10.1.jar (org.jetbrains.kotlinx:kotlinx-coroutines-android:1.10.1) with DexingNoClasspathTransform
Transforming kotlinx-serialization-core-jvm-1.8.0.jar (org.jetbrains.kotlinx:kotlinx-serialization-core-jvm:1.8.0) with IdentityTransform
Transforming kotlinx-serialization-core-jvm-1.8.0.jar (org.jetbrains.kotlinx:kotlinx-serialization-core-jvm:1.8.0) with IdentityTransform
Transforming kotlinx-serialization-core-jvm-1.8.0.jar (org.jetbrains.kotlinx:kotlinx-serialization-core-jvm:1.8.0) with DexingNoClasspathTransform
Transforming kotlinx-serialization-json-jvm-1.8.0.jar (org.jetbrains.kotlinx:kotlinx-serialization-json-jvm:1.8.0) with IdentityTransform
Transforming kotlinx-serialization-json-jvm-1.8.0.jar (org.jetbrains.kotlinx:kotlinx-serialization-json-jvm:1.8.0) with IdentityTransform
Transforming kotlinx-serialization-json-jvm-1.8.0.jar (org.jetbrains.kotlinx:kotlinx-serialization-json-jvm:1.8.0) with DexingNoClasspathTransform
Transforming sqlite-framework-2.4.0.aar (androidx.sqlite:sqlite-framework:2.4.0) with AarToClassTransform
Transforming sqlite-framework-2.4.0.aar (androidx.sqlite:sqlite-framework:2.4.0) with IdentityTransform
Transforming sqlite-2.4.0.aar (androidx.sqlite:sqlite:2.4.0) with AarToClassTransform
Transforming animation-core-release.aar (androidx.compose.animation:animation-core-android:1.7.8) with DexingNoClasspathTransform
Transforming material-ripple-release.aar (androidx.compose.material:material-ripple-android:1.7.8) with DexingNoClasspathTransform
Transforming animation-core-release.aar (androidx.compose.animation:animation-core-android:1.7.8) with DexingOutputSplitTransform
Transforming material-ripple-release.aar (androidx.compose.material:material-ripple-android:1.7.8) with DexingOutputSplitTransform
Transforming sqlite-2.4.0.aar (androidx.sqlite:sqlite:2.4.0) with IdentityTransform
Transforming core-runtime-2.2.0.aar (androidx.arch.core:core-runtime:2.2.0) with AarToClassTransform
Transforming core-runtime-2.2.0.aar (androidx.arch.core:core-runtime:2.2.0) with IdentityTransform
Transforming interpolator-1.0.0.aar (androidx.interpolator:interpolator:1.0.0) with AarToClassTransform
Transforming interpolator-1.0.0.aar (androidx.interpolator:interpolator:1.0.0) with IdentityTransform
Transforming interpolator-1.0.0.aar (androidx.interpolator:interpolator:1.0.0) with AarToClassTransform
Transforming interpolator-1.0.0.aar (androidx.interpolator:interpolator:1.0.0) with IdentityTransform
Transforming profileinstaller-1.4.0.aar (androidx.profileinstaller:profileinstaller:1.4.0) with AarToClassTransform
Transforming animation-release.aar (androidx.compose.animation:animation-android:1.7.8) with DexingNoClasspathTransform
Transforming profileinstaller-1.4.0.aar (androidx.profileinstaller:profileinstaller:1.4.0) with IdentityTransform
Transforming startup-runtime-1.1.1.aar (androidx.startup:startup-runtime:1.1.1) with AarToClassTransform
Transforming startup-runtime-1.1.1.aar (androidx.startup:startup-runtime:1.1.1) with IdentityTransform
Transforming tracing-1.2.0.aar (androidx.tracing:tracing:1.2.0) with AarToClassTransform
Transforming tracing-1.2.0.aar (androidx.tracing:tracing:1.2.0) with IdentityTransform
Transforming versionedparcelable-1.1.1.aar (androidx.versionedparcelable:versionedparcelable:1.1.1) with AarToClassTransform
Transforming versionedparcelable-1.1.1.aar (androidx.versionedparcelable:versionedparcelable:1.1.1) with IdentityTransform
Transforming core-common-2.2.0.jar (androidx.arch.core:core-common:2.2.0) with IdentityTransform
Transforming core-common-2.2.0.jar (androidx.arch.core:core-common:2.2.0) with IdentityTransform
Transforming core-common-2.2.0.jar (androidx.arch.core:core-common:2.2.0) with DexingNoClasspathTransform
Transforming foundation-layout-release.aar (androidx.compose.foundation:foundation-layout-android:1.7.8) with DexingNoClasspathTransform
Transforming animation-release.aar (androidx.compose.animation:animation-android:1.7.8) with DexingOutputSplitTransform
Transforming foundation-layout-release.aar (androidx.compose.foundation:foundation-layout-android:1.7.8) with DexingOutputSplitTransform
Transforming exifinterface-1.3.7.aar (androidx.exifinterface:exifinterface:1.3.7) with AarToClassTransform
Transforming exifinterface-1.3.7.aar (androidx.exifinterface:exifinterface:1.3.7) with IdentityTransform
Transforming concurrent-futures-1.1.0.jar (androidx.concurrent:concurrent-futures:1.1.0) with IdentityTransform
Transforming concurrent-futures-1.1.0.jar (androidx.concurrent:concurrent-futures:1.1.0) with IdentityTransform
Transforming concurrent-futures-1.1.0.jar (androidx.concurrent:concurrent-futures:1.1.0) with DexingNoClasspathTransform
Transforming collection-ktx-1.4.4.jar (androidx.collection:collection-ktx:1.4.4) with IdentityTransform
Transforming foundation-release.aar (androidx.compose.foundation:foundation-android:1.7.8) with DexingNoClasspathTransform
Transforming collection-ktx-1.4.4.jar (androidx.collection:collection-ktx:1.4.4) with IdentityTransform
Transforming collection-ktx-1.4.4.jar (androidx.collection:collection-ktx:1.4.4) with DexingNoClasspathTransform
Transforming collection-jvm-1.4.4.jar (androidx.collection:collection-jvm:1.4.4) with IdentityTransform
Transforming collection-jvm-1.4.4.jar (androidx.collection:collection-jvm:1.4.4) with IdentityTransform
Transforming collection-jvm-1.4.4.jar (androidx.collection:collection-jvm:1.4.4) with DexingNoClasspathTransform
Transforming annotation-jvm-1.8.1.jar (androidx.annotation:annotation-jvm:1.8.1) with IdentityTransform
Transforming annotation-jvm-1.8.1.jar (androidx.annotation:annotation-jvm:1.8.1) with IdentityTransform
Transforming annotation-jvm-1.8.1.jar (androidx.annotation:annotation-jvm:1.8.1) with DexingNoClasspathTransform
Transforming annotation-experimental-1.4.1.aar (androidx.annotation:annotation-experimental:1.4.1) with AarToClassTransform
Transforming annotation-experimental-1.4.1.aar (androidx.annotation:annotation-experimental:1.4.1) with IdentityTransform
Transforming ui-unit-release.aar (androidx.compose.ui:ui-unit-android:1.7.8) with DexingNoClasspathTransform
Transforming core-viewtree-1.0.0.aar (androidx.core:core-viewtree:1.0.0) with AarToClassTransform
Transforming core-viewtree-1.0.0.aar (androidx.core:core-viewtree:1.0.0) with IdentityTransform
Transforming okhttp-4.12.0.jar (com.squareup.okhttp3:okhttp:4.12.0) with IdentityTransform
Transforming okhttp-4.12.0.jar (com.squareup.okhttp3:okhttp:4.12.0) with IdentityTransform
Transforming okhttp-4.12.0.jar (com.squareup.okhttp3:okhttp:4.12.0) with DexingNoClasspathTransform
Transforming kotlin-stdlib-jdk8-1.9.0.jar (org.jetbrains.kotlin:kotlin-stdlib-jdk8:1.9.0) with IdentityTransform
Transforming kotlin-stdlib-jdk8-1.9.0.jar (org.jetbrains.kotlin:kotlin-stdlib-jdk8:1.9.0) with IdentityTransform
Transforming kotlin-stdlib-jdk8-1.9.0.jar (org.jetbrains.kotlin:kotlin-stdlib-jdk8:1.9.0) with DexingNoClasspathTransform
Transforming okio-jvm-3.9.0.jar (com.squareup.okio:okio-jvm:3.9.0) with IdentityTransform
Transforming okio-jvm-3.9.0.jar (com.squareup.okio:okio-jvm:3.9.0) with IdentityTransform
Transforming okio-jvm-3.9.0.jar (com.squareup.okio:okio-jvm:3.9.0) with DexingNoClasspathTransform
Transforming kotlin-stdlib-jdk7-1.9.0.jar (org.jetbrains.kotlin:kotlin-stdlib-jdk7:1.9.0) with IdentityTransform
Transforming kotlin-stdlib-jdk7-1.9.0.jar (org.jetbrains.kotlin:kotlin-stdlib-jdk7:1.9.0) with IdentityTransform
Transforming kotlin-stdlib-jdk7-1.9.0.jar (org.jetbrains.kotlin:kotlin-stdlib-jdk7:1.9.0) with DexingNoClasspathTransform
Transforming kotlin-stdlib-2.1.10.jar (org.jetbrains.kotlin:kotlin-stdlib:2.1.10) with IdentityTransform
Transforming kotlin-stdlib-2.1.10.jar (org.jetbrains.kotlin:kotlin-stdlib:2.1.10) with IdentityTransform
Transforming kotlin-stdlib-2.1.10.jar (org.jetbrains.kotlin:kotlin-stdlib:2.1.10) with DexingNoClasspathTransform
Transforming annotations-23.0.0.jar (org.jetbrains:annotations:23.0.0) with IdentityTransform
Transforming annotations-23.0.0.jar (org.jetbrains:annotations:23.0.0) with IdentityTransform
Transforming annotations-23.0.0.jar (org.jetbrains:annotations:23.0.0) with DexingNoClasspathTransform
Transforming listenablefuture-1.0.jar (com.google.guava:listenablefuture:1.0) with IdentityTransform
Transforming listenablefuture-1.0.jar (com.google.guava:listenablefuture:1.0) with IdentityTransform
Transforming listenablefuture-1.0.jar (com.google.guava:listenablefuture:1.0) with DexingNoClasspathTransform
Transforming foundation-release.aar (androidx.compose.foundation:foundation-android:1.7.8) with DexingOutputSplitTransform
Transforming ui-unit-release.aar (androidx.compose.ui:ui-unit-android:1.7.8) with DexingOutputSplitTransform
Transforming ui-geometry-release.aar (androidx.compose.ui:ui-geometry-android:1.7.8) with DexingNoClasspathTransform
Transforming ui-util-release.aar (androidx.compose.ui:ui-util-android:1.7.8) with DexingNoClasspathTransform
Transforming ui-geometry-release.aar (androidx.compose.ui:ui-geometry-android:1.7.8) with DexingOutputSplitTransform
Transforming ui-tooling-preview-release.aar (androidx.compose.ui:ui-tooling-preview-android:1.7.8) with DexingNoClasspathTransform
Transforming ui-util-release.aar (androidx.compose.ui:ui-util-android:1.7.8) with DexingOutputSplitTransform
Transforming ui-text-release.aar (androidx.compose.ui:ui-text-android:1.7.8) with DexingNoClasspathTransform
Transforming ui-tooling-preview-release.aar (androidx.compose.ui:ui-tooling-preview-android:1.7.8) with DexingOutputSplitTransform
Transforming ui-text-release.aar (androidx.compose.ui:ui-text-android:1.7.8) with DexingOutputSplitTransform
Transforming ui-graphics-release.aar (androidx.compose.ui:ui-graphics-android:1.7.8) with DexingNoClasspathTransform
Transforming autofill-1.0.0.aar (androidx.autofill:autofill:1.0.0) with DexingNoClasspathTransform
Transforming ui-graphics-release.aar (androidx.compose.ui:ui-graphics-android:1.7.8) with DexingOutputSplitTransform
Transforming autofill-1.0.0.aar (androidx.autofill:autofill:1.0.0) with DexingOutputSplitTransform
Transforming graphics-path-1.0.1.aar (androidx.graphics:graphics-path:1.0.1) with DexingNoClasspathTransform
Transforming graphics-path-1.0.1.aar (androidx.graphics:graphics-path:1.0.1) with DexingOutputSplitTransform
Transforming coil-base-2.7.0.aar (io.coil-kt:coil-base:2.7.0) with DexingNoClasspathTransform
Transforming coil-2.7.0.aar (io.coil-kt:coil:2.7.0) with DexingNoClasspathTransform
Transforming appcompat-resources-1.6.1.aar (androidx.appcompat:appcompat-resources:1.6.1) with DexingNoClasspathTransform
Transforming coil-2.7.0.aar (io.coil-kt:coil:2.7.0) with DexingOutputSplitTransform
Transforming coil-base-2.7.0.aar (io.coil-kt:coil-base:2.7.0) with DexingOutputSplitTransform
Transforming appcompat-resources-1.6.1.aar (androidx.appcompat:appcompat-resources:1.6.1) with DexingOutputSplitTransform
Transforming vectordrawable-animated-1.1.0.aar (androidx.vectordrawable:vectordrawable-animated:1.1.0) with DexingNoClasspathTransform
Transforming vectordrawable-1.1.0.aar (androidx.vectordrawable:vectordrawable:1.1.0) with DexingNoClasspathTransform
Transforming vectordrawable-1.1.0.aar (androidx.vectordrawable:vectordrawable:1.1.0) with DexingNoClasspathTransform
Transforming vectordrawable-animated-1.1.0.aar (androidx.vectordrawable:vectordrawable-animated:1.1.0) with DexingOutputSplitTransform
Transforming vectordrawable-1.1.0.aar (androidx.vectordrawable:vectordrawable:1.1.0) with DexingOutputSplitTransform
Transforming vectordrawable-1.1.0.aar (androidx.vectordrawable:vectordrawable:1.1.0) with DexingOutputSplitTransform
Transforming emoji2-1.3.0.aar (androidx.emoji2:emoji2:1.3.0) with DexingNoClasspathTransform
Transforming core-1.15.0.aar (androidx.core:core:1.15.0) with DexingNoClasspathTransform
Transforming core-1.15.0.aar (androidx.core:core:1.15.0) with DexingNoClasspathTransform
Transforming emoji2-1.3.0.aar (androidx.emoji2:emoji2:1.3.0) with DexingOutputSplitTransform
Transforming core-1.15.0.aar (androidx.core:core:1.15.0) with DexingOutputSplitTransform
Transforming core-1.15.0.aar (androidx.core:core:1.15.0) with DexingOutputSplitTransform
Transforming savedstate-ktx-1.2.1.aar (androidx.savedstate:savedstate-ktx:1.2.1) with DexingNoClasspathTransform
Transforming lifecycle-process-2.8.7.aar (androidx.lifecycle:lifecycle-process:2.8.7) with DexingNoClasspathTransform
Transforming savedstate-1.2.1.aar (androidx.savedstate:savedstate:1.2.1) with DexingNoClasspathTransform
Transforming lifecycle-process-2.8.7.aar (androidx.lifecycle:lifecycle-process:2.8.7) with DexingOutputSplitTransform
Transforming savedstate-ktx-1.2.1.aar (androidx.savedstate:savedstate-ktx:1.2.1) with DexingOutputSplitTransform
Transforming savedstate-1.2.1.aar (androidx.savedstate:savedstate:1.2.1) with DexingOutputSplitTransform
Transforming lifecycle-common-java8-2.8.7.jar (androidx.lifecycle:lifecycle-common-java8:2.8.7) with DexingOutputSplitTransform
Transforming lifecycle-livedata-core-2.8.7.aar (androidx.lifecycle:lifecycle-livedata-core:2.8.7) with DexingNoClasspathTransform
Transforming lifecycle-viewmodel-release.aar (androidx.lifecycle:lifecycle-viewmodel-android:2.8.7) with DexingNoClasspathTransform
Transforming lifecycle-common-jvm-2.8.7.jar (androidx.lifecycle:lifecycle-common-jvm:2.8.7) with DexingOutputSplitTransform
Transforming lifecycle-livedata-core-2.8.7.aar (androidx.lifecycle:lifecycle-livedata-core:2.8.7) with DexingOutputSplitTransform
Transforming lifecycle-viewmodel-release.aar (androidx.lifecycle:lifecycle-viewmodel-android:2.8.7) with DexingOutputSplitTransform
Transforming lifecycle-runtime-release.aar (androidx.lifecycle:lifecycle-runtime-android:2.8.7) with DexingNoClasspathTransform
Transforming lifecycle-viewmodel-ktx-2.8.7.aar (androidx.lifecycle:lifecycle-viewmodel-ktx:2.8.7) with DexingNoClasspathTransform
Transforming lifecycle-runtime-release.aar (androidx.lifecycle:lifecycle-runtime-android:2.8.7) with DexingOutputSplitTransform
Transforming lifecycle-viewmodel-savedstate-2.8.7.aar (androidx.lifecycle:lifecycle-viewmodel-savedstate:2.8.7) with DexingNoClasspathTransform
Transforming lifecycle-viewmodel-ktx-2.8.7.aar (androidx.lifecycle:lifecycle-viewmodel-ktx:2.8.7) with DexingOutputSplitTransform
Transforming lifecycle-runtime-compose-release.aar (androidx.lifecycle:lifecycle-runtime-compose-android:2.8.7) with DexingNoClasspathTransform
Transforming lifecycle-viewmodel-savedstate-2.8.7.aar (androidx.lifecycle:lifecycle-viewmodel-savedstate:2.8.7) with DexingOutputSplitTransform
Transforming lifecycle-runtime-ktx-release.aar (androidx.lifecycle:lifecycle-runtime-ktx-android:2.8.7) with DexingNoClasspathTransform
Transforming lifecycle-runtime-compose-release.aar (androidx.lifecycle:lifecycle-runtime-compose-android:2.8.7) with DexingOutputSplitTransform
Transforming lifecycle-runtime-ktx-release.aar (androidx.lifecycle:lifecycle-runtime-ktx-android:2.8.7) with DexingOutputSplitTransform
Transforming lifecycle-viewmodel-compose-release.aar (androidx.lifecycle:lifecycle-viewmodel-compose-android:2.8.7) with DexingNoClasspathTransform
Transforming material-icons-extended-release.aar (androidx.compose.material:material-icons-extended-android:1.7.8) with DexingNoClasspathTransform
Transforming lifecycle-viewmodel-compose-release.aar (androidx.lifecycle:lifecycle-viewmodel-compose-android:2.8.7) with DexingOutputSplitTransform
Transforming material-icons-extended-release.aar (androidx.compose.material:material-icons-extended-android:1.7.8) with DexingOutputSplitTransform
Transforming accompanist-drawablepainter-0.32.0.aar (com.google.accompanist:accompanist-drawablepainter:0.32.0) with DexingNoClasspathTransform
Transforming accompanist-drawablepainter-0.32.0.aar (com.google.accompanist:accompanist-drawablepainter:0.32.0) with DexingOutputSplitTransform
Transforming material-icons-core-release.aar (androidx.compose.material:material-icons-core-android:1.7.8) with DexingNoClasspathTransform
Transforming ui-release.aar (androidx.compose.ui:ui-android:1.7.8) with DexingNoClasspathTransform
Transforming material-icons-core-release.aar (androidx.compose.material:material-icons-core-android:1.7.8) with DexingOutputSplitTransform
Transforming activity-ktx-1.10.1.aar (androidx.activity:activity-ktx:1.10.1) with DexingNoClasspathTransform
Transforming ui-release.aar (androidx.compose.ui:ui-android:1.7.8) with DexingOutputSplitTransform
Transforming activity-ktx-1.10.1.aar (androidx.activity:activity-ktx:1.10.1) with DexingOutputSplitTransform
Transforming activity-compose-1.10.1.aar (androidx.activity:activity-compose:1.10.1) with DexingNoClasspathTransform
Transforming customview-poolingcontainer-1.0.0.aar (androidx.customview:customview-poolingcontainer:1.0.0) with DexingNoClasspathTransform
Transforming activity-compose-1.10.1.aar (androidx.activity:activity-compose:1.10.1) with DexingOutputSplitTransform
Transforming core-ktx-1.15.0.aar (androidx.core:core-ktx:1.15.0) with DexingNoClasspathTransform
Transforming customview-poolingcontainer-1.0.0.aar (androidx.customview:customview-poolingcontainer:1.0.0) with DexingOutputSplitTransform
Transforming core-ktx-1.15.0.aar (androidx.core:core-ktx:1.15.0) with DexingOutputSplitTransform
Transforming room-common-2.6.1.jar (androidx.room:room-common:2.6.1) with DexingOutputSplitTransform
Transforming room-runtime-2.6.1.aar (androidx.room:room-runtime:2.6.1) with DexingNoClasspathTransform
Transforming room-ktx-2.6.1.aar (androidx.room:room-ktx:2.6.1) with DexingNoClasspathTransform
Transforming room-runtime-2.6.1.aar (androidx.room:room-runtime:2.6.1) with DexingOutputSplitTransform
Transforming runtime-saveable-release.aar (androidx.compose.runtime:runtime-saveable-android:1.7.8) with DexingNoClasspathTransform
Transforming room-ktx-2.6.1.aar (androidx.room:room-ktx:2.6.1) with DexingOutputSplitTransform
Transforming runtime-saveable-release.aar (androidx.compose.runtime:runtime-saveable-android:1.7.8) with DexingOutputSplitTransform
Transforming runtime-release.aar (androidx.compose.runtime:runtime-android:1.7.8) with DexingNoClasspathTransform
Transforming kotlinx-coroutines-core-jvm-1.10.1.jar (org.jetbrains.kotlinx:kotlinx-coroutines-core-jvm:1.10.1) with DexingOutputSplitTransform
Transforming runtime-release.aar (androidx.compose.runtime:runtime-android:1.7.8) with DexingOutputSplitTransform
Transforming kotlinx-coroutines-android-1.10.1.jar (org.jetbrains.kotlinx:kotlinx-coroutines-android:1.10.1) with DexingOutputSplitTransform
Transforming kotlinx-serialization-core-jvm-1.8.0.jar (org.jetbrains.kotlinx:kotlinx-serialization-core-jvm:1.8.0) with DexingOutputSplitTransform
Transforming kotlinx-serialization-json-jvm-1.8.0.jar (org.jetbrains.kotlinx:kotlinx-serialization-json-jvm:1.8.0) with DexingOutputSplitTransform
Transforming sqlite-framework-2.4.0.aar (androidx.sqlite:sqlite-framework:2.4.0) with DexingNoClasspathTransform
Transforming sqlite-2.4.0.aar (androidx.sqlite:sqlite:2.4.0) with DexingNoClasspathTransform
Transforming core-runtime-2.2.0.aar (androidx.arch.core:core-runtime:2.2.0) with DexingNoClasspathTransform
Transforming sqlite-framework-2.4.0.aar (androidx.sqlite:sqlite-framework:2.4.0) with DexingOutputSplitTransform
Transforming sqlite-2.4.0.aar (androidx.sqlite:sqlite:2.4.0) with DexingOutputSplitTransform
Transforming core-runtime-2.2.0.aar (androidx.arch.core:core-runtime:2.2.0) with DexingOutputSplitTransform
Transforming interpolator-1.0.0.aar (androidx.interpolator:interpolator:1.0.0) with DexingNoClasspathTransform
Transforming interpolator-1.0.0.aar (androidx.interpolator:interpolator:1.0.0) with DexingNoClasspathTransform
Transforming interpolator-1.0.0.aar (androidx.interpolator:interpolator:1.0.0) with DexingOutputSplitTransform
Transforming interpolator-1.0.0.aar (androidx.interpolator:interpolator:1.0.0) with DexingOutputSplitTransform
Transforming profileinstaller-1.4.0.aar (androidx.profileinstaller:profileinstaller:1.4.0) with DexingNoClasspathTransform
Transforming profileinstaller-1.4.0.aar (androidx.profileinstaller:profileinstaller:1.4.0) with DexingOutputSplitTransform
Transforming tracing-1.2.0.aar (androidx.tracing:tracing:1.2.0) with DexingNoClasspathTransform
Transforming startup-runtime-1.1.1.aar (androidx.startup:startup-runtime:1.1.1) with DexingNoClasspathTransform
Transforming tracing-1.2.0.aar (androidx.tracing:tracing:1.2.0) with DexingOutputSplitTransform
Transforming versionedparcelable-1.1.1.aar (androidx.versionedparcelable:versionedparcelable:1.1.1) with DexingNoClasspathTransform
Transforming startup-runtime-1.1.1.aar (androidx.startup:startup-runtime:1.1.1) with DexingOutputSplitTransform
Transforming versionedparcelable-1.1.1.aar (androidx.versionedparcelable:versionedparcelable:1.1.1) with DexingOutputSplitTransform
Transforming exifinterface-1.3.7.aar (androidx.exifinterface:exifinterface:1.3.7) with DexingNoClasspathTransform
Transforming core-common-2.2.0.jar (androidx.arch.core:core-common:2.2.0) with DexingOutputSplitTransform
Transforming exifinterface-1.3.7.aar (androidx.exifinterface:exifinterface:1.3.7) with DexingOutputSplitTransform
Transforming concurrent-futures-1.1.0.jar (androidx.concurrent:concurrent-futures:1.1.0) with DexingOutputSplitTransform
Transforming collection-ktx-1.4.4.jar (androidx.collection:collection-ktx:1.4.4) with DexingOutputSplitTransform
Transforming collection-jvm-1.4.4.jar (androidx.collection:collection-jvm:1.4.4) with DexingOutputSplitTransform
Transforming annotation-jvm-1.8.1.jar (androidx.annotation:annotation-jvm:1.8.1) with DexingOutputSplitTransform
Transforming annotation-experimental-1.4.1.aar (androidx.annotation:annotation-experimental:1.4.1) with DexingNoClasspathTransform
Transforming annotation-experimental-1.4.1.aar (androidx.annotation:annotation-experimental:1.4.1) with DexingOutputSplitTransform
Transforming core-viewtree-1.0.0.aar (androidx.core:core-viewtree:1.0.0) with DexingNoClasspathTransform
Transforming okhttp-4.12.0.jar (com.squareup.okhttp3:okhttp:4.12.0) with DexingOutputSplitTransform
Transforming core-viewtree-1.0.0.aar (androidx.core:core-viewtree:1.0.0) with DexingOutputSplitTransform
Transforming kotlin-stdlib-jdk8-1.9.0.jar (org.jetbrains.kotlin:kotlin-stdlib-jdk8:1.9.0) with DexingOutputSplitTransform
Transforming okio-jvm-3.9.0.jar (com.squareup.okio:okio-jvm:3.9.0) with DexingOutputSplitTransform
Transforming kotlin-stdlib-jdk7-1.9.0.jar (org.jetbrains.kotlin:kotlin-stdlib-jdk7:1.9.0) with DexingOutputSplitTransform
Transforming annotations-23.0.0.jar (org.jetbrains:annotations:23.0.0) with DexingOutputSplitTransform
Transforming kotlin-stdlib-2.1.10.jar (org.jetbrains.kotlin:kotlin-stdlib:2.1.10) with DexingOutputSplitTransform
Transforming listenablefuture-1.0.jar (com.google.guava:listenablefuture:1.0) with DexingOutputSplitTransform
Transforming navigation-common-ktx-2.8.8.aar (androidx.navigation:navigation-common-ktx:2.8.8) with DexingNoClasspathTransform
Transforming navigation-common-ktx-2.8.8.aar (androidx.navigation:navigation-common-ktx:2.8.8) with DexingOutputSplitTransform
Caching disabled for task ':app:mergeExtDexRelease' because:
  Build cache is disabled
Task ':app:mergeExtDexRelease' is not up-to-date because:
  No history is available.
The input changes require a full rebuild for incremental task ':app:mergeExtDexRelease'.
Merging to '/home/runner/work/beltflow/beltflow/app/build/intermediates/external_libs_dex/release/mergeExtDexRelease' with D8 from all or a subset of dex files in /home/runner/.gradle/caches/8.11.1/transforms/97d65d308736e52ba487621611392650/transformed/navigation-common-2.8.8-runtime/navigation-common-2.8.8-runtime_dex, /home/runner/.gradle/caches/8.11.1/transforms/c97ad2ed72271c346c745e10026f6204/transformed/navigation-runtime-2.8.8-runtime/navigation-runtime-2.8.8-runtime_dex, /home/runner/.gradle/caches/8.11.1/transforms/deb8b56d1bc818c2f2d791c80ce1b5e5/transformed/navigation-compose-2.8.8-runtime/navigation-compose-2.8.8-runtime_dex, /home/runner/.gradle/caches/8.11.1/transforms/e314e485d5d8109894981a9103864179/transformed/activity-1.10.1-runtime/activity-1.10.1-runtime_dex, /home/runner/.gradle/caches/8.11.1/transforms/e4618043a82ac092785b479c4f0dd811/transformed/material3-release-runtime/material3-release-runtime_dex, /home/runner/.gradle/caches/8.11.1/transforms/5cbade827dae901973d40ec19aba10b0/transformed/coil-compose-2.7.0-runtime/coil-compose-2.7.0-runtime_dex, /home/runner/.gradle/caches/8.11.1/transforms/e09ef928f7f9243174e2ad6d1abf4f7f/transformed/coil-compose-base-2.7.0-runtime/coil-compose-base-2.7.0-runtime_dex, /home/runner/.gradle/caches/8.11.1/transforms/7489d3c50d26efb0acf824de552cce30/transformed/animation-core-release-runtime/animation-core-release-runtime_dex, /home/runner/.gradle/caches/8.11.1/transforms/f682f9ab10c4d72ab24520acf473f53a/transformed/material-ripple-release-runtime/material-ripple-release-runtime_dex, /home/runner/.gradle/caches/8.11.1/transforms/bb0d51eca6ab7fdafe4a37168ce15f6f/transformed/animation-release-runtime/animation-release-runtime_dex, /home/runner/.gradle/caches/8.11.1/transforms/317be296f0413821af1fd71f0bf3c06e/transformed/foundation-layout-release-runtime/foundation-layout-release-runtime_dex, /home/runner/.gradle/caches/8.11.1/transforms/f9f99464d5cefb91654a4a6a00cb90af/transformed/foundation-release-runtime/foundation-release-runtime_dex, /home/runner/.gradle/caches/8.11.1/transforms/f8160705cf51135d026314ebd5eabc9a/transformed/ui-unit-release-runtime/ui-unit-release-runtime_dex, /home/runner/.gradle/caches/8.11.1/transforms/7518ffc81dd4cb474edf4ba367f1f341/transformed/ui-geometry-release-runtime/ui-geometry-release-runtime_dex, /home/runner/.gradle/caches/8.11.1/transforms/fed14298e4e185fc37abdd535fd7ed5c/transformed/ui-util-release-runtime/ui-util-release-runtime_dex, /home/runner/.gradle/caches/8.11.1/transforms/a39b8aeed9eb18d86de286d6bbd5581d/transformed/ui-text-release-runtime/ui-text-release-runtime_dex, /home/runner/.gradle/caches/8.11.1/transforms/2db24d5aa004a8af554aa308f8cd500b/transformed/ui-tooling-preview-release-runtime/ui-tooling-preview-release-runtime_dex, /home/runner/.gradle/caches/8.11.1/transforms/1fc35edc60ec9e5dd197c81b9950bbef/transformed/ui-graphics-release-runtime/ui-graphics-release-runtime_dex, /home/runner/.gradle/caches/8.11.1/transforms/1653ae637e508ad74fa110d9149202aa/transformed/autofill-1.0.0-runtime/autofill-1.0.0-runtime_dex, /home/runner/.gradle/caches/8.11.1/transforms/c7a7c11717795652e3d4416a5a2f6755/transformed/graphics-path-1.0.1-runtime/graphics-path-1.0.1-runtime_dex, /home/runner/.gradle/caches/8.11.1/transforms/0ee669335be9da0d988a380c1fe6beaa/transformed/coil-2.7.0-runtime/coil-2.7.0-runtime_dex, /home/runner/.gradle/caches/8.11.1/transforms/be1220743a014e1bd7dea4b34bfda850/transformed/coil-base-2.7.0-runtime/coil-base-2.7.0-runtime_dex, /home/runner/.gradle/caches/8.11.1/transforms/ff9203dd9eb72c37bdf65ff3dcf3c570/transformed/appcompat-resources-1.6.1-runtime/appcompat-resources-1.6.1-runtime_dex, /home/runner/.gradle/caches/8.11.1/transforms/59208a5cd8454c615df821f764bd3eb7/transformed/vectordrawable-animated-1.1.0-runtime/vectordrawable-animated-1.1.0-runtime_dex, /home/runner/.gradle/caches/8.11.1/transforms/223b9fb43806f59f3086a378db119dca/transformed/vectordrawable-1.1.0-runtime/vectordrawable-1.1.0-runtime_dex, /home/runner/.gradle/caches/8.11.1/transforms/0d283c3dd606c5122009a97a4379c3f8/transformed/emoji2-1.3.0-runtime/emoji2-1.3.0-runtime_dex, /home/runner/.gradle/caches/8.11.1/transforms/95861f3a9f7ee0ce4936d0ceb7697789/transformed/core-1.15.0-runtime/core-1.15.0-runtime_dex, /home/runner/.gradle/caches/8.11.1/transforms/785c0f9f3e9e2d168556b48f789b6ead/transformed/savedstate-ktx-1.2.1-runtime/savedstate-ktx-1.2.1-runtime_dex, /home/runner/.gradle/caches/8.11.1/transforms/73b14620b77f035650d9950dd9c5c2db/transformed/savedstate-1.2.1-runtime/savedstate-1.2.1-runtime_dex, /home/runner/.gradle/caches/8.11.1/transforms/c5688fc26b070bf7df5f90deb60a60a8/transformed/lifecycle-process-2.8.7-runtime/lifecycle-process-2.8.7-runtime_dex, /home/runner/.gradle/caches/8.11.1/transforms/a1295fa57f30fc9c72d47f22e1c4a42d/transformed/lifecycle-livedata-core-2.8.7-runtime/lifecycle-livedata-core-2.8.7-runtime_dex, /home/runner/.gradle/caches/8.11.1/transforms/c1a69c3a405316d0c8e2dc9b56a1438f/transformed/lifecycle-viewmodel-release-runtime/lifecycle-viewmodel-release-runtime_dex, /home/runner/.gradle/caches/8.11.1/transforms/fd853cc48c43985ba41b8e76077e0f77/transformed/lifecycle-common-jvm-2.8.7/lifecycle-common-jvm-2.8.7_dex, /home/runner/.gradle/caches/8.11.1/transforms/629b85b0b88ed2839cfa894275cc076d/transformed/lifecycle-runtime-release-runtime/lifecycle-runtime-release-runtime_dex, /home/runner/.gradle/caches/8.11.1/transforms/e3b50fa2b7c9d8b6dbba5363dbcea218/transformed/lifecycle-viewmodel-savedstate-2.8.7-runtime/lifecycle-viewmodel-savedstate-2.8.7-runtime_dex, /home/runner/.gradle/caches/8.11.1/transforms/3f8c1e05404369524ecfd6c2938fd354/transformed/lifecycle-runtime-compose-release-runtime/lifecycle-runtime-compose-release-runtime_dex, /home/runner/.gradle/caches/8.11.1/transforms/f08016d3dd432aeba4dfc959f71bb693/transformed/lifecycle-viewmodel-compose-release-runtime/lifecycle-viewmodel-compose-release-runtime_dex, /home/runner/.gradle/caches/8.11.1/transforms/71e7d210dfd7b15ba6e2be404a705a75/transformed/accompanist-drawablepainter-0.32.0-runtime/accompanist-drawablepainter-0.32.0-runtime_dex, /home/runner/.gradle/caches/8.11.1/transforms/780ed05e121db0c73b8f2d8efe68a4de/transformed/material-icons-extended-release-runtime/material-icons-extended-release-runtime_dex, /home/runner/.gradle/caches/8.11.1/transforms/1519f9c679fb2bdccdb824334fd5f513/transformed/material-icons-core-release-runtime/material-icons-core-release-runtime_dex, /home/runner/.gradle/caches/8.11.1/transforms/dd7d2ef49ab32431f6cf6e670db50fe3/transformed/ui-release-runtime/ui-release-runtime_dex, /home/runner/.gradle/caches/8.11.1/transforms/5eceb357d12826c71dbf09ae909daf82/transformed/activity-compose-1.10.1-runtime/activity-compose-1.10.1-runtime_dex, /home/runner/.gradle/caches/8.11.1/transforms/1475cd4ace157b85b165ae3d77592d4a/transformed/customview-poolingcontainer-1.0.0-runtime/customview-poolingcontainer-1.0.0-runtime_dex, /home/runner/.gradle/caches/8.11.1/transforms/ae894d61cf6b3e0b0afeb8b418cd821c/transformed/core-ktx-1.15.0-runtime/core-ktx-1.15.0-runtime_dex, /home/runner/.gradle/caches/8.11.1/transforms/9934d3d103fb0f7c2ddc67da3e4c3627/transformed/room-common-2.6.1/room-common-2.6.1_dex, /home/runner/.gradle/caches/8.11.1/transforms/2c1417b84badb40d72404eebf340952c/transformed/room-runtime-2.6.1-runtime/room-runtime-2.6.1-runtime_dex, /home/runner/.gradle/caches/8.11.1/transforms/6e944b86e4bcbcfc1399aedb84eb2222/transformed/room-ktx-2.6.1-runtime/room-ktx-2.6.1-runtime_dex, /home/runner/.gradle/caches/8.11.1/transforms/fd10057a5693b62f2389084a45854886/transformed/runtime-saveable-release-runtime/runtime-saveable-release-runtime_dex, /home/runner/.gradle/caches/8.11.1/transforms/024b907cb2c3e5fdb13e939dea3cb5a3/transformed/runtime-release-runtime/runtime-release-runtime_dex, /home/runner/.gradle/caches/8.11.1/transforms/89ae266c5929966283ae3918c5f3e110/transformed/kotlinx-coroutines-core-jvm-1.10.1/kotlinx-coroutines-core-jvm-1.10.1_dex, /home/runner/.gradle/caches/8.11.1/transforms/9ff2f1fc8bf0adbb753c9e8c5ebbf4f7/transformed/kotlinx-coroutines-android-1.10.1/kotlinx-coroutines-android-1.10.1_dex, /home/runner/.gradle/caches/8.11.1/transforms/454f026cc558c585b95cab027bfd02dd/transformed/kotlinx-serialization-core-jvm-1.8.0/kotlinx-serialization-core-jvm-1.8.0_dex, /home/runner/.gradle/caches/8.11.1/transforms/10113acab52f44b55fdd12ac56f793bd/transformed/kotlinx-serialization-json-jvm-1.8.0/kotlinx-serialization-json-jvm-1.8.0_dex, /home/runner/.gradle/caches/8.11.1/transforms/38278f46e7efe16a8294b3ba32b12a8d/transformed/sqlite-framework-2.4.0-runtime/sqlite-framework-2.4.0-runtime_dex, /home/runner/.gradle/caches/8.11.1/transforms/4c202bb4d7d070dc60c4626a77418666/transformed/sqlite-2.4.0-runtime/sqlite-2.4.0-runtime_dex, /home/runner/.gradle/caches/8.11.1/transforms/5bc6b37b0340bda202a0f00c8401c30e/transformed/core-runtime-2.2.0-runtime/core-runtime-2.2.0-runtime_dex, /home/runner/.gradle/caches/8.11.1/transforms/acc5b380ef0b6873639025dc72d54b85/transformed/interpolator-1.0.0-runtime/interpolator-1.0.0-runtime_dex, /home/runner/.gradle/caches/8.11.1/transforms/4d49c5842960fde07f8be62fd6eebe28/transformed/profileinstaller-1.4.0-runtime/profileinstaller-1.4.0-runtime_dex, /home/runner/.gradle/caches/8.11.1/transforms/481d8f33f317d0befecb68747a08bb7a/transformed/startup-runtime-1.1.1-runtime/startup-runtime-1.1.1-runtime_dex, /home/runner/.gradle/caches/8.11.1/transforms/560c5634fa2a8deb37890b6ba719582c/transformed/tracing-1.2.0-runtime/tracing-1.2.0-runtime_dex, /home/runner/.gradle/caches/8.11.1/transforms/409ca391fc896a9099b63083e6a13536/transformed/versionedparcelable-1.1.1-runtime/versionedparcelable-1.1.1-runtime_dex, /home/runner/.gradle/caches/8.11.1/transforms/7197407e3994c78827a665006b826b12/transformed/core-common-2.2.0/core-common-2.2.0_dex, /home/runner/.gradle/caches/8.11.1/transforms/5143e3a7697625a6d420e1fe4b53dae5/transformed/exifinterface-1.3.7-runtime/exifinterface-1.3.7-runtime_dex, /home/runner/.gradle/caches/8.11.1/transforms/2ff739c6161e070bf4c0a6bd14b88e9c/transformed/concurrent-futures-1.1.0/concurrent-futures-1.1.0_dex, /home/runner/.gradle/caches/8.11.1/transforms/26e81b58d24f6ae7a458787c17b4a25e/transformed/collection-jvm-1.4.4/collection-jvm-1.4.4_dex, /home/runner/.gradle/caches/8.11.1/transforms/2c358406796e6d82275687e68276c752/transformed/annotation-jvm-1.8.1/annotation-jvm-1.8.1_dex, /home/runner/.gradle/caches/8.11.1/transforms/a115d8899d8533f439ae7110f43d7803/transformed/annotation-experimental-1.4.1-runtime/annotation-experimental-1.4.1-runtime_dex, /home/runner/.gradle/caches/8.11.1/transforms/8be971bdb6068b12a98493feb535c92f/transformed/core-viewtree-1.0.0-runtime/core-viewtree-1.0.0-runtime_dex, /home/runner/.gradle/caches/8.11.1/transforms/6a377b63656e0b8b0b35536ff2d88ac1/transformed/okhttp-4.12.0/okhttp-4.12.0_dex, /home/runner/.gradle/caches/8.11.1/transforms/f672a1410e017b9e909fb88d4d1b1145/transformed/okio-jvm-3.9.0/okio-jvm-3.9.0_dex, /home/runner/.gradle/caches/8.11.1/transforms/9a12b1052b567ef575fbf13c3bb43589/transformed/kotlin-stdlib-2.1.10/kotlin-stdlib-2.1.10_dex, /home/runner/.gradle/caches/8.11.1/transforms/ce4b961e50dbadbd5ea8d099487e8d15/transformed/annotations-23.0.0/annotations-23.0.0_dex, /home/runner/.gradle/caches/8.11.1/transforms/a0826139ab8d79b8c63896f0d1df8804/transformed/listenablefuture-1.0/listenablefuture-1.0_dex, and from all global synthetics files in 

Resolve mutations for :app:stripReleaseDebugSymbols (Thread[Execution worker,5,main]) started.
:app:stripReleaseDebugSymbols (Thread[Execution worker Thread 2,5,main]) started.
Resolve mutations for :app:collectReleaseDependencies (Thread[Execution worker,5,main]) started.
:app:collectReleaseDependencies (Thread[Execution worker,5,main]) started.

> Task :app:kspReleaseKotlin
file or directory '/home/runner/work/beltflow/beltflow/app/src/release/kotlin', not found
file or directory '/home/runner/work/beltflow/beltflow/app/src/release/java', not found
file or directory '/home/runner/work/beltflow/beltflow/app/src/main/kotlin', not found
file or directory '/home/runner/work/beltflow/beltflow/app/src/release/java', not found
Transforming navigation-common-2.8.8.aar (androidx.navigation:navigation-common:2.8.8) with AarToClassTransform
Transforming navigation-runtime-2.8.8.aar (androidx.navigation:navigation-runtime:2.8.8) with AarToClassTransform
Transforming navigation-common-ktx-2.8.8.aar (androidx.navigation:navigation-common-ktx:2.8.8) with AarToClassTransform
Transforming navigation-runtime-ktx-2.8.8.aar (androidx.navigation:navigation-runtime-ktx:2.8.8) with AarToClassTransform
Transforming navigation-compose-2.8.8.aar (androidx.navigation:navigation-compose:2.8.8) with AarToClassTransform
Transforming activity-1.10.1.aar (androidx.activity:activity:1.10.1) with AarToClassTransform
Transforming activity-ktx-1.10.1.aar (androidx.activity:activity-ktx:1.10.1) with AarToClassTransform
Transforming activity-compose-1.10.1.aar (androidx.activity:activity-compose:1.10.1) with AarToClassTransform
Transforming material3-release.aar (androidx.compose.material3:material3-android:1.3.1) with AarToClassTransform
Transforming coil-compose-2.7.0.aar (io.coil-kt:coil-compose:2.7.0) with AarToClassTransform
Transforming coil-compose-base-2.7.0.aar (io.coil-kt:coil-compose-base:2.7.0) with AarToClassTransform
Transforming foundation-layout-release.aar (androidx.compose.foundation:foundation-layout-android:1.7.8) with AarToClassTransform
Transforming material-ripple-release.aar (androidx.compose.material:material-ripple-android:1.7.8) with AarToClassTransform
Transforming foundation-release.aar (androidx.compose.foundation:foundation-android:1.7.8) with AarToClassTransform
Transforming animation-core-release.aar (androidx.compose.animation:animation-core-android:1.7.8) with AarToClassTransform
Transforming animation-release.aar (androidx.compose.animation:animation-android:1.7.8) with AarToClassTransform
Transforming ui-util-release.aar (androidx.compose.ui:ui-util-android:1.7.8) with AarToClassTransform
Transforming ui-unit-release.aar (androidx.compose.ui:ui-unit-android:1.7.8) with AarToClassTransform
Transforming ui-text-release.aar (androidx.compose.ui:ui-text-android:1.7.8) with AarToClassTransform
Transforming ui-geometry-release.aar (androidx.compose.ui:ui-geometry-android:1.7.8) with AarToClassTransform
Transforming ui-tooling-preview-release.aar (androidx.compose.ui:ui-tooling-preview-android:1.7.8) with AarToClassTransform
Transforming ui-graphics-release.aar (androidx.compose.ui:ui-graphics-android:1.7.8) with AarToClassTransform
Transforming material-icons-extended-release.aar (androidx.compose.material:material-icons-extended-android:1.7.8) with AarToClassTransform
Transforming material-icons-core-release.aar (androidx.compose.material:material-icons-core-android:1.7.8) with AarToClassTransform
Transforming ui-release.aar (androidx.compose.ui:ui-android:1.7.8) with AarToClassTransform
Transforming core-1.15.0.aar (androidx.core:core:1.15.0) with AarToClassTransform
Transforming coil-2.7.0.aar (io.coil-kt:coil:2.7.0) with AarToClassTransform
Transforming coil-base-2.7.0.aar (io.coil-kt:coil-base:2.7.0) with AarToClassTransform
Transforming lifecycle-livedata-core-2.8.7.aar (androidx.lifecycle:lifecycle-livedata-core:2.8.7) with AarToClassTransform
Transforming lifecycle-common-jvm-2.8.7.jar (androidx.lifecycle:lifecycle-common-jvm:2.8.7) with IdentityTransform
Transforming lifecycle-runtime-release.aar (androidx.lifecycle:lifecycle-runtime-android:2.8.7) with AarToClassTransform
Transforming lifecycle-viewmodel-release.aar (androidx.lifecycle:lifecycle-viewmodel-android:2.8.7) with AarToClassTransform
Transforming lifecycle-viewmodel-ktx-2.8.7.aar (androidx.lifecycle:lifecycle-viewmodel-ktx:2.8.7) with AarToClassTransform
Transforming lifecycle-runtime-compose-release.aar (androidx.lifecycle:lifecycle-runtime-compose-android:2.8.7) with AarToClassTransform
Transforming lifecycle-runtime-ktx-release.aar (androidx.lifecycle:lifecycle-runtime-ktx-android:2.8.7) with AarToClassTransform
Transforming lifecycle-viewmodel-compose-release.aar (androidx.lifecycle:lifecycle-viewmodel-compose-android:2.8.7) with AarToClassTransform
Transforming lifecycle-viewmodel-savedstate-2.8.7.aar (androidx.lifecycle:lifecycle-viewmodel-savedstate:2.8.7) with AarToClassTransform
Transforming core-ktx-1.15.0.aar (androidx.core:core-ktx:1.15.0) with AarToClassTransform
Transforming room-common-2.6.1.jar (androidx.room:room-common:2.6.1) with IdentityTransform
Transforming room-runtime-2.6.1.aar (androidx.room:room-runtime:2.6.1) with AarToClassTransform
Transforming room-ktx-2.6.1.aar (androidx.room:room-ktx:2.6.1) with AarToClassTransform
Transforming runtime-saveable-release.aar (androidx.compose.runtime:runtime-saveable-android:1.7.8) with AarToClassTransform
Transforming runtime-release.aar (androidx.compose.runtime:runtime-android:1.7.8) with AarToClassTransform
Transforming kotlinx-coroutines-core-jvm-1.10.1.jar (org.jetbrains.kotlinx:kotlinx-coroutines-core-jvm:1.10.1) with IdentityTransform
Transforming kotlinx-coroutines-android-1.10.1.jar (org.jetbrains.kotlinx:kotlinx-coroutines-android:1.10.1) with IdentityTransform
Transforming kotlinx-serialization-core-jvm-1.8.0.jar (org.jetbrains.kotlinx:kotlinx-serialization-core-jvm:1.8.0) with IdentityTransform
Transforming kotlinx-serialization-json-jvm-1.8.0.jar (org.jetbrains.kotlinx:kotlinx-serialization-json-jvm:1.8.0) with IdentityTransform
Transforming sqlite-framework-2.4.0.aar (androidx.sqlite:sqlite-framework:2.4.0) with AarToClassTransform
Transforming sqlite-2.4.0.aar (androidx.sqlite:sqlite:2.4.0) with AarToClassTransform
Transforming versionedparcelable-1.1.1.aar (androidx.versionedparcelable:versionedparcelable:1.1.1) with AarToClassTransform
Transforming savedstate-ktx-1.2.1.aar (androidx.savedstate:savedstate-ktx:1.2.1) with AarToClassTransform
Transforming savedstate-1.2.1.aar (androidx.savedstate:savedstate:1.2.1) with AarToClassTransform
Transforming core-common-2.2.0.jar (androidx.arch.core:core-common:2.2.0) with IdentityTransform
Transforming collection-jvm-1.4.4.jar (androidx.collection:collection-jvm:1.4.4) with IdentityTransform
Transforming annotation-jvm-1.8.1.jar (androidx.annotation:annotation-jvm:1.8.1) with IdentityTransform
Transforming annotation-experimental-1.4.1.aar (androidx.annotation:annotation-experimental:1.4.1) with AarToClassTransform
Transforming okhttp-4.12.0.jar (com.squareup.okhttp3:okhttp:4.12.0) with IdentityTransform
Transforming kotlin-stdlib-jdk8-1.9.0.jar (org.jetbrains.kotlin:kotlin-stdlib-jdk8:1.9.0) with IdentityTransform
Transforming core-viewtree-1.0.0.aar (androidx.core:core-viewtree:1.0.0) with AarToClassTransform
Transforming kotlin-stdlib-jdk7-1.9.0.jar (org.jetbrains.kotlin:kotlin-stdlib-jdk7:1.9.0) with IdentityTransform
Transforming okio-jvm-3.9.0.jar (com.squareup.okio:okio-jvm:3.9.0) with IdentityTransform
Transforming kotlin-stdlib-2.1.10.jar (org.jetbrains.kotlin:kotlin-stdlib:2.1.10) with IdentityTransform
Transforming annotations-23.0.0.jar (org.jetbrains:annotations:23.0.0) with IdentityTransform
Transforming R.jar with BuildToolsApiClasspathEntrySnapshotTransform
Transforming navigation-common-2.8.8-api.jar with BuildToolsApiClasspathEntrySnapshotTransform
Transforming navigation-runtime-2.8.8-api.jar with BuildToolsApiClasspathEntrySnapshotTransform
Transforming navigation-common-ktx-2.8.8-api.jar with BuildToolsApiClasspathEntrySnapshotTransform
Transforming navigation-runtime-ktx-2.8.8-api.jar with BuildToolsApiClasspathEntrySnapshotTransform
Transforming navigation-compose-2.8.8-api.jar with BuildToolsApiClasspathEntrySnapshotTransform
Transforming activity-1.10.1-api.jar with BuildToolsApiClasspathEntrySnapshotTransform
Transforming activity-ktx-1.10.1-api.jar with BuildToolsApiClasspathEntrySnapshotTransform
Transforming activity-compose-1.10.1-api.jar with BuildToolsApiClasspathEntrySnapshotTransform
Transforming material3-release-api.jar with BuildToolsApiClasspathEntrySnapshotTransform
Transforming coil-compose-2.7.0-api.jar with BuildToolsApiClasspathEntrySnapshotTransform
Transforming coil-compose-base-2.7.0-api.jar with BuildToolsApiClasspathEntrySnapshotTransform
Transforming foundation-layout-release-api.jar with BuildToolsApiClasspathEntrySnapshotTransform
Transforming material-ripple-release-api.jar with BuildToolsApiClasspathEntrySnapshotTransform
Transforming foundation-release-api.jar with BuildToolsApiClasspathEntrySnapshotTransform
Transforming animation-core-release-api.jar with BuildToolsApiClasspathEntrySnapshotTransform
Transforming animation-release-api.jar with BuildToolsApiClasspathEntrySnapshotTransform
Transforming ui-util-release-api.jar with BuildToolsApiClasspathEntrySnapshotTransform
Transforming ui-unit-release-api.jar with BuildToolsApiClasspathEntrySnapshotTransform
Transforming ui-text-release-api.jar with BuildToolsApiClasspathEntrySnapshotTransform
Transforming ui-geometry-release-api.jar with BuildToolsApiClasspathEntrySnapshotTransform
Transforming ui-tooling-preview-release-api.jar with BuildToolsApiClasspathEntrySnapshotTransform
Transforming ui-graphics-release-api.jar with BuildToolsApiClasspathEntrySnapshotTransform
Transforming material-icons-extended-release-api.jar with BuildToolsApiClasspathEntrySnapshotTransform
Transforming material-icons-core-release-api.jar with BuildToolsApiClasspathEntrySnapshotTransform
Transforming ui-release-api.jar with BuildToolsApiClasspathEntrySnapshotTransform
Transforming core-1.15.0-api.jar with BuildToolsApiClasspathEntrySnapshotTransform
Transforming coil-2.7.0-api.jar with BuildToolsApiClasspathEntrySnapshotTransform
Transforming coil-base-2.7.0-api.jar with BuildToolsApiClasspathEntrySnapshotTransform
Transforming lifecycle-livedata-core-2.8.7-api.jar with BuildToolsApiClasspathEntrySnapshotTransform
Transforming lifecycle-common-jvm-2.8.7.jar with BuildToolsApiClasspathEntrySnapshotTransform
Transforming lifecycle-runtime-release-api.jar with BuildToolsApiClasspathEntrySnapshotTransform
Transforming lifecycle-viewmodel-release-api.jar with BuildToolsApiClasspathEntrySnapshotTransform
Transforming lifecycle-viewmodel-ktx-2.8.7-api.jar with BuildToolsApiClasspathEntrySnapshotTransform
Transforming lifecycle-runtime-compose-release-api.jar with BuildToolsApiClasspathEntrySnapshotTransform
Transforming lifecycle-runtime-ktx-release-api.jar with BuildToolsApiClasspathEntrySnapshotTransform
Transforming lifecycle-viewmodel-compose-release-api.jar with BuildToolsApiClasspathEntrySnapshotTransform
Transforming lifecycle-viewmodel-savedstate-2.8.7-api.jar with BuildToolsApiClasspathEntrySnapshotTransform
Transforming core-ktx-1.15.0-api.jar with BuildToolsApiClasspathEntrySnapshotTransform
Transforming room-common-2.6.1.jar with BuildToolsApiClasspathEntrySnapshotTransform
Transforming room-runtime-2.6.1-api.jar with BuildToolsApiClasspathEntrySnapshotTransform
Transforming room-ktx-2.6.1-api.jar with BuildToolsApiClasspathEntrySnapshotTransform
Transforming runtime-saveable-release-api.jar with BuildToolsApiClasspathEntrySnapshotTransform
Transforming runtime-release-api.jar with BuildToolsApiClasspathEntrySnapshotTransform
Transforming kotlinx-coroutines-core-jvm-1.10.1.jar with BuildToolsApiClasspathEntrySnapshotTransform
Transforming kotlinx-coroutines-android-1.10.1.jar with BuildToolsApiClasspathEntrySnapshotTransform
Transforming kotlinx-serialization-core-jvm-1.8.0.jar with BuildToolsApiClasspathEntrySnapshotTransform
Transforming kotlinx-serialization-json-jvm-1.8.0.jar with BuildToolsApiClasspathEntrySnapshotTransform
Transforming sqlite-framework-2.4.0-api.jar with BuildToolsApiClasspathEntrySnapshotTransform
Transforming sqlite-2.4.0-api.jar with BuildToolsApiClasspathEntrySnapshotTransform
Transforming versionedparcelable-1.1.1-api.jar with BuildToolsApiClasspathEntrySnapshotTransform
Transforming savedstate-ktx-1.2.1-api.jar with BuildToolsApiClasspathEntrySnapshotTransform
Transforming savedstate-1.2.1-api.jar with BuildToolsApiClasspathEntrySnapshotTransform
Transforming core-common-2.2.0.jar with BuildToolsApiClasspathEntrySnapshotTransform
Transforming collection-jvm-1.4.4.jar with BuildToolsApiClasspathEntrySnapshotTransform
Transforming annotation-jvm-1.8.1.jar with BuildToolsApiClasspathEntrySnapshotTransform
Transforming annotation-experimental-1.4.1-api.jar with BuildToolsApiClasspathEntrySnapshotTransform
Transforming okhttp-4.12.0.jar with BuildToolsApiClasspathEntrySnapshotTransform
Transforming kotlin-stdlib-jdk8-1.9.0.jar with BuildToolsApiClasspathEntrySnapshotTransform
Transforming core-viewtree-1.0.0-api.jar with BuildToolsApiClasspathEntrySnapshotTransform
Transforming kotlin-stdlib-jdk7-1.9.0.jar with BuildToolsApiClasspathEntrySnapshotTransform
Transforming okio-jvm-3.9.0.jar with BuildToolsApiClasspathEntrySnapshotTransform
Transforming kotlin-stdlib-2.1.10.jar with BuildToolsApiClasspathEntrySnapshotTransform
Transforming annotations-23.0.0.jar with BuildToolsApiClasspathEntrySnapshotTransform
Transforming android.jar with BuildToolsApiClasspathEntrySnapshotTransform
Transforming core-lambda-stubs.jar with BuildToolsApiClasspathEntrySnapshotTransform
file or directory '/home/runner/work/beltflow/beltflow/app/src/release/kotlin', not found
file or directory '/home/runner/work/beltflow/beltflow/app/src/release/java', not found
file or directory '/home/runner/work/beltflow/beltflow/app/src/main/kotlin', not found
file or directory '/home/runner/work/beltflow/beltflow/app/src/release/java', not found
Caching disabled for task ':app:kspReleaseKotlin' because:
  Build cache is disabled
Task ':app:kspReleaseKotlin' is not up-to-date because:
  No history is available.
The input changes require a full rebuild for incremental task ':app:kspReleaseKotlin'.
file or directory '/home/runner/work/beltflow/beltflow/app/src/release/kotlin', not found
file or directory '/home/runner/work/beltflow/beltflow/app/src/release/java', not found
file or directory '/home/runner/work/beltflow/beltflow/app/src/main/kotlin', not found
file or directory '/home/runner/work/beltflow/beltflow/app/src/release/java', not found
file or directory '/home/runner/work/beltflow/beltflow/app/src/release/kotlin', not found
file or directory '/home/runner/work/beltflow/beltflow/app/src/release/java', not found
file or directory '/home/runner/work/beltflow/beltflow/app/src/main/kotlin', not found
file or directory '/home/runner/work/beltflow/beltflow/app/src/release/kotlin', not found
file or directory '/home/runner/work/beltflow/beltflow/app/src/release/java', not found
file or directory '/home/runner/work/beltflow/beltflow/app/src/main/kotlin', not found
file or directory '/home/runner/work/beltflow/beltflow/app/src/release/java', not found
file or directory '/home/runner/work/beltflow/beltflow/app/src/release/kotlin', not found
file or directory '/home/runner/work/beltflow/beltflow/app/src/release/java', not found
file or directory '/home/runner/work/beltflow/beltflow/app/src/main/kotlin', not found
file or directory '/home/runner/work/beltflow/beltflow/app/src/release/java', not found
file or directory '/home/runner/work/beltflow/beltflow/app/src/release/kotlin', not found
file or directory '/home/runner/work/beltflow/beltflow/app/src/release/java', not found
file or directory '/home/runner/work/beltflow/beltflow/app/src/main/kotlin', not found
file or directory '/home/runner/work/beltflow/beltflow/app/src/release/java', not found
Kotlin source files: /home/runner/work/beltflow/beltflow/app/src/main/java/com/example/beltflow/data/repository/BeltFlowRepository.kt, /home/runner/work/beltflow/beltflow/app/src/main/java/com/example/beltflow/data/local/BeltFlowDao.kt, /home/runner/work/beltflow/beltflow/app/src/main/java/com/example/beltflow/data/local/Entities.kt, /home/runner/work/beltflow/beltflow/app/src/main/java/com/example/beltflow/data/local/BeltFlowDatabase.kt, /home/runner/work/beltflow/beltflow/app/src/main/java/com/example/beltflow/data/model/Enums.kt, /home/runner/work/beltflow/beltflow/app/src/main/java/com/example/beltflow/data/model/DomainModels.kt, /home/runner/work/beltflow/beltflow/app/src/main/java/com/example/beltflow/data/rbac/Permissions.kt, /home/runner/work/beltflow/beltflow/app/src/main/java/com/example/beltflow/data/rbac/AuthorizationManager.kt, /home/runner/work/beltflow/beltflow/app/src/main/java/com/example/beltflow/data/security/SecurityUtils.kt, /home/runner/work/beltflow/beltflow/app/src/main/java/com/example/beltflow/ui/navigation/Screen.kt, /home/runner/work/beltflow/beltflow/app/src/main/java/com/example/beltflow/ui/screens/VerifyCertScreen.kt, /home/runner/work/beltflow/beltflow/app/src/main/java/com/example/beltflow/ui/screens/AdminDashboardScreen.kt, /home/runner/work/beltflow/beltflow/app/src/main/java/com/example/beltflow/ui/screens/ParentPortalScreen.kt, /home/runner/work/beltflow/beltflow/app/src/main/java/com/example/beltflow/ui/screens/StudentsListScreen.kt, /home/runner/work/beltflow/beltflow/app/src/main/java/com/example/beltflow/ui/screens/BillingScreen.kt, /home/runner/work/beltflow/beltflow/app/src/main/java/com/example/beltflow/ui/screens/AttendanceScreen.kt, /home/runner/work/beltflow/beltflow/app/src/main/java/com/example/beltflow/ui/screens/CoachPortalScreen.kt, /home/runner/work/beltflow/beltflow/app/src/main/java/com/example/beltflow/ui/screens/StudentPortalScreen.kt, /home/runner/work/beltflow/beltflow/app/src/main/java/com/example/beltflow/ui/screens/StudentDetailScreen.kt, /home/runner/work/beltflow/beltflow/app/src/main/java/com/example/beltflow/ui/screens/CertificatesScreen.kt, /home/runner/work/beltflow/beltflow/app/src/main/java/com/example/beltflow/ui/screens/MasterPortalScreen.kt, /home/runner/work/beltflow/beltflow/app/src/main/java/com/example/beltflow/ui/screens/AuthScreen.kt, /home/runner/work/beltflow/beltflow/app/src/main/java/com/example/beltflow/ui/screens/SuperAdminDashboardScreen.kt, /home/runner/work/beltflow/beltflow/app/src/main/java/com/example/beltflow/ui/screens/GradingScreen.kt, /home/runner/work/beltflow/beltflow/app/src/main/java/com/example/beltflow/ui/screens/TournamentsScreen.kt, /home/runner/work/beltflow/beltflow/app/src/main/java/com/example/beltflow/ui/screens/CurriculumScreen.kt, /home/runner/work/beltflow/beltflow/app/src/main/java/com/example/beltflow/ui/screens/SettingsScreen.kt, /home/runner/work/beltflow/beltflow/app/src/main/java/com/example/beltflow/ui/theme/Type.kt, /home/runner/work/beltflow/beltflow/app/src/main/java/com/example/beltflow/ui/theme/Color.kt, /home/runner/work/beltflow/beltflow/app/src/main/java/com/example/beltflow/ui/theme/Theme.kt, /home/runner/work/beltflow/beltflow/app/src/main/java/com/example/beltflow/ui/viewmodels/BeltFlowViewModel.kt, /home/runner/work/beltflow/beltflow/app/src/main/java/com/example/beltflow/ui/components/BlueprintComponents.kt, /home/runner/work/beltflow/beltflow/app/src/main/java/com/example/beltflow/ui/components/CommonComponents.kt, /home/runner/work/beltflow/beltflow/app/src/main/java/com/example/beltflow/MainActivity.kt, /home/runner/work/beltflow/beltflow/app/src/main/java/com/example/beltflow/BeltFlowApplication.kt
Java source files: 
Script source files: 
Script file extensions: 
Transforming R.jar with StructureTransformAction
Transforming navigation-common-2.8.8-api.jar with StructureTransformAction
Transforming navigation-runtime-2.8.8-api.jar with StructureTransformAction
Transforming navigation-common-ktx-2.8.8-api.jar with StructureTransformAction
Transforming navigation-runtime-ktx-2.8.8-api.jar with StructureTransformAction
Transforming navigation-compose-2.8.8-api.jar with StructureTransformAction
Transforming activity-1.10.1-api.jar with StructureTransformAction
Transforming activity-ktx-1.10.1-api.jar with StructureTransformAction
Transforming activity-compose-1.10.1-api.jar with StructureTransformAction
Transforming material3-release-api.jar with StructureTransformAction
Transforming coil-compose-2.7.0-api.jar with StructureTransformAction
Transforming coil-compose-base-2.7.0-api.jar with StructureTransformAction
Transforming foundation-layout-release-api.jar with StructureTransformAction
Transforming material-ripple-release-api.jar with StructureTransformAction
Transforming foundation-release-api.jar with StructureTransformAction
Transforming animation-core-release-api.jar with StructureTransformAction
Transforming animation-release-api.jar with StructureTransformAction
Transforming ui-util-release-api.jar with StructureTransformAction
Transforming ui-unit-release-api.jar with StructureTransformAction
Transforming ui-text-release-api.jar with StructureTransformAction
Transforming ui-geometry-release-api.jar with StructureTransformAction
Transforming ui-tooling-preview-release-api.jar with StructureTransformAction
Transforming ui-graphics-release-api.jar with StructureTransformAction
Transforming material-icons-extended-release-api.jar with StructureTransformAction
Transforming material-icons-core-release-api.jar with StructureTransformAction
Transforming ui-release-api.jar with StructureTransformAction
Transforming core-1.15.0-api.jar with StructureTransformAction
Transforming coil-2.7.0-api.jar with StructureTransformAction
Transforming coil-base-2.7.0-api.jar with StructureTransformAction
Transforming lifecycle-livedata-core-2.8.7-api.jar with StructureTransformAction
Transforming lifecycle-common-jvm-2.8.7.jar with StructureTransformAction
Transforming lifecycle-runtime-release-api.jar with StructureTransformAction
Transforming lifecycle-viewmodel-release-api.jar with StructureTransformAction
Transforming lifecycle-viewmodel-ktx-2.8.7-api.jar with StructureTransformAction
Transforming lifecycle-runtime-compose-release-api.jar with StructureTransformAction
Transforming lifecycle-runtime-ktx-release-api.jar with StructureTransformAction
Transforming lifecycle-viewmodel-compose-release-api.jar with StructureTransformAction
Transforming lifecycle-viewmodel-savedstate-2.8.7-api.jar with StructureTransformAction
Transforming core-ktx-1.15.0-api.jar with StructureTransformAction
Transforming room-common-2.6.1.jar with StructureTransformAction
Transforming room-runtime-2.6.1-api.jar with StructureTransformAction
Transforming room-ktx-2.6.1-api.jar with StructureTransformAction
Transforming runtime-saveable-release-api.jar with StructureTransformAction
Transforming runtime-release-api.jar with StructureTransformAction
Transforming kotlinx-coroutines-core-jvm-1.10.1.jar with StructureTransformAction
Transforming kotlinx-coroutines-android-1.10.1.jar with StructureTransformAction
Transforming kotlinx-serialization-core-jvm-1.8.0.jar with StructureTransformAction
Transforming kotlinx-serialization-json-jvm-1.8.0.jar with StructureTransformAction
Transforming sqlite-framework-2.4.0-api.jar with StructureTransformAction
Transforming sqlite-2.4.0-api.jar with StructureTransformAction
Transforming versionedparcelable-1.1.1-api.jar with StructureTransformAction
Transforming savedstate-ktx-1.2.1-api.jar with StructureTransformAction
Transforming savedstate-1.2.1-api.jar with StructureTransformAction
Transforming core-common-2.2.0.jar with StructureTransformAction
Transforming collection-jvm-1.4.4.jar with StructureTransformAction
Transforming annotation-jvm-1.8.1.jar with StructureTransformAction
Transforming annotation-experimental-1.4.1-api.jar with StructureTransformAction
Transforming okhttp-4.12.0.jar with StructureTransformAction
Transforming kotlin-stdlib-jdk8-1.9.0.jar with StructureTransformAction
Transforming core-viewtree-1.0.0-api.jar with StructureTransformAction
Transforming kotlin-stdlib-jdk7-1.9.0.jar with StructureTransformAction
Transforming okio-jvm-3.9.0.jar with StructureTransformAction
Transforming kotlin-stdlib-2.1.10.jar with StructureTransformAction
Transforming annotations-23.0.0.jar with StructureTransformAction
Transforming android.jar with StructureTransformAction
Transforming core-lambda-stubs.jar with StructureTransformAction
[KOTLIN] Kotlin compilation 'jdkHome' argument: null

> Task :app:stripReleaseDebugSymbols
Caching disabled for task ':app:stripReleaseDebugSymbols' because:
  Build cache is disabled
  Caching has been disabled for the task
Task ':app:stripReleaseDebugSymbols' is not up-to-date because:
  No history is available.
The input changes require a full rebuild for incremental task ':app:stripReleaseDebugSymbols'.
C/C++: android.ndkVersion from module build.gradle is [27.0.12077973]
C/C++: android.ndkPath from module build.gradle is not set
C/C++: ndk.dir in local.properties is not set
C/C++: Not considering ANDROID_NDK_HOME because support was removed after deprecation period.
C/C++: sdkFolder is /usr/local/lib/android/sdk
C/C++: Folder /usr/local/lib/android/sdk/ndk/27.0.12077973 does not exist. Ignoring.
C/C++: Folder /usr/local/lib/android/sdk/ndk-bundle does not exist. Ignoring.
Unable to strip library '/home/runner/work/beltflow/beltflow/app/build/intermediates/merged_native_libs/release/mergeReleaseNativeLibs/out/lib/arm64-v8a/libandroidx.graphics.path.so' due to missing strip tool for ABI 'arm64-v8a'. Packaging it as is.
C/C++: android.ndkVersion from module build.gradle is [27.0.12077973]
C/C++: android.ndkPath from module build.gradle is not set
C/C++: ndk.dir in local.properties is not set
C/C++: Not considering ANDROID_NDK_HOME because support was removed after deprecation period.
C/C++: sdkFolder is /usr/local/lib/android/sdk
C/C++: Folder /usr/local/lib/android/sdk/ndk/27.0.12077973 does not exist. Ignoring.
C/C++: Folder /usr/local/lib/android/sdk/ndk-bundle does not exist. Ignoring.
Unable to strip library '/home/runner/work/beltflow/beltflow/app/build/intermediates/merged_native_libs/release/mergeReleaseNativeLibs/out/lib/armeabi-v7a/libandroidx.graphics.path.so' due to missing strip tool for ABI 'armeabi-v7a'. Packaging it as is.
C/C++: android.ndkVersion from module build.gradle is [27.0.12077973]
C/C++: android.ndkPath from module build.gradle is not set
C/C++: ndk.dir in local.properties is not set
C/C++: Not considering ANDROID_NDK_HOME because support was removed after deprecation period.
C/C++: sdkFolder is /usr/local/lib/android/sdk
C/C++: Folder /usr/local/lib/android/sdk/ndk/27.0.12077973 does not exist. Ignoring.
C/C++: Folder /usr/local/lib/android/sdk/ndk-bundle does not exist. Ignoring.
Unable to strip library '/home/runner/work/beltflow/beltflow/app/build/intermediates/merged_native_libs/release/mergeReleaseNativeLibs/out/lib/x86/libandroidx.graphics.path.so' due to missing strip tool for ABI 'x86'. Packaging it as is.
C/C++: android.ndkVersion from module build.gradle is [27.0.12077973]
C/C++: android.ndkPath from module build.gradle is not set
C/C++: ndk.dir in local.properties is not set
C/C++: Not considering ANDROID_NDK_HOME because support was removed after deprecation period.
C/C++: sdkFolder is /usr/local/lib/android/sdk
C/C++: Folder /usr/local/lib/android/sdk/ndk/27.0.12077973 does not exist. Ignoring.
C/C++: Folder /usr/local/lib/android/sdk/ndk-bundle does not exist. Ignoring.
Unable to strip library '/home/runner/work/beltflow/beltflow/app/build/intermediates/merged_native_libs/release/mergeReleaseNativeLibs/out/lib/x86_64/libandroidx.graphics.path.so' due to missing strip tool for ABI 'x86_64'. Packaging it as is.
Unable to strip the following libraries, packaging them as they are: libandroidx.graphics.path.so.

> Task :app:collectReleaseDependencies
Caching disabled for task ':app:collectReleaseDependencies' because:
  Build cache is disabled
  Caching has been disabled for the task
Task ':app:collectReleaseDependencies' is not up-to-date because:
  No history is available.
Resolve mutations for :app:configureReleaseDependencies (Thread[Execution worker,5,main]) started.
:app:configureReleaseDependencies (Thread[Execution worker,5,main]) started.

> Task :app:configureReleaseDependencies
Caching disabled for task ':app:configureReleaseDependencies' because:
  Build cache is disabled
  Caching has been disabled for the task
Task ':app:configureReleaseDependencies' is not up-to-date because:
  No history is available.
Resolve mutations for :app:extractReleaseNativeSymbolTables (Thread[Execution worker,5,main]) started.
:app:extractReleaseNativeSymbolTables (Thread[Execution worker,5,main]) started.
Resolve mutations for :app:parseReleaseIntegrityConfig (Thread[Execution worker Thread 2,5,main]) started.
:app:parseReleaseIntegrityConfig (Thread[Execution worker Thread 2,5,main]) started.

> Task :app:extractReleaseNativeSymbolTables
Caching disabled for task ':app:extractReleaseNativeSymbolTables' because:
  Build cache is disabled
Task ':app:extractReleaseNativeSymbolTables' is not up-to-date because:
  No history is available.
C/C++: android.ndkVersion from module build.gradle is [27.0.12077973]
C/C++: android.ndkPath from module build.gradle is not set
C/C++: ndk.dir in local.properties is not set
C/C++: Not considering ANDROID_NDK_HOME because support was removed after deprecation period.
C/C++: sdkFolder is /usr/local/lib/android/sdk
C/C++: Folder /usr/local/lib/android/sdk/ndk/27.0.12077973 does not exist. Ignoring.
C/C++: Folder /usr/local/lib/android/sdk/ndk-bundle does not exist. Ignoring.
Unable to extract native debug metadata from /home/runner/work/beltflow/beltflow/app/build/intermediates/merged_native_libs/release/mergeReleaseNativeLibs/out/lib/arm64-v8a/libandroidx.graphics.path.so because the native debug metadata has already been stripped.
Unable to extract native debug metadata from /home/runner/work/beltflow/beltflow/app/build/intermediates/merged_native_libs/release/mergeReleaseNativeLibs/out/lib/x86_64/libandroidx.graphics.path.so because the native debug metadata has already been stripped.
Unable to extract native debug metadata from /home/runner/work/beltflow/beltflow/app/build/intermediates/merged_native_libs/release/mergeReleaseNativeLibs/out/lib/armeabi-v7a/libandroidx.graphics.path.so because the native debug metadata has already been stripped.
Unable to extract native debug metadata from /home/runner/work/beltflow/beltflow/app/build/intermediates/merged_native_libs/release/mergeReleaseNativeLibs/out/lib/x86/libandroidx.graphics.path.so because the native debug metadata has already been stripped.
Resolve mutations for :app:validateSigningRelease (Thread[Execution worker,5,main]) started.
:app:validateSigningRelease (Thread[Execution worker,5,main]) started.

> Task :app:validateSigningRelease
Caching disabled for task ':app:validateSigningRelease' because:
  Build cache is disabled
  Caching has been disabled for the task
Task ':app:validateSigningRelease' is not up-to-date because:
  No history is available.
Resolve mutations for :app:extractProguardFiles (Thread[Execution worker,5,main]) started.
:app:extractProguardFiles (Thread[Execution worker,5,main]) started.

> Task :app:parseReleaseIntegrityConfig
Caching disabled for task ':app:parseReleaseIntegrityConfig' because:
  Build cache is disabled
Task ':app:parseReleaseIntegrityConfig' is not up-to-date because:
  No history is available.

> Task :app:extractProguardFiles
Caching disabled for task ':app:extractProguardFiles' because:
  Build cache is disabled
  Fast task
Task ':app:extractProguardFiles' is not up-to-date because:
  No history is available.
Resolve mutations for :app:mergeReleaseNativeDebugMetadata (Thread[Execution worker,5,main]) started.
:app:mergeReleaseNativeDebugMetadata (Thread[Execution worker,5,main]) started.

> Task :app:mergeReleaseNativeDebugMetadata NO-SOURCE
Skipping task ':app:mergeReleaseNativeDebugMetadata' as it has no source files and no previous output files.
Resolve mutations for :app:compressReleaseAssets (Thread[Execution worker,5,main]) started.
:app:compressReleaseAssets (Thread[Execution worker,5,main]) started.

> Task :app:compressReleaseAssets
Caching disabled for task ':app:compressReleaseAssets' because:
  Build cache is disabled
Task ':app:compressReleaseAssets' is not up-to-date because:
  No history is available.
The input changes require a full rebuild for incremental task ':app:compressReleaseAssets'.
Resolve mutations for :app:optimizeReleaseResources (Thread[Execution worker,5,main]) started.
:app:optimizeReleaseResources (Thread[Execution worker,5,main]) started.
Resolve mutations for :app:sdkReleaseDependencyData (Thread[Execution worker Thread 2,5,main]) started.
:app:sdkReleaseDependencyData (Thread[Execution worker Thread 2,5,main]) started.

> Task :app:sdkReleaseDependencyData
Caching disabled for task ':app:sdkReleaseDependencyData' because:
  Build cache is disabled
  Caching has been disabled for the task
Task ':app:sdkReleaseDependencyData' is not up-to-date because:
  No history is available.

> Task :app:optimizeReleaseResources
Custom actions are attached to task ':app:optimizeReleaseResources'.
Caching disabled for task ':app:optimizeReleaseResources' because:
  Build cache is disabled
Task ':app:optimizeReleaseResources' is not up-to-date because:
  No history is available.
Resolve mutations for :app:writeReleaseSigningConfigVersions (Thread[Execution worker,5,main]) started.
:app:writeReleaseSigningConfigVersions (Thread[Execution worker,5,main]) started.

> Task :app:writeReleaseSigningConfigVersions
Caching disabled for task ':app:writeReleaseSigningConfigVersions' because:
  Build cache is disabled
  Caching has been disabled for the task
Task ':app:writeReleaseSigningConfigVersions' is not up-to-date because:
  No history is available.

> Task :app:kspReleaseKotlin
i: starting the daemon as: /usr/lib/jvm/temurin-17-jdk-amd64/bin/java -cp /home/runner/.gradle/caches/modules-2/files-2.1/org.jetbrains.kotlin/kotlin-compiler-embeddable/2.1.10/ee3e5c806617c52ce167bdf96933efef9593853e/kotlin-compiler-embeddable-2.1.10.jar:/home/runner/.gradle/caches/modules-2/files-2.1/org.jetbrains.kotlin/kotlin-stdlib/2.1.10/d3028429e7151d7a7c1a0d63a4f60eac86a87b91/kotlin-stdlib-2.1.10.jar:/home/runner/.gradle/caches/modules-2/files-2.1/org.jetbrains.kotlin/kotlin-script-runtime/2.1.10/70000e6ef453308e55d42ea4ace5b8c32325ce75/kotlin-script-runtime-2.1.10.jar:/home/runner/.gradle/caches/modules-2/files-2.1/org.jetbrains.kotlin/kotlin-reflect/1.6.10/1cbe9c92c12a94eea200d23c2bbaedaf3daf5132/kotlin-reflect-1.6.10.jar:/home/runner/.gradle/caches/modules-2/files-2.1/org.jetbrains.kotlin/kotlin-daemon-embeddable/2.1.10/58b88d47cdc057f09a8ea603ece5fd1993c7cb64/kotlin-daemon-embeddable-2.1.10.jar:/home/runner/.gradle/caches/modules-2/files-2.1/org.jetbrains.intellij.deps/trove4j/1.0.20200330/3afb14d5f9ceb459d724e907a21145e8ff394f02/trove4j-1.0.20200330.jar:/home/runner/.gradle/caches/modules-2/files-2.1/org.jetbrains.kotlinx/kotlinx-coroutines-core-jvm/1.6.4/2c997cd1c0ef33f3e751d3831929aeff1390cb30/kotlinx-coroutines-core-jvm-1.6.4.jar:/home/runner/.gradle/caches/modules-2/files-2.1/org.jetbrains/annotations/13.0/919f0dfe192fb4e063e7dacadee7f8bb9a2672a9/annotations-13.0.jar -Djava.awt.headless=true -Djava.rmi.server.hostname=127.0.0.1 -Xmx2048m -XX:ReservedCodeCacheSize=320m -Dkotlin.environment.keepalive -ea -XX:+UseCodeCacheFlushing -XX:+UseParallelGC -Dkotlin.daemon.initiator.marker.file=/tmp/kotlin-compiler-in-eltlow-13491611770520390627.alive --add-exports java.base/sun.nio.ch=ALL-UNNAMED org.jetbrains.kotlin.daemon.KotlinCompileDaemon --daemon-runFilesPath /home/runner/.kotlin/daemon --daemon-autoshutdownIdleSeconds=7200 --daemon-compilerClasspath /home/runner/.gradle/caches/modules-2/files-2.1/org.jetbrains.kotlin/kotlin-compiler-embeddable/2.1.10/ee3e5c806617c52ce167bdf96933efef9593853e/kotlin-compiler-embeddable-2.1.10.jar:/home/runner/.gradle/caches/modules-2/files-2.1/org.jetbrains.kotlin/kotlin-stdlib/2.1.10/d3028429e7151d7a7c1a0d63a4f60eac86a87b91/kotlin-stdlib-2.1.10.jar:/home/runner/.gradle/caches/modules-2/files-2.1/org.jetbrains.kotlin/kotlin-script-runtime/2.1.10/70000e6ef453308e55d42ea4ace5b8c32325ce75/kotlin-script-runtime-2.1.10.jar:/home/runner/.gradle/caches/modules-2/files-2.1/org.jetbrains.kotlin/kotlin-reflect/1.6.10/1cbe9c92c12a94eea200d23c2bbaedaf3daf5132/kotlin-reflect-1.6.10.jar:/home/runner/.gradle/caches/modules-2/files-2.1/org.jetbrains.kotlin/kotlin-daemon-embeddable/2.1.10/58b88d47cdc057f09a8ea603ece5fd1993c7cb64/kotlin-daemon-embeddable-2.1.10.jar:/home/runner/.gradle/caches/modules-2/files-2.1/org.jetbrains.intellij.deps/trove4j/1.0.20200330/3afb14d5f9ceb459d724e907a21145e8ff394f02/trove4j-1.0.20200330.jar:/home/runner/.gradle/caches/modules-2/files-2.1/org.jetbrains.kotlinx/kotlinx-coroutines-core-jvm/1.6.4/2c997cd1c0ef33f3e751d3831929aeff1390cb30/kotlinx-coroutines-core-jvm-1.6.4.jar:/home/runner/.gradle/caches/modules-2/files-2.1/org.jetbrains/annotations/13.0/919f0dfe192fb4e063e7dacadee7f8bb9a2672a9/annotations-13.0.jar
i: #1 retrying connecting to the daemon 
i: [ksp] loaded provider(s): [androidx.room.RoomKspProcessor$Provider]
Finished executing kotlin compiler using DAEMON strategy
Resolve mutations for :app:compileReleaseKotlin (Thread[Execution worker Thread 3,5,main]) started.
:app:compileReleaseKotlin (Thread[Execution worker Thread 3,5,main]) started.

> Task :app:compileReleaseKotlin
Transforming R.jar with BuildToolsApiClasspathEntrySnapshotTransform
Transforming navigation-common-2.8.8-api.jar with BuildToolsApiClasspathEntrySnapshotTransform
Transforming navigation-runtime-2.8.8-api.jar with BuildToolsApiClasspathEntrySnapshotTransform
Transforming navigation-common-ktx-2.8.8-api.jar with BuildToolsApiClasspathEntrySnapshotTransform
Transforming navigation-runtime-ktx-2.8.8-api.jar with BuildToolsApiClasspathEntrySnapshotTransform
Transforming navigation-compose-2.8.8-api.jar with BuildToolsApiClasspathEntrySnapshotTransform
Transforming activity-1.10.1-api.jar with BuildToolsApiClasspathEntrySnapshotTransform
Transforming activity-ktx-1.10.1-api.jar with BuildToolsApiClasspathEntrySnapshotTransform
Transforming activity-compose-1.10.1-api.jar with BuildToolsApiClasspathEntrySnapshotTransform
Transforming material3-release-api.jar with BuildToolsApiClasspathEntrySnapshotTransform
Transforming coil-compose-2.7.0-api.jar with BuildToolsApiClasspathEntrySnapshotTransform
Transforming coil-compose-base-2.7.0-api.jar with BuildToolsApiClasspathEntrySnapshotTransform
Transforming foundation-layout-release-api.jar with BuildToolsApiClasspathEntrySnapshotTransform
Transforming material-ripple-release-api.jar with BuildToolsApiClasspathEntrySnapshotTransform
Transforming foundation-release-api.jar with BuildToolsApiClasspathEntrySnapshotTransform
Transforming animation-core-release-api.jar with BuildToolsApiClasspathEntrySnapshotTransform
Transforming animation-release-api.jar with BuildToolsApiClasspathEntrySnapshotTransform
Transforming ui-util-release-api.jar with BuildToolsApiClasspathEntrySnapshotTransform
Transforming ui-unit-release-api.jar with BuildToolsApiClasspathEntrySnapshotTransform
Transforming ui-text-release-api.jar with BuildToolsApiClasspathEntrySnapshotTransform
Transforming ui-geometry-release-api.jar with BuildToolsApiClasspathEntrySnapshotTransform
Transforming ui-tooling-preview-release-api.jar with BuildToolsApiClasspathEntrySnapshotTransform
Transforming ui-graphics-release-api.jar with BuildToolsApiClasspathEntrySnapshotTransform
Transforming material-icons-extended-release-api.jar with BuildToolsApiClasspathEntrySnapshotTransform
Transforming material-icons-core-release-api.jar with BuildToolsApiClasspathEntrySnapshotTransform
Transforming ui-release-api.jar with BuildToolsApiClasspathEntrySnapshotTransform
Transforming core-1.15.0-api.jar with BuildToolsApiClasspathEntrySnapshotTransform
Transforming coil-2.7.0-api.jar with BuildToolsApiClasspathEntrySnapshotTransform
Transforming coil-base-2.7.0-api.jar with BuildToolsApiClasspathEntrySnapshotTransform
Transforming lifecycle-livedata-core-2.8.7-api.jar with BuildToolsApiClasspathEntrySnapshotTransform
Transforming lifecycle-common-jvm-2.8.7.jar with BuildToolsApiClasspathEntrySnapshotTransform
Transforming lifecycle-runtime-release-api.jar with BuildToolsApiClasspathEntrySnapshotTransform
Transforming lifecycle-viewmodel-release-api.jar with BuildToolsApiClasspathEntrySnapshotTransform
Transforming lifecycle-viewmodel-ktx-2.8.7-api.jar with BuildToolsApiClasspathEntrySnapshotTransform
Transforming lifecycle-runtime-compose-release-api.jar with BuildToolsApiClasspathEntrySnapshotTransform
Transforming lifecycle-runtime-ktx-release-api.jar with BuildToolsApiClasspathEntrySnapshotTransform
Transforming lifecycle-viewmodel-compose-release-api.jar with BuildToolsApiClasspathEntrySnapshotTransform
Transforming lifecycle-viewmodel-savedstate-2.8.7-api.jar with BuildToolsApiClasspathEntrySnapshotTransform
Transforming core-ktx-1.15.0-api.jar with BuildToolsApiClasspathEntrySnapshotTransform
Transforming room-common-2.6.1.jar with BuildToolsApiClasspathEntrySnapshotTransform
Transforming room-runtime-2.6.1-api.jar with BuildToolsApiClasspathEntrySnapshotTransform
Transforming room-ktx-2.6.1-api.jar with BuildToolsApiClasspathEntrySnapshotTransform
Transforming runtime-saveable-release-api.jar with BuildToolsApiClasspathEntrySnapshotTransform
Transforming runtime-release-api.jar with BuildToolsApiClasspathEntrySnapshotTransform
Transforming kotlinx-coroutines-core-jvm-1.10.1.jar with BuildToolsApiClasspathEntrySnapshotTransform
Transforming kotlinx-coroutines-android-1.10.1.jar with BuildToolsApiClasspathEntrySnapshotTransform
Transforming kotlinx-serialization-core-jvm-1.8.0.jar with BuildToolsApiClasspathEntrySnapshotTransform
Transforming kotlinx-serialization-json-jvm-1.8.0.jar with BuildToolsApiClasspathEntrySnapshotTransform
Transforming sqlite-framework-2.4.0-api.jar with BuildToolsApiClasspathEntrySnapshotTransform
Transforming sqlite-2.4.0-api.jar with BuildToolsApiClasspathEntrySnapshotTransform
Transforming versionedparcelable-1.1.1-api.jar with BuildToolsApiClasspathEntrySnapshotTransform
Transforming savedstate-ktx-1.2.1-api.jar with BuildToolsApiClasspathEntrySnapshotTransform
Transforming savedstate-1.2.1-api.jar with BuildToolsApiClasspathEntrySnapshotTransform
Transforming core-common-2.2.0.jar with BuildToolsApiClasspathEntrySnapshotTransform
Transforming collection-jvm-1.4.4.jar with BuildToolsApiClasspathEntrySnapshotTransform
Transforming annotation-jvm-1.8.1.jar with BuildToolsApiClasspathEntrySnapshotTransform
Transforming annotation-experimental-1.4.1-api.jar with BuildToolsApiClasspathEntrySnapshotTransform
Transforming okhttp-4.12.0.jar with BuildToolsApiClasspathEntrySnapshotTransform
Transforming kotlin-stdlib-jdk8-1.9.0.jar with BuildToolsApiClasspathEntrySnapshotTransform
Transforming core-viewtree-1.0.0-api.jar with BuildToolsApiClasspathEntrySnapshotTransform
Transforming kotlin-stdlib-jdk7-1.9.0.jar with BuildToolsApiClasspathEntrySnapshotTransform
Transforming okio-jvm-3.9.0.jar with BuildToolsApiClasspathEntrySnapshotTransform
Transforming kotlin-stdlib-2.1.10.jar with BuildToolsApiClasspathEntrySnapshotTransform
Transforming annotations-23.0.0.jar with BuildToolsApiClasspathEntrySnapshotTransform
Transforming android.jar with BuildToolsApiClasspathEntrySnapshotTransform
Transforming core-lambda-stubs.jar with BuildToolsApiClasspathEntrySnapshotTransform
Caching disabled for task ':app:compileReleaseKotlin' because:
  Build cache is disabled
Task ':app:compileReleaseKotlin' is not up-to-date because:
  No history is available.
The input changes require a full rebuild for incremental task ':app:compileReleaseKotlin'.
file or directory '/home/runner/work/beltflow/beltflow/app/src/release/kotlin', not found
file or directory '/home/runner/work/beltflow/beltflow/app/src/release/java', not found
file or directory '/home/runner/work/beltflow/beltflow/app/src/release/kotlin', not found
file or directory '/home/runner/work/beltflow/beltflow/app/src/release/kotlin', not found
file or directory '/home/runner/work/beltflow/beltflow/app/src/release/java', not found
file or directory '/home/runner/work/beltflow/beltflow/app/src/main/kotlin', not found
file or directory '/home/runner/work/beltflow/beltflow/app/src/main/kotlin', not found
file or directory '/home/runner/work/beltflow/beltflow/app/src/main/kotlin', not found
file or directory '/home/runner/work/beltflow/beltflow/app/src/release/java', not found
file or directory '/home/runner/work/beltflow/beltflow/app/src/release/kotlin', not found
file or directory '/home/runner/work/beltflow/beltflow/app/src/release/java', not found
file or directory '/home/runner/work/beltflow/beltflow/app/src/release/kotlin', not found
file or directory '/home/runner/work/beltflow/beltflow/app/src/release/kotlin', not found
file or directory '/home/runner/work/beltflow/beltflow/app/src/release/java', not found
file or directory '/home/runner/work/beltflow/beltflow/app/src/main/kotlin', not found
file or directory '/home/runner/work/beltflow/beltflow/app/src/release/kotlin', not found
file or directory '/home/runner/work/beltflow/beltflow/app/src/release/java', not found
file or directory '/home/runner/work/beltflow/beltflow/app/src/release/kotlin', not found
file or directory '/home/runner/work/beltflow/beltflow/app/src/release/kotlin', not found
file or directory '/home/runner/work/beltflow/beltflow/app/src/release/java', not found
file or directory '/home/runner/work/beltflow/beltflow/app/src/main/kotlin', not found
file or directory '/home/runner/work/beltflow/beltflow/app/src/main/kotlin', not found
file or directory '/home/runner/work/beltflow/beltflow/app/src/main/kotlin', not found
file or directory '/home/runner/work/beltflow/beltflow/app/src/release/java', not found
file or directory '/home/runner/work/beltflow/beltflow/app/src/release/kotlin', not found
file or directory '/home/runner/work/beltflow/beltflow/app/src/release/java', not found
file or directory '/home/runner/work/beltflow/beltflow/app/src/release/kotlin', not found
file or directory '/home/runner/work/beltflow/beltflow/app/src/release/kotlin', not found
file or directory '/home/runner/work/beltflow/beltflow/app/src/release/java', not found
file or directory '/home/runner/work/beltflow/beltflow/app/src/main/kotlin', not found
file or directory '/home/runner/work/beltflow/beltflow/app/src/main/kotlin', not found
file or directory '/home/runner/work/beltflow/beltflow/app/src/main/kotlin', not found
file or directory '/home/runner/work/beltflow/beltflow/app/src/release/java', not found
file or directory '/home/runner/work/beltflow/beltflow/app/src/release/kotlin', not found
file or directory '/home/runner/work/beltflow/beltflow/app/src/release/java', not found
file or directory '/home/runner/work/beltflow/beltflow/app/src/release/kotlin', not found
file or directory '/home/runner/work/beltflow/beltflow/app/src/release/kotlin', not found
file or directory '/home/runner/work/beltflow/beltflow/app/src/release/java', not found
file or directory '/home/runner/work/beltflow/beltflow/app/src/main/kotlin', not found
file or directory '/home/runner/work/beltflow/beltflow/app/src/main/kotlin', not found
file or directory '/home/runner/work/beltflow/beltflow/app/src/main/kotlin', not found
file or directory '/home/runner/work/beltflow/beltflow/app/src/release/java', not found
Kotlin source files: /home/runner/work/beltflow/beltflow/app/src/main/java/com/example/beltflow/data/repository/BeltFlowRepository.kt, /home/runner/work/beltflow/beltflow/app/src/main/java/com/example/beltflow/data/local/BeltFlowDao.kt, /home/runner/work/beltflow/beltflow/app/src/main/java/com/example/beltflow/data/local/Entities.kt, /home/runner/work/beltflow/beltflow/app/src/main/java/com/example/beltflow/data/local/BeltFlowDatabase.kt, /home/runner/work/beltflow/beltflow/app/src/main/java/com/example/beltflow/data/model/Enums.kt, /home/runner/work/beltflow/beltflow/app/src/main/java/com/example/beltflow/data/model/DomainModels.kt, /home/runner/work/beltflow/beltflow/app/src/main/java/com/example/beltflow/data/rbac/Permissions.kt, /home/runner/work/beltflow/beltflow/app/src/main/java/com/example/beltflow/data/rbac/AuthorizationManager.kt, /home/runner/work/beltflow/beltflow/app/src/main/java/com/example/beltflow/data/security/SecurityUtils.kt, /home/runner/work/beltflow/beltflow/app/src/main/java/com/example/beltflow/ui/navigation/Screen.kt, /home/runner/work/beltflow/beltflow/app/src/main/java/com/example/beltflow/ui/screens/VerifyCertScreen.kt, /home/runner/work/beltflow/beltflow/app/src/main/java/com/example/beltflow/ui/screens/AdminDashboardScreen.kt, /home/runner/work/beltflow/beltflow/app/src/main/java/com/example/beltflow/ui/screens/ParentPortalScreen.kt, /home/runner/work/beltflow/beltflow/app/src/main/java/com/example/beltflow/ui/screens/StudentsListScreen.kt, /home/runner/work/beltflow/beltflow/app/src/main/java/com/example/beltflow/ui/screens/BillingScreen.kt, /home/runner/work/beltflow/beltflow/app/src/main/java/com/example/beltflow/ui/screens/AttendanceScreen.kt, /home/runner/work/beltflow/beltflow/app/src/main/java/com/example/beltflow/ui/screens/CoachPortalScreen.kt, /home/runner/work/beltflow/beltflow/app/src/main/java/com/example/beltflow/ui/screens/StudentPortalScreen.kt, /home/runner/work/beltflow/beltflow/app/src/main/java/com/example/beltflow/ui/screens/StudentDetailScreen.kt, /home/runner/work/beltflow/beltflow/app/src/main/java/com/example/beltflow/ui/screens/CertificatesScreen.kt, /home/runner/work/beltflow/beltflow/app/src/main/java/com/example/beltflow/ui/screens/MasterPortalScreen.kt, /home/runner/work/beltflow/beltflow/app/src/main/java/com/example/beltflow/ui/screens/AuthScreen.kt, /home/runner/work/beltflow/beltflow/app/src/main/java/com/example/beltflow/ui/screens/SuperAdminDashboardScreen.kt, /home/runner/work/beltflow/beltflow/app/src/main/java/com/example/beltflow/ui/screens/GradingScreen.kt, /home/runner/work/beltflow/beltflow/app/src/main/java/com/example/beltflow/ui/screens/TournamentsScreen.kt, /home/runner/work/beltflow/beltflow/app/src/main/java/com/example/beltflow/ui/screens/CurriculumScreen.kt, /home/runner/work/beltflow/beltflow/app/src/main/java/com/example/beltflow/ui/screens/SettingsScreen.kt, /home/runner/work/beltflow/beltflow/app/src/main/java/com/example/beltflow/ui/theme/Type.kt, /home/runner/work/beltflow/beltflow/app/src/main/java/com/example/beltflow/ui/theme/Color.kt, /home/runner/work/beltflow/beltflow/app/src/main/java/com/example/beltflow/ui/theme/Theme.kt, /home/runner/work/beltflow/beltflow/app/src/main/java/com/example/beltflow/ui/viewmodels/BeltFlowViewModel.kt, /home/runner/work/beltflow/beltflow/app/src/main/java/com/example/beltflow/ui/components/BlueprintComponents.kt, /home/runner/work/beltflow/beltflow/app/src/main/java/com/example/beltflow/ui/components/CommonComponents.kt, /home/runner/work/beltflow/beltflow/app/src/main/java/com/example/beltflow/MainActivity.kt, /home/runner/work/beltflow/beltflow/app/src/main/java/com/example/beltflow/BeltFlowApplication.kt
Java source files: /home/runner/work/beltflow/beltflow/app/build/generated/ksp/release/java/com/example/beltflow/data/local/BeltFlowDatabase_Impl.java, /home/runner/work/beltflow/beltflow/app/build/generated/ksp/release/java/com/example/beltflow/data/local/BeltFlowDao_Impl.java
Script source files: 
Script file extensions: 
Using Kotlin/JVM incremental compilation
[KOTLIN] Kotlin compilation 'jdkHome' argument: null
Options for KOTLIN DAEMON: IncrementalCompilationOptions(super=CompilationOptions(compilerMode=INCREMENTAL_COMPILER, targetPlatform=JVM, reportCategories=[0, 3], reportSeverity=2, requestedCompilationResults=[0], kotlinScriptExtensions=[]), areFileChangesKnown=false, modifiedFiles=null, deletedFiles=null, classpathChanges=NotAvailableForNonIncrementalRun, workingDir=/home/runner/work/beltflow/beltflow/app/build/kotlin/compileReleaseKotlin/cacheable, multiModuleICSettings=MultiModuleICSettings(buildHistoryFile=/home/runner/work/beltflow/beltflow/app/build/kotlin/compileReleaseKotlin/local-state/build-history.bin, useModuleDetection=true), usePreciseJavaTracking=true, icFeatures=IncrementalCompilationFeatures(withAbiSnapshot=false, preciseCompilationResultsBackup=true, keepIncrementalCompilationCachesInMemory=true, enableUnsafeIncrementalCompilationForMultiplatform=false), outputFiles=[/home/runner/work/beltflow/beltflow/app/build/tmp/kotlin-classes/release, /home/runner/work/beltflow/beltflow/app/build/kotlin/compileReleaseKotlin/cacheable, /home/runner/work/beltflow/beltflow/app/build/kotlin/compileReleaseKotlin/local-state])
e: file:///home/runner/work/beltflow/beltflow/app/src/main/java/com/example/beltflow/ui/screens/AuthScreen.kt:364:109 Unresolved reference 'Indigo600'.
Finished executing kotlin compiler using DAEMON strategy

> Task :app:compileReleaseKotlin FAILED
AAPT2 aapt2-8.8.0-12006047-linux Daemon #0: shutdown
AAPT2 aapt2-8.8.0-12006047-linux Daemon #1: shutdown
AAPT2 aapt2-8.8.0-12006047-linux Daemon #2: shutdown
gradle/actions: Writing build results to /home/runner/work/_temp/.gradle-actions/build-results/__run_3-1788853245973.json

FAILURE: Build failed with an exception.

* What went wrong:
Execution failed for task ':app:compileReleaseKotlin'.
> A failure occurred while executing org.jetbrains.kotlin.compilerRunner.GradleCompilerRunnerWithWorkers$GradleKotlinCompilerWorkAction
   > Compilation error. See log for more details

* Try:
> Run with --debug option to get more log output.
> Run with --scan to get full insights.
> Get more help at https://help.gradle.org.

* Exception is:
org.gradle.api.tasks.TaskExecutionException: Execution failed for task ':app:compileReleaseKotlin'.
	at org.gradle.api.internal.tasks.execution.ExecuteActionsTaskExecuter.lambda$executeIfValid$1(ExecuteActionsTaskExecuter.java:130)
	at org.gradle.internal.Try$Failure.ifSuccessfulOrElse(Try.java:293)
	at org.gradle.api.internal.tasks.execution.ExecuteActionsTaskExecuter.executeIfValid(ExecuteActionsTaskExecuter.java:128)
	at org.gradle.api.internal.tasks.execution.ExecuteActionsTaskExecuter.execute(ExecuteActionsTaskExecuter.java:116)
	at org.gradle.api.internal.tasks.execution.FinalizePropertiesTaskExecuter.execute(FinalizePropertiesTaskExecuter.java:46)
	at org.gradle.api.internal.tasks.execution.ResolveTaskExecutionModeExecuter.execute(ResolveTaskExecutionModeExecuter.java:51)
	at org.gradle.api.internal.tasks.execution.SkipTaskWithNoActionsExecuter.execute(SkipTaskWithNoActionsExecuter.java:57)
	at org.gradle.api.internal.tasks.execution.SkipOnlyIfTaskExecuter.execute(SkipOnlyIfTaskExecuter.java:74)
	at org.gradle.api.internal.tasks.execution.CatchExceptionTaskExecuter.execute(CatchExceptionTaskExecuter.java:36)
	at org.gradle.api.internal.tasks.execution.EventFiringTaskExecuter$1.executeTask(EventFiringTaskExecuter.java:77)
	at org.gradle.api.internal.tasks.execution.EventFiringTaskExecuter$1.call(EventFiringTaskExecuter.java:55)
	at org.gradle.api.internal.tasks.execution.EventFiringTaskExecuter$1.call(EventFiringTaskExecuter.java:52)
	at org.gradle.internal.operations.DefaultBuildOperationRunner$CallableBuildOperationWorker.execute(DefaultBuildOperationRunner.java:209)
	at org.gradle.internal.operations.DefaultBuildOperationRunner$CallableBuildOperationWorker.execute(DefaultBuildOperationRunner.java:204)
	at org.gradle.internal.operations.DefaultBuildOperationRunner$2.execute(DefaultBuildOperationRunner.java:66)
	at org.gradle.internal.operations.DefaultBuildOperationRunner$2.execute(DefaultBuildOperationRunner.java:59)
	at org.gradle.internal.operations.DefaultBuildOperationRunner.execute(DefaultBuildOperationRunner.java:166)
	at org.gradle.internal.operations.DefaultBuildOperationRunner.execute(DefaultBuildOperationRunner.java:59)
	at org.gradle.internal.operations.DefaultBuildOperationRunner.call(DefaultBuildOperationRunner.java:53)
	at org.gradle.api.internal.tasks.execution.EventFiringTaskExecuter.execute(EventFiringTaskExecuter.java:52)
	at org.gradle.execution.plan.LocalTaskNodeExecutor.execute(LocalTaskNodeExecutor.java:42)
	at org.gradle.execution.taskgraph.DefaultTaskExecutionGraph$InvokeNodeExecutorsAction.execute(DefaultTaskExecutionGraph.java:331)
	at org.gradle.execution.taskgraph.DefaultTaskExecutionGraph$InvokeNodeExecutorsAction.execute(DefaultTaskExecutionGraph.java:318)
	at org.gradle.execution.taskgraph.DefaultTaskExecutionGraph$BuildOperationAwareExecutionAction.lambda$execute$0(DefaultTaskExecutionGraph.java:314)
	at org.gradle.internal.operations.CurrentBuildOperationRef.with(CurrentBuildOperationRef.java:85)
	at org.gradle.execution.taskgraph.DefaultTaskExecutionGraph$BuildOperationAwareExecutionAction.execute(DefaultTaskExecutionGraph.java:314)
	at org.gradle.execution.taskgraph.DefaultTaskExecutionGraph$BuildOperationAwareExecutionAction.execute(DefaultTaskExecutionGraph.java:303)
	at org.gradle.execution.plan.DefaultPlanExecutor$ExecutorWorker.execute(DefaultPlanExecutor.java:459)
	at org.gradle.execution.plan.DefaultPlanExecutor$ExecutorWorker.run(DefaultPlanExecutor.java:376)
	at org.gradle.internal.concurrent.ExecutorPolicy$CatchAndRecordFailures.onExecute(ExecutorPolicy.java:64)
	at org.gradle.internal.concurrent.AbstractManagedExecutor$1.run(AbstractManagedExecutor.java:48)
Caused by: org.gradle.workers.internal.DefaultWorkerExecutor$WorkExecutionException: A failure occurred while executing org.jetbrains.kotlin.compilerRunner.GradleCompilerRunnerWithWorkers$GradleKotlinCompilerWorkAction
	at org.gradle.workers.internal.DefaultWorkerExecutor$WorkItemExecution.waitForCompletion(DefaultWorkerExecutor.java:287)
	at org.gradle.internal.work.DefaultAsyncWorkTracker.lambda$waitForItemsAndGatherFailures$2(DefaultAsyncWorkTracker.java:130)
	at org.gradle.internal.Factories$1.create(Factories.java:31)
	at org.gradle.internal.work.DefaultWorkerLeaseService.withoutLocks(DefaultWorkerLeaseService.java:335)
	at org.gradle.internal.work.DefaultWorkerLeaseService.withoutLocks(DefaultWorkerLeaseService.java:318)
	at org.gradle.internal.work.DefaultWorkerLeaseService.withoutLock(DefaultWorkerLeaseService.java:323)
	at org.gradle.internal.work.DefaultAsyncWorkTracker.waitForItemsAndGatherFailures(DefaultAsyncWorkTracker.java:126)
	at org.gradle.internal.work.DefaultAsyncWorkTracker.waitForItemsAndGatherFailures(DefaultAsyncWorkTracker.java:92)
	at org.gradle.internal.work.DefaultAsyncWorkTracker.waitForAll(DefaultAsyncWorkTracker.java:78)
	at org.gradle.internal.work.DefaultAsyncWorkTracker.waitForCompletion(DefaultAsyncWorkTracker.java:66)
	at org.gradle.api.internal.tasks.execution.TaskExecution$3.run(TaskExecution.java:252)
	at org.gradle.internal.operations.DefaultBuildOperationRunner$1.execute(DefaultBuildOperationRunner.java:29)
	at org.gradle.internal.operations.DefaultBuildOperationRunner$1.execute(DefaultBuildOperationRunner.java:26)
	at org.gradle.internal.operations.DefaultBuildOperationRunner$2.execute(DefaultBuildOperationRunner.java:66)
	at org.gradle.internal.operations.DefaultBuildOperationRunner$2.execute(DefaultBuildOperationRunner.java:59)
	at org.gradle.internal.operations.DefaultBuildOperationRunner.execute(DefaultBuildOperationRunner.java:166)
	at org.gradle.internal.operations.DefaultBuildOperationRunner.execute(DefaultBuildOperationRunner.java:59)
	at org.gradle.internal.operations.DefaultBuildOperationRunner.run(DefaultBuildOperationRunner.java:47)
	at org.gradle.api.internal.tasks.execution.TaskExecution.executeAction(TaskExecution.java:229)
	at org.gradle.api.internal.tasks.execution.TaskExecution.executeActions(TaskExecution.java:212)
	at org.gradle.api.internal.tasks.execution.TaskExecution.executeWithPreviousOutputFiles(TaskExecution.java:195)
	at org.gradle.api.internal.tasks.execution.TaskExecution.execute(TaskExecution.java:162)
	at org.gradle.internal.execution.steps.ExecuteStep.executeInternal(ExecuteStep.java:105)
	at org.gradle.internal.execution.steps.ExecuteStep.access$000(ExecuteStep.java:44)
	at org.gradle.internal.execution.steps.ExecuteStep$1.call(ExecuteStep.java:59)
	at org.gradle.internal.execution.steps.ExecuteStep$1.call(ExecuteStep.java:56)
	at org.gradle.internal.operations.DefaultBuildOperationRunner$CallableBuildOperationWorker.execute(DefaultBuildOperationRunner.java:209)
	at org.gradle.internal.operations.DefaultBuildOperationRunner$CallableBuildOperationWorker.execute(DefaultBuildOperationRunner.java:204)
	at org.gradle.internal.operations.DefaultBuildOperationRunner$2.execute(DefaultBuildOperationRunner.java:66)
	at org.gradle.internal.operations.DefaultBuildOperationRunner$2.execute(DefaultBuildOperationRunner.java:59)
	at org.gradle.internal.operations.DefaultBuildOperationRunner.execute(DefaultBuildOperationRunner.java:166)
	at org.gradle.internal.operations.DefaultBuildOperationRunner.execute(DefaultBuildOperationRunner.java:59)
	at org.gradle.internal.operations.DefaultBuildOperationRunner.call(DefaultBuildOperationRunner.java:53)
	at org.gradle.internal.execution.steps.ExecuteStep.execute(ExecuteStep.java:56)
	at org.gradle.internal.execution.steps.ExecuteStep.execute(ExecuteStep.java:44)
	at org.gradle.internal.execution.steps.CancelExecutionStep.execute(CancelExecutionStep.java:42)
	at org.gradle.internal.execution.steps.TimeoutStep.executeWithoutTimeout(TimeoutStep.java:75)
	at org.gradle.internal.execution.steps.TimeoutStep.execute(TimeoutStep.java:55)
	at org.gradle.internal.execution.steps.PreCreateOutputParentsStep.execute(PreCreateOutputParentsStep.java:50)
	at org.gradle.internal.execution.steps.PreCreateOutputParentsStep.execute(PreCreateOutputParentsStep.java:28)
	at org.gradle.internal.execution.steps.RemovePreviousOutputsStep.execute(RemovePreviousOutputsStep.java:67)
	at org.gradle.internal.execution.steps.RemovePreviousOutputsStep.execute(RemovePreviousOutputsStep.java:37)
	at org.gradle.internal.execution.steps.BroadcastChangingOutputsStep.execute(BroadcastChangingOutputsStep.java:61)
	at org.gradle.internal.execution.steps.BroadcastChangingOutputsStep.execute(BroadcastChangingOutputsStep.java:26)
	at org.gradle.internal.execution.steps.CaptureOutputsAfterExecutionStep.execute(CaptureOutputsAfterExecutionStep.java:69)
	at org.gradle.internal.execution.steps.CaptureOutputsAfterExecutionStep.execute(CaptureOutputsAfterExecutionStep.java:46)
	at org.gradle.internal.execution.steps.ResolveInputChangesStep.execute(ResolveInputChangesStep.java:40)
	at org.gradle.internal.execution.steps.ResolveInputChangesStep.execute(ResolveInputChangesStep.java:29)
	at org.gradle.internal.execution.steps.BuildCacheStep.executeWithoutCache(BuildCacheStep.java:189)
	at org.gradle.internal.execution.steps.BuildCacheStep.lambda$execute$1(BuildCacheStep.java:75)
	at org.gradle.internal.Either$Right.fold(Either.java:175)
	at org.gradle.internal.execution.caching.CachingState.fold(CachingState.java:62)
	at org.gradle.internal.execution.steps.BuildCacheStep.execute(BuildCacheStep.java:73)
	at org.gradle.internal.execution.steps.BuildCacheStep.execute(BuildCacheStep.java:48)
	at org.gradle.internal.execution.steps.StoreExecutionStateStep.execute(StoreExecutionStateStep.java:46)
	at org.gradle.internal.execution.steps.StoreExecutionStateStep.execute(StoreExecutionStateStep.java:35)
	at org.gradle.internal.execution.steps.SkipUpToDateStep.executeBecause(SkipUpToDateStep.java:75)
	at org.gradle.internal.execution.steps.SkipUpToDateStep.lambda$execute$2(SkipUpToDateStep.java:53)
	at org.gradle.internal.execution.steps.SkipUpToDateStep.execute(SkipUpToDateStep.java:53)
	at org.gradle.internal.execution.steps.SkipUpToDateStep.execute(SkipUpToDateStep.java:35)
	at org.gradle.internal.execution.steps.legacy.MarkSnapshottingInputsFinishedStep.execute(MarkSnapshottingInputsFinishedStep.java:37)
	at org.gradle.internal.execution.steps.legacy.MarkSnapshottingInputsFinishedStep.execute(MarkSnapshottingInputsFinishedStep.java:27)
	at org.gradle.internal.execution.steps.ResolveIncrementalCachingStateStep.executeDelegate(ResolveIncrementalCachingStateStep.java:49)
	at org.gradle.internal.execution.steps.ResolveIncrementalCachingStateStep.executeDelegate(ResolveIncrementalCachingStateStep.java:27)
	at org.gradle.internal.execution.steps.AbstractResolveCachingStateStep.execute(AbstractResolveCachingStateStep.java:71)
	at org.gradle.internal.execution.steps.AbstractResolveCachingStateStep.execute(AbstractResolveCachingStateStep.java:39)
	at org.gradle.internal.execution.steps.ResolveChangesStep.execute(ResolveChangesStep.java:65)
	at org.gradle.internal.execution.steps.ResolveChangesStep.execute(ResolveChangesStep.java:36)
	at org.gradle.internal.execution.steps.ValidateStep.execute(ValidateStep.java:107)
	at org.gradle.internal.execution.steps.ValidateStep.execute(ValidateStep.java:56)
	at org.gradle.internal.execution.steps.AbstractCaptureStateBeforeExecutionStep.execute(AbstractCaptureStateBeforeExecutionStep.java:64)
	at org.gradle.internal.execution.steps.AbstractCaptureStateBeforeExecutionStep.execute(AbstractCaptureStateBeforeExecutionStep.java:43)
	at org.gradle.internal.execution.steps.AbstractSkipEmptyWorkStep.executeWithNonEmptySources(AbstractSkipEmptyWorkStep.java:125)
	at org.gradle.internal.execution.steps.AbstractSkipEmptyWorkStep.execute(AbstractSkipEmptyWorkStep.java:61)
	at org.gradle.internal.execution.steps.AbstractSkipEmptyWorkStep.execute(AbstractSkipEmptyWorkStep.java:36)
	at org.gradle.internal.execution.steps.legacy.MarkSnapshottingInputsStartedStep.execute(MarkSnapshottingInputsStartedStep.java:38)
	at org.gradle.internal.execution.steps.LoadPreviousExecutionStateStep.execute(LoadPreviousExecutionStateStep.java:36)
	at org.gradle.internal.execution.steps.LoadPreviousExecutionStateStep.execute(LoadPreviousExecutionStateStep.java:23)
	at org.gradle.internal.execution.steps.HandleStaleOutputsStep.execute(HandleStaleOutputsStep.java:75)
	at org.gradle.internal.execution.steps.HandleStaleOutputsStep.execute(HandleStaleOutputsStep.java:41)
	at org.gradle.internal.execution.steps.AssignMutableWorkspaceStep.lambda$execute$0(AssignMutableWorkspaceStep.java:35)
	at org.gradle.api.internal.tasks.execution.TaskExecution$4.withWorkspace(TaskExecution.java:289)
	at org.gradle.internal.execution.steps.AssignMutableWorkspaceStep.execute(AssignMutableWorkspaceStep.java:31)
	at org.gradle.internal.execution.steps.AssignMutableWorkspaceStep.execute(AssignMutableWorkspaceStep.java:22)
	at org.gradle.internal.execution.steps.ChoosePipelineStep.execute(ChoosePipelineStep.java:40)
	at org.gradle.internal.execution.steps.ChoosePipelineStep.execute(ChoosePipelineStep.java:23)
	at org.gradle.internal.execution.steps.ExecuteWorkBuildOperationFiringStep.lambda$execute$2(ExecuteWorkBuildOperationFiringStep.java:67)
	at org.gradle.internal.execution.steps.ExecuteWorkBuildOperationFiringStep.execute(ExecuteWorkBuildOperationFiringStep.java:67)
	at org.gradle.internal.execution.steps.ExecuteWorkBuildOperationFiringStep.execute(ExecuteWorkBuildOperationFiringStep.java:39)
	at org.gradle.internal.execution.steps.IdentityCacheStep.execute(IdentityCacheStep.java:46)
	at org.gradle.internal.execution.steps.IdentityCacheStep.execute(IdentityCacheStep.java:34)
	at org.gradle.internal.execution.steps.IdentifyStep.execute(IdentifyStep.java:48)
	at org.gradle.internal.execution.steps.IdentifyStep.execute(IdentifyStep.java:35)
	at org.gradle.internal.execution.impl.DefaultExecutionEngine$1.execute(DefaultExecutionEngine.java:61)
	at org.gradle.api.internal.tasks.execution.ExecuteActionsTaskExecuter.executeIfValid(ExecuteActionsTaskExecuter.java:127)
	at org.gradle.api.internal.tasks.execution.ExecuteActionsTaskExecuter.execute(ExecuteActionsTaskExecuter.java:116)
	at org.gradle.api.internal.tasks.execution.FinalizePropertiesTaskExecuter.execute(FinalizePropertiesTaskExecuter.java:46)
	at org.gradle.api.internal.tasks.execution.ResolveTaskExecutionModeExecuter.execute(ResolveTaskExecutionModeExecuter.java:51)
	at org.gradle.api.internal.tasks.execution.SkipTaskWithNoActionsExecuter.execute(SkipTaskWithNoActionsExecuter.java:57)
	at org.gradle.api.internal.tasks.execution.SkipOnlyIfTaskExecuter.execute(SkipOnlyIfTaskExecuter.java:74)
	at org.gradle.api.internal.tasks.execution.CatchExceptionTaskExecuter.execute(CatchExceptionTaskExecuter.java:36)
	at org.gradle.api.internal.tasks.execution.EventFiringTaskExecuter$1.executeTask(EventFiringTaskExecuter.java:77)
	at org.gradle.api.internal.tasks.execution.EventFiringTaskExecuter$1.call(EventFiringTaskExecuter.java:55)
	at org.gradle.api.internal.tasks.execution.EventFiringTaskExecuter$1.call(EventFiringTaskExecuter.java:52)
	at org.gradle.internal.operations.DefaultBuildOperationRunner$CallableBuildOperationWorker.execute(DefaultBuildOperationRunner.java:209)
	at org.gradle.internal.operations.DefaultBuildOperationRunner$CallableBuildOperationWorker.execute(DefaultBuildOperationRunner.java:204)
	at org.gradle.internal.operations.DefaultBuildOperationRunner$2.execute(DefaultBuildOperationRunner.java:66)
	at org.gradle.internal.operations.DefaultBuildOperationRunner$2.execute(DefaultBuildOperationRunner.java:59)
	at org.gradle.internal.operations.DefaultBuildOperationRunner.execute(DefaultBuildOperationRunner.java:166)
	at org.gradle.internal.operations.DefaultBuildOperationRunner.execute(DefaultBuildOperationRunner.java:59)
	at org.gradle.internal.operations.DefaultBuildOperationRunner.call(DefaultBuildOperationRunner.java:53)
	at org.gradle.api.internal.tasks.execution.EventFiringTaskExecuter.execute(EventFiringTaskExecuter.java:52)
	at org.gradle.execution.plan.LocalTaskNodeExecutor.execute(LocalTaskNodeExecutor.java:42)
	at org.gradle.execution.taskgraph.DefaultTaskExecutionGraph$InvokeNodeExecutorsAction.execute(DefaultTaskExecutionGraph.java:331)
	at org.gradle.execution.taskgraph.DefaultTaskExecutionGraph$InvokeNodeExecutorsAction.execute(DefaultTaskExecutionGraph.java:318)
	at org.gradle.execution.taskgraph.DefaultTaskExecutionGraph$BuildOperationAwareExecutionAction.lambda$execute$0(DefaultTaskExecutionGraph.java:314)
	at org.gradle.internal.operations.CurrentBuildOperationRef.with(CurrentBuildOperationRef.java:85)
	at org.gradle.execution.taskgraph.DefaultTaskExecutionGraph$BuildOperationAwareExecutionAction.execute(DefaultTaskExecutionGraph.java:314)
	at org.gradle.execution.taskgraph.DefaultTaskExecutionGraph$BuildOperationAwareExecutionAction.execute(DefaultTaskExecutionGraph.java:303)
	at org.gradle.execution.plan.DefaultPlanExecutor$ExecutorWorker.execute(DefaultPlanExecutor.java:459)
	at org.gradle.execution.plan.DefaultPlanExecutor$ExecutorWorker.run(DefaultPlanExecutor.java:376)
	at org.gradle.internal.concurrent.ExecutorPolicy$CatchAndRecordFailures.onExecute(ExecutorPolicy.java:64)
	at org.gradle.internal.concurrent.AbstractManagedExecutor$1.run(AbstractManagedExecutor.java:48)
Caused by: org.jetbrains.kotlin.gradle.tasks.CompilationErrorException: Compilation error. See log for more details
	at org.jetbrains.kotlin.gradle.tasks.TasksUtilsKt.throwExceptionIfCompilationFailed(tasksUtils.kt:21)
	at org.jetbrains.kotlin.compilerRunner.GradleKotlinCompilerWork.run(GradleKotlinCompilerWork.kt:119)
	at org.jetbrains.kotlin.compilerRunner.GradleCompilerRunnerWithWorkers$GradleKotlinCompilerWorkAction.execute(GradleCompilerRunnerWithWorkers.kt:76)
	at org.gradle.workers.internal.DefaultWorkerServer.execute(DefaultWorkerServer.java:63)
	at org.gradle.workers.internal.NoIsolationWorkerFactory$1$1.create(NoIsolationWorkerFactory.java:66)
	at org.gradle.workers.internal.NoIsolationWorkerFactory$1$1.create(NoIsolationWorkerFactory.java:62)
	at org.gradle.internal.classloader.ClassLoaderUtils.executeInClassloader(ClassLoaderUtils.java:100)
	at org.gradle.workers.internal.NoIsolationWorkerFactory$1.lambda$execute$0(NoIsolationWorkerFactory.java:62)
	at org.gradle.workers.internal.AbstractWorker$1.call(AbstractWorker.java:44)
	at org.gradle.workers.internal.AbstractWorker$1.call(AbstractWorker.java:41)
	at org.gradle.internal.operations.DefaultBuildOperationRunner$CallableBuildOperationWorker.execute(DefaultBuildOperationRunner.java:209)
	at org.gradle.internal.operations.DefaultBuildOperationRunner$CallableBuildOperationWorker.execute(DefaultBuildOperationRunner.java:204)
	at org.gradle.internal.operations.DefaultBuildOperationRunner$2.execute(DefaultBuildOperationRunner.java:66)
	at org.gradle.internal.operations.DefaultBuildOperationRunner$2.execute(DefaultBuildOperationRunner.java:59)
	at org.gradle.internal.operations.DefaultBuildOperationRunner.execute(DefaultBuildOperationRunner.java:166)
	at org.gradle.internal.operations.DefaultBuildOperationRunner.execute(DefaultBuildOperationRunner.java:59)
	at org.gradle.internal.operations.DefaultBuildOperationRunner.call(DefaultBuildOperationRunner.java:53)
	at org.gradle.workers.internal.AbstractWorker.executeWrappedInBuildOperation(AbstractWorker.java:41)
	at org.gradle.workers.internal.NoIsolationWorkerFactory$1.execute(NoIsolationWorkerFactory.java:59)
	at org.gradle.workers.internal.DefaultWorkerExecutor.lambda$submitWork$0(DefaultWorkerExecutor.java:174)
	at org.gradle.internal.work.DefaultConditionalExecutionQueue$ExecutionRunner.runExecution(DefaultConditionalExecutionQueue.java:194)
	at org.gradle.internal.work.DefaultConditionalExecutionQueue$ExecutionRunner.access$700(DefaultConditionalExecutionQueue.java:127)
	at org.gradle.internal.work.DefaultConditionalExecutionQueue$ExecutionRunner$1.run(DefaultConditionalExecutionQueue.java:169)
	at org.gradle.internal.Factories$1.create(Factories.java:31)
	at org.gradle.internal.work.DefaultWorkerLeaseService.withLocks(DefaultWorkerLeaseService.java:263)
	at org.gradle.internal.work.DefaultWorkerLeaseService.runAsWorkerThread(DefaultWorkerLeaseService.java:127)
	at org.gradle.internal.work.DefaultWorkerLeaseService.runAsWorkerThread(DefaultWorkerLeaseService.java:132)
	at org.gradle.internal.work.DefaultConditionalExecutionQueue$ExecutionRunner.runBatch(DefaultConditionalExecutionQueue.java:164)
	at org.gradle.internal.work.DefaultConditionalExecutionQueue$ExecutionRunner.run(DefaultConditionalExecutionQueue.java:133)
	... 2 more


BUILD FAILED in 35s
41 actionable tasks: 41 executed
